Archive member included to satisfy reference by file (symbol)

c:/st/stm32cubeide_1.4.0/stm32cubeide/plugins/com.st.stm32cube.ide.mcu.externaltools.gnu-tools-for-stm32.9-2020-q2-update.win32_1.5.0.202011040924/tools/bin/../lib/gcc/arm-none-eabi/9.3.1/../../../../arm-none-eabi/lib/thumb/v7e-m+dp/hard\libc_nano.a(lib_a-errno.o)
                              Core/Src/syscalls.o (__errno)
c:/st/stm32cubeide_1.4.0/stm32cubeide/plugins/com.st.stm32cube.ide.mcu.externaltools.gnu-tools-for-stm32.9-2020-q2-update.win32_1.5.0.202011040924/tools/bin/../lib/gcc/arm-none-eabi/9.3.1/../../../../arm-none-eabi/lib/thumb/v7e-m+dp/hard\libc_nano.a(lib_a-exit.o)
                              c:/st/stm32cubeide_1.4.0/stm32cubeide/plugins/com.st.stm32cube.ide.mcu.externaltools.gnu-tools-for-stm32.9-2020-q2-update.win32_1.5.0.202011040924/tools/bin/../lib/gcc/arm-none-eabi/9.3.1/../../../../arm-none-eabi/lib/thumb/v7e-m+dp/hard/crt0.o (exit)
c:/st/stm32cubeide_1.4.0/stm32cubeide/plugins/com.st.stm32cube.ide.mcu.externaltools.gnu-tools-for-stm32.9-2020-q2-update.win32_1.5.0.202011040924/tools/bin/../lib/gcc/arm-none-eabi/9.3.1/../../../../arm-none-eabi/lib/thumb/v7e-m+dp/hard\libc_nano.a(lib_a-impure.o)
                              c:/st/stm32cubeide_1.4.0/stm32cubeide/plugins/com.st.stm32cube.ide.mcu.externaltools.gnu-tools-for-stm32.9-2020-q2-update.win32_1.5.0.202011040924/tools/bin/../lib/gcc/arm-none-eabi/9.3.1/../../../../arm-none-eabi/lib/thumb/v7e-m+dp/hard\libc_nano.a(lib_a-exit.o) (_global_impure_ptr)
c:/st/stm32cubeide_1.4.0/stm32cubeide/plugins/com.st.stm32cube.ide.mcu.externaltools.gnu-tools-for-stm32.9-2020-q2-update.win32_1.5.0.202011040924/tools/bin/../lib/gcc/arm-none-eabi/9.3.1/../../../../arm-none-eabi/lib/thumb/v7e-m+dp/hard\libc_nano.a(lib_a-init.o)
                              c:/st/stm32cubeide_1.4.0/stm32cubeide/plugins/com.st.stm32cube.ide.mcu.externaltools.gnu-tools-for-stm32.9-2020-q2-update.win32_1.5.0.202011040924/tools/bin/../lib/gcc/arm-none-eabi/9.3.1/../../../../arm-none-eabi/lib/thumb/v7e-m+dp/hard/crt0.o (__libc_init_array)
c:/st/stm32cubeide_1.4.0/stm32cubeide/plugins/com.st.stm32cube.ide.mcu.externaltools.gnu-tools-for-stm32.9-2020-q2-update.win32_1.5.0.202011040924/tools/bin/../lib/gcc/arm-none-eabi/9.3.1/../../../../arm-none-eabi/lib/thumb/v7e-m+dp/hard\libc_nano.a(lib_a-memcpy-stub.o)
                              Core/Src/gbmemory.o (memcpy)
c:/st/stm32cubeide_1.4.0/stm32cubeide/plugins/com.st.stm32cube.ide.mcu.externaltools.gnu-tools-for-stm32.9-2020-q2-update.win32_1.5.0.202011040924/tools/bin/../lib/gcc/arm-none-eabi/9.3.1/../../../../arm-none-eabi/lib/thumb/v7e-m+dp/hard\libc_nano.a(lib_a-memset.o)
                              c:/st/stm32cubeide_1.4.0/stm32cubeide/plugins/com.st.stm32cube.ide.mcu.externaltools.gnu-tools-for-stm32.9-2020-q2-update.win32_1.5.0.202011040924/tools/bin/../lib/gcc/arm-none-eabi/9.3.1/../../../../arm-none-eabi/lib/thumb/v7e-m+dp/hard/crt0.o (memset)
c:/st/stm32cubeide_1.4.0/stm32cubeide/plugins/com.st.stm32cube.ide.mcu.externaltools.gnu-tools-for-stm32.9-2020-q2-update.win32_1.5.0.202011040924/tools/bin/../lib/gcc/arm-none-eabi/9.3.1/../../../../arm-none-eabi/lib/thumb/v7e-m+dp/hard\libc_nano.a(lib_a-sprintf.o)
                              Core/Src/gbmemory.o (sprintf)
c:/st/stm32cubeide_1.4.0/stm32cubeide/plugins/com.st.stm32cube.ide.mcu.externaltools.gnu-tools-for-stm32.9-2020-q2-update.win32_1.5.0.202011040924/tools/bin/../lib/gcc/arm-none-eabi/9.3.1/../../../../arm-none-eabi/lib/thumb/v7e-m+dp/hard\libc_nano.a(lib_a-nano-svfprintf.o)
                              c:/st/stm32cubeide_1.4.0/stm32cubeide/plugins/com.st.stm32cube.ide.mcu.externaltools.gnu-tools-for-stm32.9-2020-q2-update.win32_1.5.0.202011040924/tools/bin/../lib/gcc/arm-none-eabi/9.3.1/../../../../arm-none-eabi/lib/thumb/v7e-m+dp/hard\libc_nano.a(lib_a-sprintf.o) (_svfprintf_r)
c:/st/stm32cubeide_1.4.0/stm32cubeide/plugins/com.st.stm32cube.ide.mcu.externaltools.gnu-tools-for-stm32.9-2020-q2-update.win32_1.5.0.202011040924/tools/bin/../lib/gcc/arm-none-eabi/9.3.1/../../../../arm-none-eabi/lib/thumb/v7e-m+dp/hard\libc_nano.a(lib_a-nano-vfprintf_i.o)
                              c:/st/stm32cubeide_1.4.0/stm32cubeide/plugins/com.st.stm32cube.ide.mcu.externaltools.gnu-tools-for-stm32.9-2020-q2-update.win32_1.5.0.202011040924/tools/bin/../lib/gcc/arm-none-eabi/9.3.1/../../../../arm-none-eabi/lib/thumb/v7e-m+dp/hard\libc_nano.a(lib_a-nano-svfprintf.o) (_printf_i)
c:/st/stm32cubeide_1.4.0/stm32cubeide/plugins/com.st.stm32cube.ide.mcu.externaltools.gnu-tools-for-stm32.9-2020-q2-update.win32_1.5.0.202011040924/tools/bin/../lib/gcc/arm-none-eabi/9.3.1/../../../../arm-none-eabi/lib/thumb/v7e-m+dp/hard\libc_nano.a(lib_a-memchr.o)
[...]
Memory Configuration

Name             Origin             Length             Attributes
RAM              0x0000000024000000 0x0000000000040000 xrw
FLASH            0x0000000008000000 0x0000000000100000 xr
DTCMRAM          0x0000000020000000 0x0000000000020000 xrw
RAM_D2           0x0000000030000000 0x0000000000048000 xrw
RAM_D3           0x0000000038000000 0x0000000000010000 xrw
ITCMRAM          0x0000000000000000 0x0000000000010000 xrw
*default*        0x0000000000000000 0xffffffffffffffff

Linker script and memory map

LOAD c:/st/stm32cubeide_1.4.0/stm32cubeide/plugins/com.st.stm32cube.ide.mcu.externaltools.gnu-tools-for-stm32.9-2020-q2-update.win32_1.5.0.202011040924/tools/bin/../lib/gcc/arm-none-eabi/9.3.1/thumb/v7e-m+dp/hard/crti.o
LOAD c:/st/stm32cubeide_1.4.0/stm32cubeide/plugins/com.st.stm32cube.ide.mcu.externaltools.gnu-tools-for-stm32.9-2020-q2-update.win32_1.5.0.202011040924/tools/bin/../lib/gcc/arm-none-eabi/9.3.1/thumb/v7e-m+dp/hard/crtbegin.o
LOAD c:/st/stm32cubeide_1.4.0/stm32cubeide/plugins/com.st.stm32cube.ide.mcu.externaltools.gnu-tools-for-stm32.9-2020-q2-update.win32_1.5.0.202011040924/tools/bin/../lib/gcc/arm-none-eabi/9.3.1/../../../../arm-none-eabi/lib/thumb/v7e-m+dp/hard/crt0.o
LOAD Common/Src/system_stm32h7xx_dualcore_boot_cm4_cm7.o
LOAD Core/Src/gbcpu.o
LOAD Core/Src/gbfunctions.o
LOAD Core/Src/gbmemory.o
LOAD Core/Src/gbppu.o
LOAD Core/Src/main.o
LOAD Core/Src/stm32h7_display.o
LOAD Core/Src/stm32h7xx_hal_msp.o
LOAD Core/Src/stm32h7xx_it.o
LOAD Core/Src/syscalls.o
LOAD Core/Src/sysmem.o
LOAD Core/Startup/startup_stm32h747xihx.o
LOAD Drivers/BSP/Components/is42s32800j.o
LOAD Drivers/BSP/Components/otm8009a.o
LOAD Drivers/BSP/Components/otm8009a_reg.o
LOAD Drivers/BSP/STM32H747I_DISCO/stm32h747i_discovery.o
LOAD Drivers/BSP/STM32H747I_DISCO/stm32h747i_discovery_bus.o
LOAD Drivers/BSP/STM32H747I_DISCO/stm32h747i_discovery_lcd.o
LOAD Drivers/BSP/STM32H747I_DISCO/stm32h747i_discovery_sdram.o
LOAD Drivers/STM32H7xx_HAL_Driver/stm32h7xx_hal.o
LOAD Drivers/STM32H7xx_HAL_Driver/stm32h7xx_hal_adc.o
LOAD Drivers/STM32H7xx_HAL_Driver/stm32h7xx_hal_adc_ex.o
LOAD Drivers/STM32H7xx_HAL_Driver/stm32h7xx_hal_cortex.o
LOAD Drivers/STM32H7xx_HAL_Driver/stm32h7xx_hal_dma.o
LOAD Drivers/STM32H7xx_HAL_Driver/stm32h7xx_hal_dma2d.o
LOAD Drivers/STM32H7xx_HAL_Driver/stm32h7xx_hal_dma_ex.o
LOAD Drivers/STM32H7xx_HAL_Driver/stm32h7xx_hal_dsi.o
LOAD Drivers/STM32H7xx_HAL_Driver/stm32h7xx_hal_exti.o
LOAD Drivers/STM32H7xx_HAL_Driver/stm32h7xx_hal_flash.o
LOAD Drivers/STM32H7xx_HAL_Driver/stm32h7xx_hal_flash_ex.o
LOAD Drivers/STM32H7xx_HAL_Driver/stm32h7xx_hal_gpio.o
LOAD Drivers/STM32H7xx_HAL_Driver/stm32h7xx_hal_hsem.o
LOAD Drivers/STM32H7xx_HAL_Driver/stm32h7xx_hal_i2c.o
LOAD Drivers/STM32H7xx_HAL_Driver/stm32h7xx_hal_i2c_ex.o
LOAD Drivers/STM32H7xx_HAL_Driver/stm32h7xx_hal_ltdc.o
LOAD Drivers/STM32H7xx_HAL_Driver/stm32h7xx_hal_ltdc_ex.o
LOAD Drivers/STM32H7xx_HAL_Driver/stm32h7xx_hal_mdma.o
LOAD Drivers/STM32H7xx_HAL_Driver/stm32h7xx_hal_pwr.o
LOAD Drivers/STM32H7xx_HAL_Driver/stm32h7xx_hal_pwr_ex.o
LOAD Drivers/STM32H7xx_HAL_Driver/stm32h7xx_hal_rcc.o
LOAD Drivers/STM32H7xx_HAL_Driver/stm32h7xx_hal_rcc_ex.o
LOAD Drivers/STM32H7xx_HAL_Driver/stm32h7xx_hal_sdram.o
LOAD Drivers/STM32H7xx_HAL_Driver/stm32h7xx_hal_tim.o
LOAD Drivers/STM32H7xx_HAL_Driver/stm32h7xx_hal_tim_ex.o
LOAD Drivers/STM32H7xx_HAL_Driver/stm32h7xx_hal_uart.o
LOAD Drivers/STM32H7xx_HAL_Driver/stm32h7xx_hal_uart_ex.o
LOAD Drivers/STM32H7xx_HAL_Driver/stm32h7xx_ll_fmc.o
LOAD Utilities/stm32_lcd.o
START GROUP
LOAD c:/st/stm32cubeide_1.4.0/stm32cubeide/plugins/com.st.stm32cube.ide.mcu.externaltools.gnu-tools-for-stm32.9-2020-q2-update.win32_1.5.0.202011040924/tools/bin/../lib/gcc/arm-none-eabi/9.3.1/../../../../arm-none-eabi/lib/thumb/v7e-m+dp/hard\libc_nano.a
LOAD c:/st/stm32cubeide_1.4.0/stm32cubeide/plugins/com.st.stm32cube.ide.mcu.externaltools.gnu-tools-for-stm32.9-2020-q2-update.win32_1.5.0.202011040924/tools/bin/../lib/gcc/arm-none-eabi/9.3.1/../../../../arm-none-eabi/lib/thumb/v7e-m+dp/hard\libm.a
END GROUP
START GROUP
LOAD c:/st/stm32cubeide_1.4.0/stm32cubeide/plugins/com.st.stm32cube.ide.mcu.externaltools.gnu-tools-for-stm32.9-2020-q2-update.win32_1.5.0.202011040924/tools/bin/../lib/gcc/arm-none-eabi/9.3.1/thumb/v7e-m+dp/hard\libgcc.a
LOAD c:/st/stm32cubeide_1.4.0/stm32cubeide/plugins/com.st.stm32cube.ide.mcu.externaltools.gnu-tools-for-stm32.9-2020-q2-update.win32_1.5.0.202011040924/tools/bin/../lib/gcc/arm-none-eabi/9.3.1/../../../../arm-none-eabi/lib/thumb/v7e-m+dp/hard\libc_nano.a
END GROUP
START GROUP
LOAD c:/st/stm32cubeide_1.4.0/stm32cubeide/plugins/com.st.stm32cube.ide.mcu.externaltools.gnu-tools-for-stm32.9-2020-q2-update.win32_1.5.0.202011040924/tools/bin/../lib/gcc/arm-none-eabi/9.3.1/thumb/v7e-m+dp/hard\libgcc.a
LOAD c:/st/stm32cubeide_1.4.0/stm32cubeide/plugins/com.st.stm32cube.ide.mcu.externaltools.gnu-tools-for-stm32.9-2020-q2-update.win32_1.5.0.202011040924/tools/bin/../lib/gcc/arm-none-eabi/9.3.1/../../../../arm-none-eabi/lib/thumb/v7e-m+dp/hard\libc_nano.a
LOAD c:/st/stm32cubeide_1.4.0/stm32cubeide/plugins/com.st.stm32cube.ide.mcu.externaltools.gnu-tools-for-stm32.9-2020-q2-update.win32_1.5.0.202011040924/tools/bin/../lib/gcc/arm-none-eabi/9.3.1/../../../../arm-none-eabi/lib/thumb/v7e-m+dp/hard\libnosys.a
END GROUP
START GROUP
LOAD c:/st/stm32cubeide_1.4.0/stm32cubeide/plugins/com.st.stm32cube.ide.mcu.externaltools.gnu-tools-for-stm32.9-2020-q2-update.win32_1.5.0.202011040924/tools/bin/../lib/gcc/arm-none-eabi/9.3.1/thumb/v7e-m+dp/hard\libgcc.a
LOAD c:/st/stm32cubeide_1.4.0/stm32cubeide/plugins/com.st.stm32cube.ide.mcu.externaltools.gnu-tools-for-stm32.9-2020-q2-update.win32_1.5.0.202011040924/tools/bin/../lib/gcc/arm-none-eabi/9.3.1/../../../../arm-none-eabi/lib/thumb/v7e-m+dp/hard\libc_nano.a
LOAD c:/st/stm32cubeide_1.4.0/stm32cubeide/plugins/com.st.stm32cube.ide.mcu.externaltools.gnu-tools-for-stm32.9-2020-q2-update.win32_1.5.0.202011040924/tools/bin/../lib/gcc/arm-none-eabi/9.3.1/../../../../arm-none-eabi/lib/thumb/v7e-m+dp/hard\libnosys.a
END GROUP
LOAD c:/st/stm32cubeide_1.4.0/stm32cubeide/plugins/com.st.stm32cube.ide.mcu.externaltools.gnu-tools-for-stm32.9-2020-q2-update.win32_1.5.0.202011040924/tools/bin/../lib/gcc/arm-none-eabi/9.3.1/thumb/v7e-m+dp/hard/crtend.o
LOAD c:/st/stm32cubeide_1.4.0/stm32cubeide/plugins/com.st.stm32cube.ide.mcu.externaltools.gnu-tools-for-stm32.9-2020-q2-update.win32_1.5.0.202011040924/tools/bin/../lib/gcc/arm-none-eabi/9.3.1/thumb/v7e-m+dp/hard/crtn.o
                0x0000000024040000                _estack = (ORIGIN (RAM) + LENGTH (RAM))
                0x0000000000000200                _Min_Heap_Size = 0x200
                0x0000000000000400                _Min_Stack_Size = 0x400

.isr_vector     0x0000000008000000      0x298
                0x0000000008000000                . = ALIGN (0x4)
 *(.isr_vector)
 .isr_vector    0x0000000008000000      0x298 Core/Startup/startup_stm32h747xihx.o
                0x0000000008000000                g_pfnVectors
                0x0000000008000298                . = ALIGN (0x4)

.text           0x00000000080002a0     0x8b34
                0x00000000080002a0                . = ALIGN (0x4)
 *(.text)
 .text          0x00000000080002a0       0x40 c:/st/stm32cubeide_1.4.0/stm32cubeide/plugins/com.st.stm32cube.ide.mcu.externaltools.gnu-tools-for-stm32.9-2020-q2-update.win32_1.5.0.202011040924/tools/bin/../lib/gcc/arm-none-eabi/9.3.1/thumb/v7e-m+dp/hard/crtbegin.o
 .text          0x00000000080002e0       0xa0 c:/st/stm32cubeide_1.4.0/stm32cubeide/plugins/com.st.stm32cube.ide.mcu.externaltools.gnu-tools-for-stm32.9-2020-q2-update.win32_1.5.0.202011040924/tools/bin/../lib/gcc/arm-none-eabi/9.3.1/../../../../arm-none-eabi/lib/thumb/v7e-m+dp/hard\libc_nano.a(lib_a-memchr.o)
                0x00000000080002e0                memchr
 *(.text*)
 .text.SystemInit
                0x0000000008000380       0xe8 Common/Src/system_stm32h7xx_dualcore_boot_cm4_cm7.o
                0x0000000008000380                SystemInit
 .text.vNOP     0x0000000008000468        0x4 Core/Src/gbcpu.o
                0x0000000008000468                vNOP
 .text.vINCs_BC
                0x000000000800046c       0x10 Core/Src/gbcpu.o
                0x000000000800046c                vINCs_BC
 .text.vDECs_BC
                0x000000000800047c       0x10 Core/Src/gbcpu.o
                0x000000000800047c                vDECs_BC
 .text.vSTOP    0x000000000800048c        0xc Core/Src/gbcpu.o
                0x000000000800048c                vSTOP
 .text.vINCs_DE
                0x0000000008000498       0x10 Core/Src/gbcpu.o
                0x0000000008000498                vINCs_DE
 .text.vDECs_DE
                0x00000000080004a8       0x10 Core/Src/gbcpu.o
                0x00000000080004a8                vDECs_DE
 .text.vINCs_HL
                0x00000000080004b8       0x10 Core/Src/gbcpu.o
                0x00000000080004b8                vINCs_HL
 .text.vDECs_HL
                0x00000000080004c8       0x10 Core/Src/gbcpu.o
                0x00000000080004c8                vDECs_HL
 .text.vINCs_SP
                0x00000000080004d8       0x10 Core/Src/gbcpu.o
                0x00000000080004d8                vINCs_SP
 .text.vDECs_SP
                0x00000000080004e8       0x10 Core/Src/gbcpu.o
                0x00000000080004e8                vDECs_SP
 .text.vLD_B_C  0x00000000080004f8        0xc Core/Src/gbcpu.o
                0x00000000080004f8                vLD_B_C
 .text.vLD_B_D  0x0000000008000504        0xc Core/Src/gbcpu.o
                0x0000000008000504                vLD_B_D
 .text.vLD_B_E  0x0000000008000510        0xc Core/Src/gbcpu.o
                0x0000000008000510                vLD_B_E
 .text.vLD_B_H  0x000000000800051c        0xc Core/Src/gbcpu.o
                0x000000000800051c                vLD_B_H
 .text.vLD_B_L  0x0000000008000528        0xc Core/Src/gbcpu.o
                0x0000000008000528                vLD_B_L
 .text.vLD_B_A  0x0000000008000534        0xc Core/Src/gbcpu.o
                0x0000000008000534                vLD_B_A
 .text.vLD_C_B  0x0000000008000540        0xc Core/Src/gbcpu.o
                0x0000000008000540                vLD_C_B
 .text.vLD_C_D  0x000000000800054c        0xc Core/Src/gbcpu.o
                0x000000000800054c                vLD_C_D
 .text.vLD_C_E  0x0000000008000558        0xc Core/Src/gbcpu.o
                0x0000000008000558                vLD_C_E
 .text.vLD_C_H  0x0000000008000564        0xc Core/Src/gbcpu.o
                0x0000000008000564                vLD_C_H
 .text.vLD_C_L  0x0000000008000570        0xc Core/Src/gbcpu.o
                0x0000000008000570                vLD_C_L
 .text.vLD_C_A  0x000000000800057c        0xc Core/Src/gbcpu.o
                0x000000000800057c                vLD_C_A
 .text.vLD_D_B  0x0000000008000588        0xc Core/Src/gbcpu.o
                0x0000000008000588                vLD_D_B
 .text.vLD_D_C  0x0000000008000594        0xc Core/Src/gbcpu.o
                0x0000000008000594                vLD_D_C
 .text.vLD_D_E  0x00000000080005a0        0xc Core/Src/gbcpu.o
                0x00000000080005a0                vLD_D_E
 .text.vLD_D_H  0x00000000080005ac        0xc Core/Src/gbcpu.o
                0x00000000080005ac                vLD_D_H
 .text.vLD_D_L  0x00000000080005b8        0xc Core/Src/gbcpu.o
                0x00000000080005b8                vLD_D_L
 .text.vLD_D_A  0x00000000080005c4        0xc Core/Src/gbcpu.o
                0x00000000080005c4                vLD_D_A
 .text.vLD_E_B  0x00000000080005d0        0xc Core/Src/gbcpu.o
                0x00000000080005d0                vLD_E_B
 .text.vLD_E_C  0x00000000080005dc        0xc Core/Src/gbcpu.o
                0x00000000080005dc                vLD_E_C
 .text.vLD_E_D  0x00000000080005e8        0xc Core/Src/gbcpu.o
                0x00000000080005e8                vLD_E_D
 .text.vLD_E_H  0x00000000080005f4        0xc Core/Src/gbcpu.o
                0x00000000080005f4                vLD_E_H
 .text.vLD_E_L  0x0000000008000600        0xc Core/Src/gbcpu.o
                0x0000000008000600                vLD_E_L
 .text.vLD_E_A  0x000000000800060c        0xc Core/Src/gbcpu.o
                0x000000000800060c                vLD_E_A
 .text.vLD_H_B  0x0000000008000618        0xc Core/Src/gbcpu.o
                0x0000000008000618                vLD_H_B
 .text.vLD_H_C  0x0000000008000624        0xc Core/Src/gbcpu.o
                0x0000000008000624                vLD_H_C
 .text.vLD_H_D  0x0000000008000630        0xc Core/Src/gbcpu.o
                0x0000000008000630                vLD_H_D
 .text.vLD_H_E  0x000000000800063c        0xc Core/Src/gbcpu.o
                0x000000000800063c                vLD_H_E
 .text.vLD_H_L  0x0000000008000648        0xc Core/Src/gbcpu.o
                0x0000000008000648                vLD_H_L
 .text.vLD_H_A  0x0000000008000654        0xc Core/Src/gbcpu.o
                0x0000000008000654                vLD_H_A
 .text.vLD_L_B  0x0000000008000660        0xc Core/Src/gbcpu.o
                0x0000000008000660                vLD_L_B
 .text.vLD_L_C  0x000000000800066c        0xc Core/Src/gbcpu.o
                0x000000000800066c                vLD_L_C
 .text.vLD_L_D  0x0000000008000678        0xc Core/Src/gbcpu.o
                0x0000000008000678                vLD_L_D
 .text.vLD_L_E  0x0000000008000684        0xc Core/Src/gbcpu.o
                0x0000000008000684                vLD_L_E
 .text.vLD_L_H  0x0000000008000690        0xc Core/Src/gbcpu.o
                0x0000000008000690                vLD_L_H
 .text.vLD_L_A  0x000000000800069c        0xc Core/Src/gbcpu.o
                0x000000000800069c                vLD_L_A
 .text.vHALT    0x00000000080006a8        0xc Core/Src/gbcpu.o
                0x00000000080006a8                vHALT
 .text.vLD_A_B  0x00000000080006b4        0xc Core/Src/gbcpu.o
                0x00000000080006b4                vLD_A_B
 .text.vLD_A_C  0x00000000080006c0        0xc Core/Src/gbcpu.o
                0x00000000080006c0                vLD_A_C
 .text.vLD_A_D  0x00000000080006cc        0xc Core/Src/gbcpu.o
                0x00000000080006cc                vLD_A_D
 .text.vLD_A_E  0x00000000080006d8        0xc Core/Src/gbcpu.o
                0x00000000080006d8                vLD_A_E
 .text.vLD_A_H  0x00000000080006e4        0xc Core/Src/gbcpu.o
                0x00000000080006e4                vLD_A_H
 .text.vLD_A_L  0x00000000080006f0        0xc Core/Src/gbcpu.o
                0x00000000080006f0                vLD_A_L
 .text.vAND_B   0x00000000080006fc       0x1c Core/Src/gbcpu.o
                0x00000000080006fc                vAND_B
 .text.vAND_C   0x0000000008000718       0x1c Core/Src/gbcpu.o
                0x0000000008000718                vAND_C
 .text.vAND_D   0x0000000008000734       0x1c Core/Src/gbcpu.o
                0x0000000008000734                vAND_D
 .text.vAND_E   0x0000000008000750       0x1c Core/Src/gbcpu.o
                0x0000000008000750                vAND_E
 .text.vAND_H   0x000000000800076c       0x1c Core/Src/gbcpu.o
                0x000000000800076c                vAND_H
 .text.vAND_L   0x0000000008000788       0x1c Core/Src/gbcpu.o
                0x0000000008000788                vAND_L
 .text.vAND_A   0x00000000080007a4       0x14 Core/Src/gbcpu.o
                0x00000000080007a4                vAND_A
 .text.vXOR_B   0x00000000080007b8       0x1c Core/Src/gbcpu.o
                0x00000000080007b8                vXOR_B
 .text.vXOR_C   0x00000000080007d4       0x1c Core/Src/gbcpu.o
                0x00000000080007d4                vXOR_C
 .text.vXOR_D   0x00000000080007f0       0x1c Core/Src/gbcpu.o
                0x00000000080007f0                vXOR_D
 .text.vXOR_E   0x000000000800080c       0x1c Core/Src/gbcpu.o
                0x000000000800080c                vXOR_E
 .text.vXOR_H   0x0000000008000828       0x1c Core/Src/gbcpu.o
                0x0000000008000828                vXOR_H
 .text.vXOR_L   0x0000000008000844       0x1c Core/Src/gbcpu.o
                0x0000000008000844                vXOR_L
 .text.vXOR_A   0x0000000008000860        0xc Core/Src/gbcpu.o
                0x0000000008000860                vXOR_A
 .text.vOR_B    0x000000000800086c       0x1c Core/Src/gbcpu.o
                0x000000000800086c                vOR_B
 .text.vOR_C    0x0000000008000888       0x1c Core/Src/gbcpu.o
                0x0000000008000888                vOR_C
 .text.vOR_D    0x00000000080008a4       0x1c Core/Src/gbcpu.o
                0x00000000080008a4                vOR_D
 .text.vOR_E    0x00000000080008c0       0x1c Core/Src/gbcpu.o
                0x00000000080008c0                vOR_E
 .text.vOR_H    0x00000000080008dc       0x1c Core/Src/gbcpu.o
                0x00000000080008dc                vOR_H
 .text.vOR_L    0x00000000080008f8       0x1c Core/Src/gbcpu.o
                0x00000000080008f8                vOR_L
 .text.vOR_A    0x0000000008000914       0x14 Core/Src/gbcpu.o
                0x0000000008000914                vOR_A
 .text.vJP_HL   0x0000000008000928        0xc Core/Src/gbcpu.o
                0x0000000008000928                vJP_HL
 .text.vDI      0x0000000008000934        0xc Core/Src/gbcpu.o
                0x0000000008000934                vDI
 .text.vLDs_SP_HL
                0x0000000008000940        0xc Core/Src/gbcpu.o
                0x0000000008000940                vLDs_SP_HL
 .text.vEI      0x000000000800094c        0xc Core/Src/gbcpu.o
                0x000000000800094c                vEI
 .text.vLD_B_d8
                0x0000000008000958       0x18 Core/Src/gbcpu.o
                0x0000000008000958                vLD_B_d8
 .text.vLD_A_BC
                0x0000000008000970       0x14 Core/Src/gbcpu.o
                0x0000000008000970                vLD_A_BC
 .text.vLD_C_d8
                0x0000000008000984       0x18 Core/Src/gbcpu.o
                0x0000000008000984                vLD_C_d8
 .text.vLD_D_d8
                0x000000000800099c       0x18 Core/Src/gbcpu.o
                0x000000000800099c                vLD_D_d8
 .text.vJR_r8   0x00000000080009b4       0x1c Core/Src/gbcpu.o
                0x00000000080009b4                vJR_r8
 .text.vLD_A_DE
                0x00000000080009d0       0x14 Core/Src/gbcpu.o
                0x00000000080009d0                vLD_A_DE
 .text.vLD_E_d8
                0x00000000080009e4       0x18 Core/Src/gbcpu.o
                0x00000000080009e4                vLD_E_d8
 .text.vLD_H_d8
                0x00000000080009fc       0x18 Core/Src/gbcpu.o
                0x00000000080009fc                vLD_H_d8
 .text.vLD_L_d8
                0x0000000008000a14        0x4 Core/Src/gbcpu.o
                0x0000000008000a14                vLD_L_d8
 .text.vLD_A_HLI
                0x0000000008000a18       0x18 Core/Src/gbcpu.o
                0x0000000008000a18                vLD_A_HLI
 .text.vLD_A_HLD
                0x0000000008000a30       0x18 Core/Src/gbcpu.o
                0x0000000008000a30                vLD_A_HLD
 .text.vLD_A_d8
                0x0000000008000a48       0x18 Core/Src/gbcpu.o
                0x0000000008000a48                vLD_A_d8
 .text.vLD_B_HL
                0x0000000008000a60       0x14 Core/Src/gbcpu.o
                0x0000000008000a60                vLD_B_HL
 .text.vLD_C_HL
                0x0000000008000a74       0x14 Core/Src/gbcpu.o
                0x0000000008000a74                vLD_C_HL
 .text.vLD_D_HL
                0x0000000008000a88       0x14 Core/Src/gbcpu.o
                0x0000000008000a88                vLD_D_HL
 .text.vLD_E_HL
                0x0000000008000a9c       0x14 Core/Src/gbcpu.o
                0x0000000008000a9c                vLD_E_HL
 .text.vLD_H_HL
                0x0000000008000ab0       0x14 Core/Src/gbcpu.o
                0x0000000008000ab0                vLD_H_HL
 .text.vLD_L_HL
                0x0000000008000ac4       0x14 Core/Src/gbcpu.o
                0x0000000008000ac4                vLD_L_HL
 .text.vLD_A_HL
                0x0000000008000ad8       0x14 Core/Src/gbcpu.o
                0x0000000008000ad8                vLD_A_HL
 .text.vAND_HL  0x0000000008000aec       0x20 Core/Src/gbcpu.o
                0x0000000008000aec                vAND_HL
 .text.vXOR_HL  0x0000000008000b0c       0x24 Core/Src/gbcpu.o
                0x0000000008000b0c                vXOR_HL
 .text.vOR_HL   0x0000000008000b30       0x24 Core/Src/gbcpu.o
                0x0000000008000b30                vOR_HL
 .text.vPREFIX  0x0000000008000b54       0x24 Core/Src/gbcpu.o
                0x0000000008000b54                vPREFIX
 .text.vAND_d8  0x0000000008000b78       0x24 Core/Src/gbcpu.o
                0x0000000008000b78                vAND_d8
 .text.vXOR_d8  0x0000000008000b9c       0x28 Core/Src/gbcpu.o
                0x0000000008000b9c                vXOR_d8
 .text.vLDH_A_a8
                0x0000000008000bc4       0x20 Core/Src/gbcpu.o
                0x0000000008000bc4                vLDH_A_a8
 .text.vLD_A_fC
                0x0000000008000be4       0x18 Core/Src/gbcpu.o
                0x0000000008000be4                vLD_A_fC
 .text.vOR_d8   0x0000000008000bfc       0x28 Core/Src/gbcpu.o
                0x0000000008000bfc                vOR_d8
 .text.vLDs_BC_d16
                0x0000000008000c24       0x2c Core/Src/gbcpu.o
                0x0000000008000c24                vLDs_BC_d16
 .text.vLDs_DE_d16
                0x0000000008000c50       0x2c Core/Src/gbcpu.o
                0x0000000008000c50                vLDs_DE_d16
 .text.vLDs_HL_d16
                0x0000000008000c7c       0x2c Core/Src/gbcpu.o
                0x0000000008000c7c                vLDs_HL_d16
 .text.vLDs_SP_d16
                0x0000000008000ca8       0x2c Core/Src/gbcpu.o
                0x0000000008000ca8                vLDs_SP_d16
 .text.vJP_a16  0x0000000008000cd4       0x2c Core/Src/gbcpu.o
                0x0000000008000cd4                vJP_a16
 .text.vLD_A_a16
                0x0000000008000d00       0x30 Core/Src/gbcpu.o
                0x0000000008000d00                vLD_A_a16
 .text.vLD_BC_A
                0x0000000008000d30       0x10 Core/Src/gbcpu.o
                0x0000000008000d30                vLD_BC_A
 .text.vLDs_a16_SP
                0x0000000008000d40       0x30 Core/Src/gbcpu.o
                0x0000000008000d40                vLDs_a16_SP
 .text.vLD_DE_A
                0x0000000008000d70       0x10 Core/Src/gbcpu.o
                0x0000000008000d70                vLD_DE_A
 .text.vLD_HLI_A
                0x0000000008000d80       0x18 Core/Src/gbcpu.o
                0x0000000008000d80                vLD_HLI_A
 .text.vLD_HLD_A
                0x0000000008000d98       0x18 Core/Src/gbcpu.o
                0x0000000008000d98                vLD_HLD_A
 .text.vLD_HL_d8
                0x0000000008000db0       0x20 Core/Src/gbcpu.o
                0x0000000008000db0                vLD_HL_d8
 .text.vLD_HL_B
                0x0000000008000dd0       0x10 Core/Src/gbcpu.o
                0x0000000008000dd0                vLD_HL_B
 .text.vLD_HL_C
                0x0000000008000de0       0x10 Core/Src/gbcpu.o
                0x0000000008000de0                vLD_HL_C
 .text.vLD_HL_D
                0x0000000008000df0       0x10 Core/Src/gbcpu.o
                0x0000000008000df0                vLD_HL_D
 .text.vLD_HL_E
                0x0000000008000e00       0x10 Core/Src/gbcpu.o
                0x0000000008000e00                vLD_HL_E
 .text.vLD_HL_H
                0x0000000008000e10       0x10 Core/Src/gbcpu.o
                0x0000000008000e10                vLD_HL_H
 .text.vLD_HL_L
                0x0000000008000e20       0x10 Core/Src/gbcpu.o
                0x0000000008000e20                vLD_HL_L
 .text.vLD_HL_A
                0x0000000008000e30       0x10 Core/Src/gbcpu.o
                0x0000000008000e30                vLD_HL_A
 .text.vLDH_a8_A
                0x0000000008000e40       0x24 Core/Src/gbcpu.o
                0x0000000008000e40                vLDH_a8_A
 .text.vLD_fC_A
                0x0000000008000e64       0x14 Core/Src/gbcpu.o
                0x0000000008000e64                vLD_fC_A
 .text.vLD_a16_A
                0x0000000008000e78       0x30 Core/Src/gbcpu.o
                0x0000000008000e78                vLD_a16_A
 .text.vINC_B   0x0000000008000ea8        0xc Core/Src/gbcpu.o
                0x0000000008000ea8                vINC_B
 .text.vINC_C   0x0000000008000eb4        0xc Core/Src/gbcpu.o
                0x0000000008000eb4                vINC_C
 .text.vINC_D   0x0000000008000ec0        0xc Core/Src/gbcpu.o
                0x0000000008000ec0                vINC_D
 .text.vINC_E   0x0000000008000ecc        0xc Core/Src/gbcpu.o
                0x0000000008000ecc                vINC_E
 .text.vINC_H   0x0000000008000ed8        0xc Core/Src/gbcpu.o
                0x0000000008000ed8                vINC_H
 .text.vINC_L   0x0000000008000ee4        0xc Core/Src/gbcpu.o
                0x0000000008000ee4                vINC_L
 .text.vINC_A   0x0000000008000ef0        0xc Core/Src/gbcpu.o
                0x0000000008000ef0                vINC_A
 .text.vDEC_B   0x0000000008000efc        0xc Core/Src/gbcpu.o
                0x0000000008000efc                vDEC_B
 .text.vDEC_C   0x0000000008000f08        0xc Core/Src/gbcpu.o
                0x0000000008000f08                vDEC_C
 .text.vDEC_D   0x0000000008000f14        0xc Core/Src/gbcpu.o
                0x0000000008000f14                vDEC_D
 .text.vDEC_E   0x0000000008000f20        0xc Core/Src/gbcpu.o
                0x0000000008000f20                vDEC_E
 .text.vDEC_H   0x0000000008000f2c        0xc Core/Src/gbcpu.o
                0x0000000008000f2c                vDEC_H
 .text.vDEC_L   0x0000000008000f38        0xc Core/Src/gbcpu.o
                0x0000000008000f38                vDEC_L
 .text.vDEC_A   0x0000000008000f44        0xc Core/Src/gbcpu.o
                0x0000000008000f44                vDEC_A
 .text.vRLCA    0x0000000008000f50        0xc Core/Src/gbcpu.o
                0x0000000008000f50                vRLCA
 .text.vADDs_HL_BC
                0x0000000008000f5c       0x10 Core/Src/gbcpu.o
                0x0000000008000f5c                vADDs_HL_BC
 .text.vADDs_HL_DE
                0x0000000008000f6c       0x10 Core/Src/gbcpu.o
                0x0000000008000f6c                vADDs_HL_DE
 .text.vADDs_HL_HL
                0x0000000008000f7c       0x10 Core/Src/gbcpu.o
                0x0000000008000f7c                vADDs_HL_HL
 .text.vADDs_HL_SP
                0x0000000008000f8c       0x10 Core/Src/gbcpu.o
                0x0000000008000f8c                vADDs_HL_SP
 .text.vRRCA    0x0000000008000f9c        0xc Core/Src/gbcpu.o
                0x0000000008000f9c                vRRCA
 .text.vRLA     0x0000000008000fa8        0xc Core/Src/gbcpu.o
                0x0000000008000fa8                vRLA
 .text.vRRA     0x0000000008000fb4        0xc Core/Src/gbcpu.o
                0x0000000008000fb4                vRRA
 .text.vJR_NZ_r8
                0x0000000008000fc0       0x2c Core/Src/gbcpu.o
                0x0000000008000fc0                vJR_NZ_r8
 .text.vDAA     0x0000000008000fec        0xc Core/Src/gbcpu.o
                0x0000000008000fec                vDAA
 .text.vJR_Z_r8
                0x0000000008000ff8       0x2c Core/Src/gbcpu.o
                0x0000000008000ff8                vJR_Z_r8
 .text.vCPL     0x0000000008001024       0x24 Core/Src/gbcpu.o
                0x0000000008001024                vCPL
 .text.vSET_0_B
                0x0000000008001048        0xc Core/Src/gbcpu.o
                0x0000000008001048                vSET_0_B
 .text.vSET_0_C
                0x0000000008001054        0xc Core/Src/gbcpu.o
                0x0000000008001054                vSET_0_C
 .text.vSET_0_D
                0x0000000008001060        0xc Core/Src/gbcpu.o
                0x0000000008001060                vSET_0_D
 .text.vSET_0_E
                0x000000000800106c        0xc Core/Src/gbcpu.o
                0x000000000800106c                vSET_0_E
 .text.vSET_0_H
                0x0000000008001078        0xc Core/Src/gbcpu.o
                0x0000000008001078                vSET_0_H
 .text.vSET_0_L
                0x0000000008001084        0xc Core/Src/gbcpu.o
                0x0000000008001084                vSET_0_L
 .text.vSET_0_A
                0x0000000008001090        0xc Core/Src/gbcpu.o
                0x0000000008001090                vSET_0_A
 .text.vSET_1_B
                0x000000000800109c        0xc Core/Src/gbcpu.o
                0x000000000800109c                vSET_1_B
 .text.vSET_1_C
                0x00000000080010a8        0xc Core/Src/gbcpu.o
                0x00000000080010a8                vSET_1_C
 .text.vSET_1_D
                0x00000000080010b4        0xc Core/Src/gbcpu.o
                0x00000000080010b4                vSET_1_D
 .text.vSET_1_E
                0x00000000080010c0        0xc Core/Src/gbcpu.o
                0x00000000080010c0                vSET_1_E
 .text.vSET_1_H
                0x00000000080010cc        0xc Core/Src/gbcpu.o
                0x00000000080010cc                vSET_1_H
 .text.vSET_1_L
                0x00000000080010d8        0xc Core/Src/gbcpu.o
                0x00000000080010d8                vSET_1_L
 .text.vSET_1_A
                0x00000000080010e4        0xc Core/Src/gbcpu.o
                0x00000000080010e4                vSET_1_A
 .text.vSET_2_B
                0x00000000080010f0        0xc Core/Src/gbcpu.o
                0x00000000080010f0                vSET_2_B
 .text.vSET_2_C
                0x00000000080010fc        0xc Core/Src/gbcpu.o
                0x00000000080010fc                vSET_2_C
 .text.vSET_2_D
                0x0000000008001108        0xc Core/Src/gbcpu.o
                0x0000000008001108                vSET_2_D
 .text.vSET_2_E
                0x0000000008001114        0xc Core/Src/gbcpu.o
                0x0000000008001114                vSET_2_E
 .text.vSET_2_H
                0x0000000008001120        0xc Core/Src/gbcpu.o
                0x0000000008001120                vSET_2_H
 .text.vSET_2_L
                0x000000000800112c        0xc Core/Src/gbcpu.o
                0x000000000800112c                vSET_2_L
 .text.vSET_2_A
                0x0000000008001138        0xc Core/Src/gbcpu.o
                0x0000000008001138                vSET_2_A
 .text.vSET_3_B
                0x0000000008001144        0xc Core/Src/gbcpu.o
                0x0000000008001144                vSET_3_B
 .text.vSET_3_C
                0x0000000008001150        0xc Core/Src/gbcpu.o
                0x0000000008001150                vSET_3_C
 .text.vSET_3_D
                0x000000000800115c        0xc Core/Src/gbcpu.o
                0x000000000800115c                vSET_3_D
 .text.vSET_3_E
                0x0000000008001168        0xc Core/Src/gbcpu.o
                0x0000000008001168                vSET_3_E
 .text.vSET_3_H
                0x0000000008001174        0xc Core/Src/gbcpu.o
                0x0000000008001174                vSET_3_H
 .text.vSET_3_L
                0x0000000008001180        0xc Core/Src/gbcpu.o
                0x0000000008001180                vSET_3_L
 .text.vSET_3_A
                0x000000000800118c        0xc Core/Src/gbcpu.o
                0x000000000800118c                vSET_3_A
 .text.vSET_4_B
                0x0000000008001198        0xc Core/Src/gbcpu.o
                0x0000000008001198                vSET_4_B
 .text.vSET_4_C
                0x00000000080011a4        0xc Core/Src/gbcpu.o
                0x00000000080011a4                vSET_4_C
 .text.vSET_4_D
                0x00000000080011b0        0xc Core/Src/gbcpu.o
                0x00000000080011b0                vSET_4_D
 .text.vSET_4_E
                0x00000000080011bc        0xc Core/Src/gbcpu.o
                0x00000000080011bc                vSET_4_E
 .text.vSET_4_H
                0x00000000080011c8        0xc Core/Src/gbcpu.o
                0x00000000080011c8                vSET_4_H
 .text.vSET_4_L
                0x00000000080011d4        0xc Core/Src/gbcpu.o
                0x00000000080011d4                vSET_4_L
 .text.vSET_4_A
                0x00000000080011e0        0xc Core/Src/gbcpu.o
                0x00000000080011e0                vSET_4_A
 .text.vSET_5_B
                0x00000000080011ec        0xc Core/Src/gbcpu.o
                0x00000000080011ec                vSET_5_B
 .text.vSET_5_C
                0x00000000080011f8        0xc Core/Src/gbcpu.o
                0x00000000080011f8                vSET_5_C
 .text.vSET_5_D
                0x0000000008001204        0xc Core/Src/gbcpu.o
                0x0000000008001204                vSET_5_D
 .text.vSET_5_E
                0x0000000008001210        0xc Core/Src/gbcpu.o
                0x0000000008001210                vSET_5_E
 .text.vSET_5_H
                0x000000000800121c        0xc Core/Src/gbcpu.o
                0x000000000800121c                vSET_5_H
 .text.vSET_5_L
                0x0000000008001228        0xc Core/Src/gbcpu.o
                0x0000000008001228                vSET_5_L
 .text.vSET_5_A
                0x0000000008001234        0xc Core/Src/gbcpu.o
                0x0000000008001234                vSET_5_A
 .text.vSET_6_B
                0x0000000008001240        0xc Core/Src/gbcpu.o
                0x0000000008001240                vSET_6_B
 .text.vSET_6_C
                0x000000000800124c        0xc Core/Src/gbcpu.o
                0x000000000800124c                vSET_6_C
 .text.vSET_6_D
                0x0000000008001258        0xc Core/Src/gbcpu.o
                0x0000000008001258                vSET_6_D
 .text.vSET_6_E
                0x0000000008001264        0xc Core/Src/gbcpu.o
                0x0000000008001264                vSET_6_E
 .text.vSET_6_H
                0x0000000008001270        0xc Core/Src/gbcpu.o
                0x0000000008001270                vSET_6_H
 .text.vSET_6_L
                0x000000000800127c        0xc Core/Src/gbcpu.o
                0x000000000800127c                vSET_6_L
 .text.vSET_6_A
                0x0000000008001288        0xc Core/Src/gbcpu.o
                0x0000000008001288                vSET_6_A
 .text.vSET_7_B
                0x0000000008001294        0xc Core/Src/gbcpu.o
                0x0000000008001294                vSET_7_B
 .text.vSET_7_C
                0x00000000080012a0        0xc Core/Src/gbcpu.o
                0x00000000080012a0                vSET_7_C
 .text.vSET_7_D
                0x00000000080012ac        0xc Core/Src/gbcpu.o
                0x00000000080012ac                vSET_7_D
 .text.vSET_7_E
                0x00000000080012b8        0xc Core/Src/gbcpu.o
                0x00000000080012b8                vSET_7_E
 .text.vSET_7_H
                0x00000000080012c4        0xc Core/Src/gbcpu.o
                0x00000000080012c4                vSET_7_H
 .text.vSET_7_L
                0x00000000080012d0        0xc Core/Src/gbcpu.o
                0x00000000080012d0                vSET_7_L
 .text.vSET_7_A
                0x00000000080012dc        0xc Core/Src/gbcpu.o
                0x00000000080012dc                vSET_7_A
 .text.vJR_NC_r8
                0x00000000080012e8       0x2c Core/Src/gbcpu.o
                0x00000000080012e8                vJR_NC_r8
 .text.vINC_HL  0x0000000008001314        0xc Core/Src/gbcpu.o
                0x0000000008001314                vINC_HL
 .text.vDEC_HL  0x0000000008001320        0xc Core/Src/gbcpu.o
                0x0000000008001320                vDEC_HL
 .text.vSCF     0x000000000800132c       0x24 Core/Src/gbcpu.o
                0x000000000800132c                vSCF
 .text.vRES_0_B
                0x0000000008001350        0xc Core/Src/gbcpu.o
                0x0000000008001350                vRES_0_B
 .text.vRES_0_C
                0x000000000800135c        0xc Core/Src/gbcpu.o
                0x000000000800135c                vRES_0_C
 .text.vRES_0_D
                0x0000000008001368        0xc Core/Src/gbcpu.o
                0x0000000008001368                vRES_0_D
 .text.vRES_0_E
                0x0000000008001374        0xc Core/Src/gbcpu.o
                0x0000000008001374                vRES_0_E
 .text.vRES_0_H
                0x0000000008001380        0xc Core/Src/gbcpu.o
                0x0000000008001380                vRES_0_H
 .text.vRES_0_L
                0x000000000800138c        0xc Core/Src/gbcpu.o
                0x000000000800138c                vRES_0_L
 .text.vRES_0_A
                0x0000000008001398        0xc Core/Src/gbcpu.o
                0x0000000008001398                vRES_0_A
 .text.vRES_1_B
                0x00000000080013a4        0xc Core/Src/gbcpu.o
                0x00000000080013a4                vRES_1_B
 .text.vRES_1_C
                0x00000000080013b0        0xc Core/Src/gbcpu.o
                0x00000000080013b0                vRES_1_C
 .text.vRES_1_D
                0x00000000080013bc        0xc Core/Src/gbcpu.o
                0x00000000080013bc                vRES_1_D
 .text.vRES_1_E
                0x00000000080013c8        0xc Core/Src/gbcpu.o
                0x00000000080013c8                vRES_1_E
 .text.vRES_1_H
                0x00000000080013d4        0xc Core/Src/gbcpu.o
                0x00000000080013d4                vRES_1_H
 .text.vRES_1_L
                0x00000000080013e0        0xc Core/Src/gbcpu.o
                0x00000000080013e0                vRES_1_L
 .text.vRES_1_A
                0x00000000080013ec        0xc Core/Src/gbcpu.o
                0x00000000080013ec                vRES_1_A
 .text.vRES_2_B
                0x00000000080013f8        0xc Core/Src/gbcpu.o
                0x00000000080013f8                vRES_2_B
 .text.vRES_2_C
                0x0000000008001404        0xc Core/Src/gbcpu.o
                0x0000000008001404                vRES_2_C
 .text.vRES_2_D
                0x0000000008001410        0xc Core/Src/gbcpu.o
                0x0000000008001410                vRES_2_D
 .text.vRES_2_E
                0x000000000800141c        0xc Core/Src/gbcpu.o
                0x000000000800141c                vRES_2_E
 .text.vRES_2_H
                0x0000000008001428        0xc Core/Src/gbcpu.o
                0x0000000008001428                vRES_2_H
 .text.vRES_2_L
                0x0000000008001434        0xc Core/Src/gbcpu.o
                0x0000000008001434                vRES_2_L
 .text.vRES_2_A
                0x0000000008001440        0xc Core/Src/gbcpu.o
                0x0000000008001440                vRES_2_A
 .text.vRES_3_B
                0x000000000800144c        0xc Core/Src/gbcpu.o
                0x000000000800144c                vRES_3_B
 .text.vRES_3_C
                0x0000000008001458        0xc Core/Src/gbcpu.o
                0x0000000008001458                vRES_3_C
 .text.vRES_3_D
                0x0000000008001464        0xc Core/Src/gbcpu.o
                0x0000000008001464                vRES_3_D
 .text.vRES_3_E
                0x0000000008001470        0xc Core/Src/gbcpu.o
                0x0000000008001470                vRES_3_E
 .text.vRES_3_H
                0x000000000800147c        0xc Core/Src/gbcpu.o
                0x000000000800147c                vRES_3_H
 .text.vRES_3_L
                0x0000000008001488        0xc Core/Src/gbcpu.o
                0x0000000008001488                vRES_3_L
 .text.vRES_3_A
                0x0000000008001494        0xc Core/Src/gbcpu.o
                0x0000000008001494                vRES_3_A
 .text.vRES_4_B
                0x00000000080014a0        0xc Core/Src/gbcpu.o
                0x00000000080014a0                vRES_4_B
 .text.vRES_4_C
                0x00000000080014ac        0xc Core/Src/gbcpu.o
                0x00000000080014ac                vRES_4_C
 .text.vRES_4_D
                0x00000000080014b8        0xc Core/Src/gbcpu.o
                0x00000000080014b8                vRES_4_D
 .text.vRES_4_E
                0x00000000080014c4        0xc Core/Src/gbcpu.o
                0x00000000080014c4                vRES_4_E
 .text.vRES_4_H
                0x00000000080014d0        0xc Core/Src/gbcpu.o
                0x00000000080014d0                vRES_4_H
 .text.vRES_4_L
                0x00000000080014dc        0xc Core/Src/gbcpu.o
                0x00000000080014dc                vRES_4_L
 .text.vRES_4_A
                0x00000000080014e8        0xc Core/Src/gbcpu.o
                0x00000000080014e8                vRES_4_A
 .text.vRES_5_B
                0x00000000080014f4        0xc Core/Src/gbcpu.o
                0x00000000080014f4                vRES_5_B
 .text.vRES_5_C
                0x0000000008001500        0xc Core/Src/gbcpu.o
                0x0000000008001500                vRES_5_C
 .text.vRES_5_D
                0x000000000800150c        0xc Core/Src/gbcpu.o
                0x000000000800150c                vRES_5_D
 .text.vRES_5_E
                0x0000000008001518        0xc Core/Src/gbcpu.o
                0x0000000008001518                vRES_5_E
 .text.vRES_5_H
                0x0000000008001524        0xc Core/Src/gbcpu.o
                0x0000000008001524                vRES_5_H
 .text.vRES_5_L
                0x0000000008001530        0xc Core/Src/gbcpu.o
                0x0000000008001530                vRES_5_L
 .text.vRES_5_A
                0x000000000800153c        0xc Core/Src/gbcpu.o
                0x000000000800153c                vRES_5_A
 .text.vRES_6_B
                0x0000000008001548        0xc Core/Src/gbcpu.o
                0x0000000008001548                vRES_6_B
 .text.vRES_6_C
                0x0000000008001554        0xc Core/Src/gbcpu.o
                0x0000000008001554                vRES_6_C
 .text.vRES_6_D
                0x0000000008001560        0xc Core/Src/gbcpu.o
                0x0000000008001560                vRES_6_D
 .text.vRES_6_E
                0x000000000800156c        0xc Core/Src/gbcpu.o
                0x000000000800156c                vRES_6_E
 .text.vRES_6_H
                0x0000000008001578        0xc Core/Src/gbcpu.o
                0x0000000008001578                vRES_6_H
 .text.vRES_6_L
                0x0000000008001584        0xc Core/Src/gbcpu.o
                0x0000000008001584                vRES_6_L
 .text.vRES_6_A
                0x0000000008001590        0xc Core/Src/gbcpu.o
                0x0000000008001590                vRES_6_A
 .text.vRES_7_B
                0x000000000800159c        0xc Core/Src/gbcpu.o
                0x000000000800159c                vRES_7_B
 .text.vRES_7_C
                0x00000000080015a8        0xc Core/Src/gbcpu.o
                0x00000000080015a8                vRES_7_C
 .text.vRES_7_D
                0x00000000080015b4        0xc Core/Src/gbcpu.o
                0x00000000080015b4                vRES_7_D
 .text.vRES_7_E
                0x00000000080015c0        0xc Core/Src/gbcpu.o
                0x00000000080015c0                vRES_7_E
 .text.vRES_7_H
                0x00000000080015cc        0xc Core/Src/gbcpu.o
                0x00000000080015cc                vRES_7_H
 .text.vRES_7_L
                0x00000000080015d8        0xc Core/Src/gbcpu.o
                0x00000000080015d8                vRES_7_L
 .text.vRES_7_A
                0x00000000080015e4        0xc Core/Src/gbcpu.o
                0x00000000080015e4                vRES_7_A
 .text.vJR_C_r8
                0x00000000080015f0       0x2c Core/Src/gbcpu.o
                0x00000000080015f0                vJR_C_r8
 .text.vADD_A_B
                0x000000000800161c       0x10 Core/Src/gbcpu.o
                0x000000000800161c                vADD_A_B
 .text.vADD_A_C
                0x000000000800162c       0x10 Core/Src/gbcpu.o
                0x000000000800162c                vADD_A_C
 .text.vADD_A_D
                0x000000000800163c       0x10 Core/Src/gbcpu.o
                0x000000000800163c                vADD_A_D
 .text.vADD_A_E
                0x000000000800164c       0x10 Core/Src/gbcpu.o
                0x000000000800164c                vADD_A_E
 .text.vADD_A_H
                0x000000000800165c       0x10 Core/Src/gbcpu.o
                0x000000000800165c                vADD_A_H
 .text.vADD_A_L
                0x000000000800166c       0x10 Core/Src/gbcpu.o
                0x000000000800166c                vADD_A_L
 .text.vADD_A_HL
                0x000000000800167c       0x1c Core/Src/gbcpu.o
                0x000000000800167c                vADD_A_HL
 .text.vADD_A_A
                0x0000000008001698       0x10 Core/Src/gbcpu.o
                0x0000000008001698                vADD_A_A
 .text.vADD_A_d8
                0x00000000080016a8       0x20 Core/Src/gbcpu.o
                0x00000000080016a8                vADD_A_d8
 .text.vADC_A_d8
                0x00000000080016c8        0x4 Core/Src/gbcpu.o
                0x00000000080016c8                vADC_A_d8
 .text.vADC_A_B
                0x00000000080016cc       0x10 Core/Src/gbcpu.o
                0x00000000080016cc                vADC_A_B
 .text.vADC_A_C
                0x00000000080016dc       0x10 Core/Src/gbcpu.o
                0x00000000080016dc                vADC_A_C
 .text.vADC_A_D
                0x00000000080016ec       0x10 Core/Src/gbcpu.o
                0x00000000080016ec                vADC_A_D
 .text.vADC_A_E
                0x00000000080016fc       0x10 Core/Src/gbcpu.o
                0x00000000080016fc                vADC_A_E
 .text.vADC_A_H
                0x000000000800170c       0x10 Core/Src/gbcpu.o
                0x000000000800170c                vADC_A_H
 .text.vADC_A_L
                0x000000000800171c       0x10 Core/Src/gbcpu.o
                0x000000000800171c                vADC_A_L
 .text.vADC_A_HL
                0x000000000800172c       0x1c Core/Src/gbcpu.o
                0x000000000800172c                vADC_A_HL
 .text.vADC_A_A
                0x0000000008001748       0x10 Core/Src/gbcpu.o
                0x0000000008001748                vADC_A_A
 .text.vSUB_B   0x0000000008001758       0x10 Core/Src/gbcpu.o
                0x0000000008001758                vSUB_B
 .text.vSUB_C   0x0000000008001768       0x10 Core/Src/gbcpu.o
                0x0000000008001768                vSUB_C
 .text.vSUB_D   0x0000000008001778       0x10 Core/Src/gbcpu.o
                0x0000000008001778                vSUB_D
 .text.vSUB_E   0x0000000008001788       0x10 Core/Src/gbcpu.o
                0x0000000008001788                vSUB_E
 .text.vSUB_H   0x0000000008001798       0x10 Core/Src/gbcpu.o
                0x0000000008001798                vSUB_H
 .text.vSUB_L   0x00000000080017a8       0x10 Core/Src/gbcpu.o
                0x00000000080017a8                vSUB_L
 .text.vSUB_HL  0x00000000080017b8       0x1c Core/Src/gbcpu.o
                0x00000000080017b8                vSUB_HL
 .text.vSUB_A   0x00000000080017d4       0x10 Core/Src/gbcpu.o
                0x00000000080017d4                vSUB_A
 .text.vSUB_d8  0x00000000080017e4       0x20 Core/Src/gbcpu.o
                0x00000000080017e4                vSUB_d8
 .text.vSBC_A_B
                0x0000000008001804       0x10 Core/Src/gbcpu.o
                0x0000000008001804                vSBC_A_B
 .text.vSBC_A_C
                0x0000000008001814       0x10 Core/Src/gbcpu.o
                0x0000000008001814                vSBC_A_C
 .text.vSBC_A_D
                0x0000000008001824       0x10 Core/Src/gbcpu.o
                0x0000000008001824                vSBC_A_D
 .text.vSBC_A_E
                0x0000000008001834       0x10 Core/Src/gbcpu.o
                0x0000000008001834                vSBC_A_E
 .text.vSBC_A_H
                0x0000000008001844       0x10 Core/Src/gbcpu.o
                0x0000000008001844                vSBC_A_H
 .text.vSBC_A_L
                0x0000000008001854       0x10 Core/Src/gbcpu.o
                0x0000000008001854                vSBC_A_L
 .text.vSBC_A_HL
                0x0000000008001864       0x1c Core/Src/gbcpu.o
                0x0000000008001864                vSBC_A_HL
 .text.vSBC_A_A
                0x0000000008001880       0x10 Core/Src/gbcpu.o
                0x0000000008001880                vSBC_A_A
 .text.vSBC_A_d8
                0x0000000008001890       0x20 Core/Src/gbcpu.o
                0x0000000008001890                vSBC_A_d8
 .text.vCP_B    0x00000000080018b0       0x10 Core/Src/gbcpu.o
                0x00000000080018b0                vCP_B
 .text.vCP_C    0x00000000080018c0       0x10 Core/Src/gbcpu.o
                0x00000000080018c0                vCP_C
 .text.vCP_D    0x00000000080018d0       0x10 Core/Src/gbcpu.o
                0x00000000080018d0                vCP_D
 .text.vCP_E    0x00000000080018e0       0x10 Core/Src/gbcpu.o
                0x00000000080018e0                vCP_E
 .text.vCP_H    0x00000000080018f0       0x10 Core/Src/gbcpu.o
                0x00000000080018f0                vCP_H
 .text.vCP_L    0x0000000008001900       0x10 Core/Src/gbcpu.o
                0x0000000008001900                vCP_L
 .text.vCP_HL   0x0000000008001910       0x20 Core/Src/gbcpu.o
                0x0000000008001910                vCP_HL
 .text.vCP_A    0x0000000008001930       0x10 Core/Src/gbcpu.o
                0x0000000008001930                vCP_A
 .text.vCP_d8   0x0000000008001940       0x24 Core/Src/gbcpu.o
                0x0000000008001940                vCP_d8
 .text.vRET     0x0000000008001964        0xc Core/Src/gbcpu.o
                0x0000000008001964                vRET
 .text.vRETI    0x0000000008001970       0x1c Core/Src/gbcpu.o
                0x0000000008001970                vRETI
 .text.vPOP_BC  0x000000000800198c        0xc Core/Src/gbcpu.o
                0x000000000800198c                vPOP_BC
 .text.vPOP_DE  0x0000000008001998        0xc Core/Src/gbcpu.o
                0x0000000008001998                vPOP_DE
 .text.vPOP_HL  0x00000000080019a4        0xc Core/Src/gbcpu.o
                0x00000000080019a4                vPOP_HL
 .text.vPOP_AF  0x00000000080019b0       0x1c Core/Src/gbcpu.o
                0x00000000080019b0                vPOP_AF
 .text.vJP_NZ_a16
                0x00000000080019cc       0x40 Core/Src/gbcpu.o
                0x00000000080019cc                vJP_NZ_a16
 .text.vCALL_NZ_a16
                0x0000000008001a0c       0x1c Core/Src/gbcpu.o
                0x0000000008001a0c                vCALL_NZ_a16
 .text.vPUSH_BC
                0x0000000008001a28        0xc Core/Src/gbcpu.o
                0x0000000008001a28                vPUSH_BC
 .text.vRST_00H
                0x0000000008001a34       0x18 Core/Src/gbcpu.o
                0x0000000008001a34                vRST_00H
 .text.vCALL_a16
                0x0000000008001a4c       0x34 Core/Src/gbcpu.o
                0x0000000008001a4c                vCALL_a16
 .text.vRST_08H
                0x0000000008001a80       0x18 Core/Src/gbcpu.o
                0x0000000008001a80                vRST_08H
 .text.vPUSH_DE
                0x0000000008001a98        0xc Core/Src/gbcpu.o
                0x0000000008001a98                vPUSH_DE
 .text.vRST_10H
                0x0000000008001aa4       0x18 Core/Src/gbcpu.o
                0x0000000008001aa4                vRST_10H
 .text.vRST_18H
                0x0000000008001abc       0x18 Core/Src/gbcpu.o
                0x0000000008001abc                vRST_18H
 .text.vPUSH_HL
                0x0000000008001ad4        0xc Core/Src/gbcpu.o
                0x0000000008001ad4                vPUSH_HL
 .text.vRST20H  0x0000000008001ae0       0x18 Core/Src/gbcpu.o
                0x0000000008001ae0                vRST20H
 .text.vRST_28H
                0x0000000008001af8       0x18 Core/Src/gbcpu.o
                0x0000000008001af8                vRST_28H
 .text.vPUSH_AF
                0x0000000008001b10       0x10 Core/Src/gbcpu.o
                0x0000000008001b10                vPUSH_AF
 .text.vRST_30H
                0x0000000008001b20       0x18 Core/Src/gbcpu.o
                0x0000000008001b20                vRST_30H
 .text.vRST_38H
                0x0000000008001b38       0x18 Core/Src/gbcpu.o
                0x0000000008001b38                vRST_38H
 .text.vJP_Z_a16
                0x0000000008001b50       0x40 Core/Src/gbcpu.o
                0x0000000008001b50                vJP_Z_a16
 .text.vCALL_Z_a16
                0x0000000008001b90       0x1c Core/Src/gbcpu.o
                0x0000000008001b90                vCALL_Z_a16
 .text.vJP_NC_a16
                0x0000000008001bac       0x40 Core/Src/gbcpu.o
                0x0000000008001bac                vJP_NC_a16
 .text.vCALL_NC_a16
                0x0000000008001bec       0x1c Core/Src/gbcpu.o
                0x0000000008001bec                vCALL_NC_a16
 .text.vJP_C_a16
                0x0000000008001c08       0x40 Core/Src/gbcpu.o
                0x0000000008001c08                vJP_C_a16
 .text.vCALL_C_a16
                0x0000000008001c48       0x1c Core/Src/gbcpu.o
                0x0000000008001c48                vCALL_C_a16
 .text.vADDs_SP_r8
                0x0000000008001c64       0x24 Core/Src/gbcpu.o
                0x0000000008001c64                vADDs_SP_r8
 .text.vLDs_HL_SP_r8
                0x0000000008001c88       0x24 Core/Src/gbcpu.o
                0x0000000008001c88                vLDs_HL_SP_r8
 .text.vRLC_B   0x0000000008001cac       0x14 Core/Src/gbcpu.o
                0x0000000008001cac                vRLC_B
 .text.vRLC_C   0x0000000008001cc0       0x14 Core/Src/gbcpu.o
                0x0000000008001cc0                vRLC_C
 .text.vRLC_D   0x0000000008001cd4       0x14 Core/Src/gbcpu.o
                0x0000000008001cd4                vRLC_D
 .text.vRLC_E   0x0000000008001ce8       0x14 Core/Src/gbcpu.o
                0x0000000008001ce8                vRLC_E
 .text.vRLC_H   0x0000000008001cfc       0x14 Core/Src/gbcpu.o
                0x0000000008001cfc                vRLC_H
 .text.vRLC_L   0x0000000008001d10       0x14 Core/Src/gbcpu.o
                0x0000000008001d10                vRLC_L
 .text.vRLC_HL  0x0000000008001d24       0x24 Core/Src/gbcpu.o
                0x0000000008001d24                vRLC_HL
 .text.vRLC_A   0x0000000008001d48       0x14 Core/Src/gbcpu.o
                0x0000000008001d48                vRLC_A
 .text.vRRC_B   0x0000000008001d5c       0x14 Core/Src/gbcpu.o
                0x0000000008001d5c                vRRC_B
 .text.vRRC_C   0x0000000008001d70       0x14 Core/Src/gbcpu.o
                0x0000000008001d70                vRRC_C
 .text.vRRC_D   0x0000000008001d84       0x14 Core/Src/gbcpu.o
                0x0000000008001d84                vRRC_D
 .text.vRRC_E   0x0000000008001d98       0x14 Core/Src/gbcpu.o
                0x0000000008001d98                vRRC_E
 .text.vRRC_H   0x0000000008001dac       0x14 Core/Src/gbcpu.o
                0x0000000008001dac                vRRC_H
 .text.vRRC_L   0x0000000008001dc0       0x14 Core/Src/gbcpu.o
                0x0000000008001dc0                vRRC_L
 .text.vRRC_HL  0x0000000008001dd4       0x24 Core/Src/gbcpu.o
                0x0000000008001dd4                vRRC_HL
 .text.vRRC_A   0x0000000008001df8       0x14 Core/Src/gbcpu.o
                0x0000000008001df8                vRRC_A
 .text.vRL_B    0x0000000008001e0c       0x14 Core/Src/gbcpu.o
                0x0000000008001e0c                vRL_B
 .text.vRL_C    0x0000000008001e20       0x14 Core/Src/gbcpu.o
                0x0000000008001e20                vRL_C
 .text.vRL_D    0x0000000008001e34       0x14 Core/Src/gbcpu.o
                0x0000000008001e34                vRL_D
 .text.vRL_E    0x0000000008001e48       0x14 Core/Src/gbcpu.o
                0x0000000008001e48                vRL_E
 .text.vRL_H    0x0000000008001e5c       0x14 Core/Src/gbcpu.o
                0x0000000008001e5c                vRL_H
 .text.vRL_L    0x0000000008001e70       0x14 Core/Src/gbcpu.o
                0x0000000008001e70                vRL_L
 .text.vRL_HL   0x0000000008001e84       0x24 Core/Src/gbcpu.o
                0x0000000008001e84                vRL_HL
 .text.vRL_A    0x0000000008001ea8       0x14 Core/Src/gbcpu.o
                0x0000000008001ea8                vRL_A
 .text.vRR_B    0x0000000008001ebc       0x14 Core/Src/gbcpu.o
                0x0000000008001ebc                vRR_B
 .text.vRR_C    0x0000000008001ed0       0x14 Core/Src/gbcpu.o
                0x0000000008001ed0                vRR_C
 .text.vRR_D    0x0000000008001ee4       0x14 Core/Src/gbcpu.o
                0x0000000008001ee4                vRR_D
 .text.vRR_E    0x0000000008001ef8       0x14 Core/Src/gbcpu.o
                0x0000000008001ef8                vRR_E
 .text.vRR_H    0x0000000008001f0c       0x14 Core/Src/gbcpu.o
                0x0000000008001f0c                vRR_H
 .text.vRR_L    0x0000000008001f20       0x14 Core/Src/gbcpu.o
                0x0000000008001f20                vRR_L
 .text.vRR_HL   0x0000000008001f34       0x24 Core/Src/gbcpu.o
                0x0000000008001f34                vRR_HL
 .text.vRR_A    0x0000000008001f58       0x14 Core/Src/gbcpu.o
                0x0000000008001f58                vRR_A
 .text.vSLA_B   0x0000000008001f6c       0x14 Core/Src/gbcpu.o
                0x0000000008001f6c                vSLA_B
 .text.vSLA_C   0x0000000008001f80       0x14 Core/Src/gbcpu.o
                0x0000000008001f80                vSLA_C
 .text.vSLA_D   0x0000000008001f94       0x14 Core/Src/gbcpu.o
                0x0000000008001f94                vSLA_D
 .text.vSLA_E   0x0000000008001fa8       0x14 Core/Src/gbcpu.o
                0x0000000008001fa8                vSLA_E
 .text.vSLA_H   0x0000000008001fbc       0x14 Core/Src/gbcpu.o
                0x0000000008001fbc                vSLA_H
 .text.vSLA_L   0x0000000008001fd0       0x14 Core/Src/gbcpu.o
                0x0000000008001fd0                vSLA_L
 .text.vSLA_HL  0x0000000008001fe4       0x24 Core/Src/gbcpu.o
                0x0000000008001fe4                vSLA_HL
 .text.vSLA_A   0x0000000008002008       0x14 Core/Src/gbcpu.o
                0x0000000008002008                vSLA_A
 .text.vSRA_B   0x000000000800201c       0x14 Core/Src/gbcpu.o
                0x000000000800201c                vSRA_B
 .text.vSRA_C   0x0000000008002030       0x14 Core/Src/gbcpu.o
                0x0000000008002030                vSRA_C
 .text.vSRA_D   0x0000000008002044       0x14 Core/Src/gbcpu.o
                0x0000000008002044                vSRA_D
 .text.vSRA_E   0x0000000008002058       0x14 Core/Src/gbcpu.o
                0x0000000008002058                vSRA_E
 .text.vSRA_H   0x000000000800206c       0x14 Core/Src/gbcpu.o
                0x000000000800206c                vSRA_H
 .text.vSRA_L   0x0000000008002080       0x14 Core/Src/gbcpu.o
                0x0000000008002080                vSRA_L
 .text.vSRA_HL  0x0000000008002094       0x24 Core/Src/gbcpu.o
                0x0000000008002094                vSRA_HL
 .text.vSRA_A   0x00000000080020b8       0x14 Core/Src/gbcpu.o
                0x00000000080020b8                vSRA_A
 .text.vSWAP_B  0x00000000080020cc       0x14 Core/Src/gbcpu.o
                0x00000000080020cc                vSWAP_B
 .text.vSWAP_C  0x00000000080020e0       0x14 Core/Src/gbcpu.o
                0x00000000080020e0                vSWAP_C
 .text.vSWAP_D  0x00000000080020f4       0x14 Core/Src/gbcpu.o
                0x00000000080020f4                vSWAP_D
 .text.vSWAP_E  0x0000000008002108       0x14 Core/Src/gbcpu.o
                0x0000000008002108                vSWAP_E
 .text.vSWAP_H  0x000000000800211c       0x14 Core/Src/gbcpu.o
                0x000000000800211c                vSWAP_H
 .text.vSWAP_L  0x0000000008002130       0x14 Core/Src/gbcpu.o
                0x0000000008002130                vSWAP_L
 .text.vSWAP_HL
                0x0000000008002144       0x24 Core/Src/gbcpu.o
                0x0000000008002144                vSWAP_HL
 .text.vSWAP_A  0x0000000008002168       0x14 Core/Src/gbcpu.o
                0x0000000008002168                vSWAP_A
 .text.vSRL_B   0x000000000800217c       0x14 Core/Src/gbcpu.o
                0x000000000800217c                vSRL_B
 .text.vSRL_C   0x0000000008002190       0x14 Core/Src/gbcpu.o
                0x0000000008002190                vSRL_C
 .text.vSRL_D   0x00000000080021a4       0x14 Core/Src/gbcpu.o
                0x00000000080021a4                vSRL_D
 .text.vSRL_E   0x00000000080021b8       0x14 Core/Src/gbcpu.o
                0x00000000080021b8                vSRL_E
 .text.vSRL_H   0x00000000080021cc       0x14 Core/Src/gbcpu.o
                0x00000000080021cc                vSRL_H
 .text.vSRL_L   0x00000000080021e0       0x14 Core/Src/gbcpu.o
                0x00000000080021e0                vSRL_L
 .text.vSRL_HL  0x00000000080021f4       0x24 Core/Src/gbcpu.o
                0x00000000080021f4                vSRL_HL
 .text.vSRL_A   0x0000000008002218       0x14 Core/Src/gbcpu.o
                0x0000000008002218                vSRL_A
 .text.vBIT_0_B
                0x000000000800222c       0x10 Core/Src/gbcpu.o
                0x000000000800222c                vBIT_0_B
 .text.vBIT_0_C
                0x000000000800223c       0x10 Core/Src/gbcpu.o
                0x000000000800223c                vBIT_0_C
 .text.vBIT_0_D
                0x000000000800224c       0x10 Core/Src/gbcpu.o
                0x000000000800224c                vBIT_0_D
 .text.vBIT_0_E
                0x000000000800225c       0x10 Core/Src/gbcpu.o
                0x000000000800225c                vBIT_0_E
 .text.vBIT_0_H
                0x000000000800226c       0x10 Core/Src/gbcpu.o
                0x000000000800226c                vBIT_0_H
 .text.vBIT_0_L
                0x000000000800227c       0x10 Core/Src/gbcpu.o
                0x000000000800227c                vBIT_0_L
 .text.vBIT_0_HL
                0x000000000800228c       0x1c Core/Src/gbcpu.o
                0x000000000800228c                vBIT_0_HL
 .text.vBIT_0_A
                0x00000000080022a8       0x10 Core/Src/gbcpu.o
                0x00000000080022a8                vBIT_0_A
 .text.vBIT_1_A
                0x00000000080022b8        0x4 Core/Src/gbcpu.o
                0x00000000080022b8                vBIT_1_A
 .text.vBIT_1_B
                0x00000000080022bc       0x10 Core/Src/gbcpu.o
                0x00000000080022bc                vBIT_1_B
 .text.vBIT_1_C
                0x00000000080022cc       0x10 Core/Src/gbcpu.o
                0x00000000080022cc                vBIT_1_C
 .text.vBIT_1_D
                0x00000000080022dc       0x10 Core/Src/gbcpu.o
                0x00000000080022dc                vBIT_1_D
 .text.vBIT_1_E
                0x00000000080022ec       0x10 Core/Src/gbcpu.o
                0x00000000080022ec                vBIT_1_E
 .text.vBIT_1_H
                0x00000000080022fc       0x10 Core/Src/gbcpu.o
                0x00000000080022fc                vBIT_1_H
 .text.vBIT_1_L
                0x000000000800230c       0x10 Core/Src/gbcpu.o
                0x000000000800230c                vBIT_1_L
 .text.vBIT_1_HL
                0x000000000800231c       0x1c Core/Src/gbcpu.o
                0x000000000800231c                vBIT_1_HL
 .text.vBIT_2_B
                0x0000000008002338       0x10 Core/Src/gbcpu.o
                0x0000000008002338                vBIT_2_B
 .text.vBIT_2_C
                0x0000000008002348       0x10 Core/Src/gbcpu.o
                0x0000000008002348                vBIT_2_C
 .text.vBIT_2_D
                0x0000000008002358       0x10 Core/Src/gbcpu.o
                0x0000000008002358                vBIT_2_D
 .text.vBIT_2_E
                0x0000000008002368       0x10 Core/Src/gbcpu.o
                0x0000000008002368                vBIT_2_E
 .text.vBIT_2_H
                0x0000000008002378       0x10 Core/Src/gbcpu.o
                0x0000000008002378                vBIT_2_H
 .text.vBIT_2_L
                0x0000000008002388       0x10 Core/Src/gbcpu.o
                0x0000000008002388                vBIT_2_L
 .text.vBIT_2_HL
                0x0000000008002398       0x1c Core/Src/gbcpu.o
                0x0000000008002398                vBIT_2_HL
 .text.vBIT_2_A
                0x00000000080023b4       0x10 Core/Src/gbcpu.o
                0x00000000080023b4                vBIT_2_A
 .text.vBIT_3_B
                0x00000000080023c4       0x10 Core/Src/gbcpu.o
                0x00000000080023c4                vBIT_3_B
 .text.vBIT_3_C
                0x00000000080023d4       0x10 Core/Src/gbcpu.o
                0x00000000080023d4                vBIT_3_C
 .text.vBIT_3_D
                0x00000000080023e4       0x10 Core/Src/gbcpu.o
                0x00000000080023e4                vBIT_3_D
 .text.vBIT_3_E
                0x00000000080023f4       0x10 Core/Src/gbcpu.o
                0x00000000080023f4                vBIT_3_E
 .text.vBIT_3_H
                0x0000000008002404       0x10 Core/Src/gbcpu.o
                0x0000000008002404                vBIT_3_H
 .text.vBIT_3_L
                0x0000000008002414       0x10 Core/Src/gbcpu.o
                0x0000000008002414                vBIT_3_L
 .text.vBIT_3_HL
                0x0000000008002424       0x1c Core/Src/gbcpu.o
                0x0000000008002424                vBIT_3_HL
 .text.vBIT_3_A
                0x0000000008002440       0x10 Core/Src/gbcpu.o
                0x0000000008002440                vBIT_3_A
 .text.vBIT_4_B
                0x0000000008002450       0x10 Core/Src/gbcpu.o
                0x0000000008002450                vBIT_4_B
 .text.vBIT_4_C
                0x0000000008002460       0x10 Core/Src/gbcpu.o
                0x0000000008002460                vBIT_4_C
 .text.vBIT_4_D
                0x0000000008002470       0x10 Core/Src/gbcpu.o
                0x0000000008002470                vBIT_4_D
 .text.vBIT_4_E
                0x0000000008002480       0x10 Core/Src/gbcpu.o
                0x0000000008002480                vBIT_4_E
 .text.vBIT_4_H
                0x0000000008002490       0x10 Core/Src/gbcpu.o
                0x0000000008002490                vBIT_4_H
 .text.vBIT_4_L
                0x00000000080024a0       0x10 Core/Src/gbcpu.o
                0x00000000080024a0                vBIT_4_L
 .text.vBIT_4_HL
                0x00000000080024b0       0x1c Core/Src/gbcpu.o
                0x00000000080024b0                vBIT_4_HL
 .text.vBIT_4_A
                0x00000000080024cc       0x10 Core/Src/gbcpu.o
                0x00000000080024cc                vBIT_4_A
 .text.vBIT_5_B
                0x00000000080024dc       0x10 Core/Src/gbcpu.o
                0x00000000080024dc                vBIT_5_B
 .text.vBIT_5_C
                0x00000000080024ec       0x10 Core/Src/gbcpu.o
                0x00000000080024ec                vBIT_5_C
 .text.vBIT_5_D
                0x00000000080024fc       0x10 Core/Src/gbcpu.o
                0x00000000080024fc                vBIT_5_D
 .text.vBIT_5_E
                0x000000000800250c       0x10 Core/Src/gbcpu.o
                0x000000000800250c                vBIT_5_E
 .text.vBIT_5_H
                0x000000000800251c       0x10 Core/Src/gbcpu.o
                0x000000000800251c                vBIT_5_H
 .text.vBIT_5_L
                0x000000000800252c       0x10 Core/Src/gbcpu.o
                0x000000000800252c                vBIT_5_L
 .text.vBIT_5_HL
                0x000000000800253c       0x1c Core/Src/gbcpu.o
                0x000000000800253c                vBIT_5_HL
 .text.vBIT_5_A
                0x0000000008002558       0x10 Core/Src/gbcpu.o
                0x0000000008002558                vBIT_5_A
 .text.vBIT_6_B
                0x0000000008002568       0x10 Core/Src/gbcpu.o
                0x0000000008002568                vBIT_6_B
 .text.vBIT_6_C
                0x0000000008002578       0x10 Core/Src/gbcpu.o
                0x0000000008002578                vBIT_6_C
 .text.vBIT_6_D
                0x0000000008002588       0x10 Core/Src/gbcpu.o
                0x0000000008002588                vBIT_6_D
 .text.vBIT_6_E
                0x0000000008002598       0x10 Core/Src/gbcpu.o
                0x0000000008002598                vBIT_6_E
 .text.vBIT_6_H
                0x00000000080025a8       0x10 Core/Src/gbcpu.o
                0x00000000080025a8                vBIT_6_H
 .text.vBIT_6_L
                0x00000000080025b8       0x10 Core/Src/gbcpu.o
                0x00000000080025b8                vBIT_6_L
 .text.vBIT_6_HL
                0x00000000080025c8       0x1c Core/Src/gbcpu.o
                0x00000000080025c8                vBIT_6_HL
 .text.vBIT_6_A
                0x00000000080025e4       0x10 Core/Src/gbcpu.o
                0x00000000080025e4                vBIT_6_A
 .text.vBIT_7_B
                0x00000000080025f4       0x10 Core/Src/gbcpu.o
                0x00000000080025f4                vBIT_7_B
 .text.vBIT_7_C
                0x0000000008002604       0x10 Core/Src/gbcpu.o
                0x0000000008002604                vBIT_7_C
 .text.vBIT_7_D
                0x0000000008002614       0x10 Core/Src/gbcpu.o
                0x0000000008002614                vBIT_7_D
 .text.vBIT_7_E
                0x0000000008002624       0x10 Core/Src/gbcpu.o
                0x0000000008002624                vBIT_7_E
 .text.vBIT_7_H
                0x0000000008002634       0x10 Core/Src/gbcpu.o
                0x0000000008002634                vBIT_7_H
 .text.vBIT_7_L
                0x0000000008002644       0x10 Core/Src/gbcpu.o
                0x0000000008002644                vBIT_7_L
 .text.vBIT_7_HL
                0x0000000008002654       0x1c Core/Src/gbcpu.o
                0x0000000008002654                vBIT_7_HL
 .text.vBIT_7_A
                0x0000000008002670       0x10 Core/Src/gbcpu.o
                0x0000000008002670                vBIT_7_A
 .text.vRES_0_HL
                0x0000000008002680       0x20 Core/Src/gbcpu.o
                0x0000000008002680                vRES_0_HL
 .text.vRES_1_HL
                0x00000000080026a0       0x20 Core/Src/gbcpu.o
                0x00000000080026a0                vRES_1_HL
 .text.vRES_2_HL
                0x00000000080026c0       0x20 Core/Src/gbcpu.o
                0x00000000080026c0                vRES_2_HL
 .text.vRES_3_HL
                0x00000000080026e0       0x20 Core/Src/gbcpu.o
                0x00000000080026e0                vRES_3_HL
 .text.vRES_4_HL
                0x0000000008002700       0x20 Core/Src/gbcpu.o
                0x0000000008002700                vRES_4_HL
 .text.vRES_5_HL
                0x0000000008002720       0x20 Core/Src/gbcpu.o
                0x0000000008002720                vRES_5_HL
 .text.vRES_6_HL
                0x0000000008002740       0x20 Core/Src/gbcpu.o
                0x0000000008002740                vRES_6_HL
 .text.vRES_7_HL
                0x0000000008002760       0x20 Core/Src/gbcpu.o
                0x0000000008002760                vRES_7_HL
 .text.vSET_0_HL
                0x0000000008002780       0x20 Core/Src/gbcpu.o
                0x0000000008002780                vSET_0_HL
 .text.vSET_1_HL
                0x00000000080027a0       0x20 Core/Src/gbcpu.o
                0x00000000080027a0                vSET_1_HL
 .text.vSET_2_HL
                0x00000000080027c0       0x20 Core/Src/gbcpu.o
                0x00000000080027c0                vSET_2_HL
 .text.vSET_3_HL
                0x00000000080027e0       0x20 Core/Src/gbcpu.o
                0x00000000080027e0                vSET_3_HL
 .text.vSET_4_HL
                0x0000000008002800       0x20 Core/Src/gbcpu.o
                0x0000000008002800                vSET_4_HL
 .text.vSET_5_HL
                0x0000000008002820       0x20 Core/Src/gbcpu.o
                0x0000000008002820                vSET_5_HL
 .text.vSET_6_HL
                0x0000000008002840       0x20 Core/Src/gbcpu.o
                0x0000000008002840                vSET_6_HL
 .text.vSET_7_HL
                0x0000000008002860       0x20 Core/Src/gbcpu.o
                0x0000000008002860                vSET_7_HL
 .text.vCCF     0x0000000008002880       0x3c Core/Src/gbcpu.o
                0x0000000008002880                vCCF
 .text.vRET_NZ.part.0
                0x00000000080028bc        0xc Core/Src/gbcpu.o
 .text.vRET_NZ  0x00000000080028c8       0x38 Core/Src/gbcpu.o
                0x00000000080028c8                vRET_NZ
 .text.vRET_Z   0x0000000008002900       0x38 Core/Src/gbcpu.o
                0x0000000008002900                vRET_Z
 .text.vRET_NC  0x0000000008002938       0x38 Core/Src/gbcpu.o
                0x0000000008002938                vRET_NC
 .text.vRET_C   0x0000000008002970       0x38 Core/Src/gbcpu.o
                0x0000000008002970                vRET_C
 .text.vLD_A_A  0x00000000080029a8        0x4 Core/Src/gbcpu.o
                0x00000000080029a8                vLD_A_A
 .text.vLD_B_B  0x00000000080029ac        0x4 Core/Src/gbcpu.o
                0x00000000080029ac                vLD_B_B
 .text.vLD_C_C  0x00000000080029b0        0x4 Core/Src/gbcpu.o
                0x00000000080029b0                vLD_C_C
 .text.vLD_D_D  0x00000000080029b4        0x4 Core/Src/gbcpu.o
                0x00000000080029b4                vLD_D_D
 .text.vLD_E_E  0x00000000080029b8        0x4 Core/Src/gbcpu.o
                0x00000000080029b8                vLD_E_E
 .text.vLD_H_H  0x00000000080029bc        0x4 Core/Src/gbcpu.o
                0x00000000080029bc                vLD_H_H
 .text.vLD_L_L  0x00000000080029c0        0x4 Core/Src/gbcpu.o
                0x00000000080029c0                vLD_L_L
 .text.vGBCPUinstr
                0x00000000080029c4       0x90 Core/Src/gbcpu.o
                0x00000000080029c4                vGBCPUinstr
 .text.vGBCPUboot
                0x0000000008002a54       0x24 Core/Src/gbcpu.o
                0x0000000008002a54                vGBCPUboot
 .text.concat_16bit_bigEndian
                0x0000000008002a78        0x8 Core/Src/gbfunctions.o
                0x0000000008002a78                concat_16bit_bigEndian
 .text.setbit   0x0000000008002a80       0x10 Core/Src/gbfunctions.o
                0x0000000008002a80                setbit
 .text.resetbit
                0x0000000008002a90       0x10 Core/Src/gbfunctions.o
                0x0000000008002a90                resetbit
 .text.checkbit
                0x0000000008002aa0        0x8 Core/Src/gbfunctions.o
                0x0000000008002aa0                checkbit
 .text.v8bitRegisterINC
                0x0000000008002aa8       0x3c Core/Src/gbfunctions.o
                0x0000000008002aa8                v8bitRegisterINC
 .text.v8bitRegisterDEC
                0x0000000008002ae4       0x40 Core/Src/gbfunctions.o
                0x0000000008002ae4                v8bitRegisterDEC
 .text.vGBFunctionRLCA
                0x0000000008002b24       0x18 Core/Src/gbfunctions.o
                0x0000000008002b24                vGBFunctionRLCA
 .text.vGBFunctionRRCA
                0x0000000008002b3c       0x24 Core/Src/gbfunctions.o
                0x0000000008002b3c                vGBFunctionRRCA
 .text.vGBFunction16bitADD
                0x0000000008002b60       0x50 Core/Src/gbfunctions.o
                0x0000000008002b60                vGBFunction16bitADD
 .text.vGBFunctionRLA
                0x0000000008002bb0       0x1c Core/Src/gbfunctions.o
                0x0000000008002bb0                vGBFunctionRLA
 .text.vGBFunctionRRA
                0x0000000008002bcc       0x1c Core/Src/gbfunctions.o
                0x0000000008002bcc                vGBFunctionRRA
 .text.vGBFunctionJR_NZ
                0x0000000008002be8       0x18 Core/Src/gbfunctions.o
                0x0000000008002be8                vGBFunctionJR_NZ
 .text.vGBFunctionDAA
                0x0000000008002c00       0x68 Core/Src/gbfunctions.o
                0x0000000008002c00                vGBFunctionDAA
 .text.vGBFunctionJR_Z
                0x0000000008002c68       0x18 Core/Src/gbfunctions.o
                0x0000000008002c68                vGBFunctionJR_Z
 .text.vGBFunctionJR_NC
                0x0000000008002c80       0x18 Core/Src/gbfunctions.o
                0x0000000008002c80                vGBFunctionJR_NC
 .text.vMemoryLocationINC
                0x0000000008002c98       0x54 Core/Src/gbfunctions.o
                0x0000000008002c98                vMemoryLocationINC
 .text.vMemoryLocationDEC
                0x0000000008002cec       0x50 Core/Src/gbfunctions.o
                0x0000000008002cec                vMemoryLocationDEC
 .text.vGBFunctionJR_C
                0x0000000008002d3c       0x18 Core/Src/gbfunctions.o
                0x0000000008002d3c                vGBFunctionJR_C
 .text.vGBFunctionADD
                0x0000000008002d54       0x48 Core/Src/gbfunctions.o
                0x0000000008002d54                vGBFunctionADD
 .text.vGBFunctionADC
                0x0000000008002d9c       0x4c Core/Src/gbfunctions.o
                0x0000000008002d9c                vGBFunctionADC
 .text.vGBFunctionSUB
                0x0000000008002de8       0x6c Core/Src/gbfunctions.o
                0x0000000008002de8                vGBFunctionSUB
 .text.vGBFunctionSBC
                0x0000000008002e54       0x68 Core/Src/gbfunctions.o
                0x0000000008002e54                vGBFunctionSBC
 .text.vGBFunctionCP
                0x0000000008002ebc       0x3c Core/Src/gbfunctions.o
                0x0000000008002ebc                vGBFunctionCP
 .text.vGBFunctionRET
                0x0000000008002ef8       0x28 Core/Src/gbfunctions.o
                0x0000000008002ef8                vGBFunctionRET
 .text.vGBFunctionPOP
                0x0000000008002f20        0x4 Core/Src/gbfunctions.o
                0x0000000008002f20                vGBFunctionPOP
 .text.vGBFunctionJP_NZ_a16
                0x0000000008002f24       0x10 Core/Src/gbfunctions.o
                0x0000000008002f24                vGBFunctionJP_NZ_a16
 .text.vGBFunctionPUSH
                0x0000000008002f34       0x28 Core/Src/gbfunctions.o
                0x0000000008002f34                vGBFunctionPUSH
 .text.vGBFunctionCALL_NZ_a16
                0x0000000008002f5c       0x38 Core/Src/gbfunctions.o
                0x0000000008002f5c                vGBFunctionCALL_NZ_a16
 .text.vGBFunctionJP_Z_a16
                0x0000000008002f94       0x10 Core/Src/gbfunctions.o
                0x0000000008002f94                vGBFunctionJP_Z_a16
 .text.vGBFunctionCALL_Z_a16
                0x0000000008002fa4       0x38 Core/Src/gbfunctions.o
                0x0000000008002fa4                vGBFunctionCALL_Z_a16
 .text.vGBFunctionJP_NC_a16
                0x0000000008002fdc       0x10 Core/Src/gbfunctions.o
                0x0000000008002fdc                vGBFunctionJP_NC_a16
 .text.vGBFunctionCALL_NC_a16
                0x0000000008002fec       0x38 Core/Src/gbfunctions.o
                0x0000000008002fec                vGBFunctionCALL_NC_a16
 .text.vGBFunctionJP_C_a16
                0x0000000008003024       0x10 Core/Src/gbfunctions.o
                0x0000000008003024                vGBFunctionJP_C_a16
 .text.vGBFunctionCALL_C_a16
                0x0000000008003034       0x38 Core/Src/gbfunctions.o
                0x0000000008003034                vGBFunctionCALL_C_a16
 .text.vGBFunctionADD_SP_r8
                0x000000000800306c       0x50 Core/Src/gbfunctions.o
                0x000000000800306c                vGBFunctionADD_SP_r8
 .text.vGBFunctionLD_HL_SP_r8
                0x00000000080030bc       0x50 Core/Src/gbfunctions.o
                0x00000000080030bc                vGBFunctionLD_HL_SP_r8
 .text.ucGBFunctionRLC
                0x000000000800310c       0x38 Core/Src/gbfunctions.o
                0x000000000800310c                ucGBFunctionRLC
 .text.ucGBFunctionRRC
                0x0000000008003144       0x38 Core/Src/gbfunctions.o
                0x0000000008003144                ucGBFunctionRRC
 .text.ucGBFunctionRL
                0x000000000800317c       0x34 Core/Src/gbfunctions.o
                0x000000000800317c                ucGBFunctionRL
 .text.ucGBFunctionRR
                0x00000000080031b0       0x38 Core/Src/gbfunctions.o
                0x00000000080031b0                ucGBFunctionRR
 .text.ucGBFunctionSLA
                0x00000000080031e8       0x30 Core/Src/gbfunctions.o
                0x00000000080031e8                ucGBFunctionSLA
 .text.ucGBFunctionSRA
                0x0000000008003218       0x34 Core/Src/gbfunctions.o
                0x0000000008003218                ucGBFunctionSRA
 .text.ucGBFunctionSWAP
                0x000000000800324c       0x2c Core/Src/gbfunctions.o
                0x000000000800324c                ucGBFunctionSWAP
 .text.ucGBFunctionSRL
                0x0000000008003278       0x28 Core/Src/gbfunctions.o
                0x0000000008003278                ucGBFunctionSRL
 .text.vGBFunctionBIT
                0x00000000080032a0       0x30 Core/Src/gbfunctions.o
                0x00000000080032a0                vGBFunctionBIT
 .text.ucGBFunctionRESHL
                0x00000000080032d0       0x18 Core/Src/gbfunctions.o
                0x00000000080032d0                ucGBFunctionRESHL
 .text.ucGBFunctionSETHL
                0x00000000080032e8       0x14 Core/Src/gbfunctions.o
                0x00000000080032e8                ucGBFunctionSETHL
 .text.vGBMemorySetOP
                0x00000000080032fc        0xc Core/Src/gbmemory.o
                0x00000000080032fc                vGBMemorySetOP
 .text.vGBMemoryLoad
                0x0000000008003308       0x10 Core/Src/gbmemory.o
                0x0000000008003308                vGBMemoryLoad
 .text.vGBMemoryWrite
                0x0000000008003318        0xc Core/Src/gbmemory.o
                0x0000000008003318                vGBMemoryWrite
 .text.vGBMemorySetBit
                0x0000000008003324       0x14 Core/Src/gbmemory.o
                0x0000000008003324                vGBMemorySetBit
 .text.vGBMemoryResetBit
                0x0000000008003338       0x18 Core/Src/gbmemory.o
                0x0000000008003338                vGBMemoryResetBit
 .text.ucGBMemoryRead
                0x0000000008003350        0xc Core/Src/gbmemory.o
                0x0000000008003350                ucGBMemoryRead
 .text.usGBMemoryReadShort
                0x000000000800335c        0xc Core/Src/gbmemory.o
                0x000000000800335c                usGBMemoryReadShort
 .text.vGBMemoryPrint
                0x0000000008003368      0x1c8 Core/Src/gbmemory.o
                0x0000000008003368                vGBMemoryPrint
 .text.setMode.part.0
                0x0000000008003530       0x1c Core/Src/gbppu.o
 .text.vCheckBGP
                0x000000000800354c       0x54 Core/Src/gbppu.o
                0x000000000800354c                vCheckBGP
 .text.getTileLineData
                0x00000000080035a0       0x2c Core/Src/gbppu.o
                0x00000000080035a0                getTileLineData
 .text.draw_line
                0x00000000080035cc       0x80 Core/Src/gbppu.o
                0x00000000080035cc                draw_line
 .text.LYC_check
                0x000000000800364c       0x28 Core/Src/gbppu.o
                0x000000000800364c                LYC_check
 .text.setMode  0x0000000008003674       0x68 Core/Src/gbppu.o
                0x0000000008003674                setMode
 .text.gbPPUStep
                0x00000000080036dc      0x10c Core/Src/gbppu.o
                0x00000000080036dc                gbPPUStep
 .text.SystemClock_Config
                0x00000000080037e8       0xd4 Core/Src/main.o
                0x00000000080037e8                SystemClock_Config
 .text.startup.main
                0x00000000080038bc      0x1e0 Core/Src/main.o
                0x00000000080038bc                main
 .text.HAL_LTDC_LineEventCallback
                0x0000000008003a9c       0x48 Core/Src/stm32h7_display.o
                0x0000000008003a9c                HAL_LTDC_LineEventCallback
 .text.CopyBuffer
                0x0000000008003ae4       0x90 Core/Src/stm32h7_display.o
                0x0000000008003ae4                CopyBuffer
 .text.dummy2_code
                0x0000000008003b74       0x2c Core/Src/stm32h7_display.o
                0x0000000008003b74                dummy2_code
 .text.NMI_Handler
                0x0000000008003ba0        0x4 Core/Src/stm32h7xx_it.o
                0x0000000008003ba0                NMI_Handler
 .text.HardFault_Handler
                0x0000000008003ba4       0x1c Core/Src/stm32h7xx_it.o
                0x0000000008003ba4                HardFault_Handler
 .text.MemManage_Handler
                0x0000000008003bc0        0x4 Core/Src/stm32h7xx_it.o
                0x0000000008003bc0                MemManage_Handler
 .text.BusFault_Handler
                0x0000000008003bc4        0x4 Core/Src/stm32h7xx_it.o
                0x0000000008003bc4                BusFault_Handler
 .text.UsageFault_Handler
                0x0000000008003bc8        0x4 Core/Src/stm32h7xx_it.o
                0x0000000008003bc8                UsageFault_Handler
 .text.SVC_Handler
                0x0000000008003bcc        0x4 Core/Src/stm32h7xx_it.o
                0x0000000008003bcc                SVC_Handler
 .text.DebugMon_Handler
                0x0000000008003bd0        0x4 Core/Src/stm32h7xx_it.o
                0x0000000008003bd0                DebugMon_Handler
 .text.PendSV_Handler
                0x0000000008003bd4        0x4 Core/Src/stm32h7xx_it.o
                0x0000000008003bd4                PendSV_Handler
 .text.SysTick_Handler
                0x0000000008003bd8        0x4 Core/Src/stm32h7xx_it.o
                0x0000000008003bd8                SysTick_Handler
 .text.LTDC_IRQHandler
                0x0000000008003bdc        0xc Core/Src/stm32h7xx_it.o
                0x0000000008003bdc                LTDC_IRQHandler
 .text.LTDC_ER_IRQHandler
                0x0000000008003be8        0x4 Core/Src/stm32h7xx_it.o
                0x0000000008003be8                LTDC_ER_IRQHandler
 .text.DSI_IRQHandler
                0x0000000008003bec        0xc Core/Src/stm32h7xx_it.o
                0x0000000008003bec                DSI_IRQHandler
 .text._sbrk    0x0000000008003bf8       0x48 Core/Src/sysmem.o
                0x0000000008003bf8                _sbrk
 .text.Reset_Handler
                0x0000000008003c40       0x50 Core/Startup/startup_stm32h747xihx.o
                0x0000000008003c40                Reset_Handler
 .text.Default_Handler
                0x0000000008003c90        0x2 Core/Startup/startup_stm32h747xihx.o
                0x0000000008003c90                RTC_Alarm_IRQHandler
                0x0000000008003c90                EXTI2_IRQHandler
                0x0000000008003c90                TIM8_CC_IRQHandler
                0x0000000008003c90                HRTIM1_Master_IRQHandler
                0x0000000008003c90                UART8_IRQHandler
                0x0000000008003c90                SPI4_IRQHandler
                0x0000000008003c90                TIM1_CC_IRQHandler
                0x0000000008003c90                BDMA_Channel6_IRQHandler
                0x0000000008003c90                DMA2_Stream5_IRQHandler
                0x0000000008003c90                HRTIM1_FLT_IRQHandler
                0x0000000008003c90                JPEG_IRQHandler
                0x0000000008003c90                DMA1_Stream5_IRQHandler
                0x0000000008003c90                BDMA_Channel1_IRQHandler
                0x0000000008003c90                HRTIM1_TIMD_IRQHandler
                0x0000000008003c90                TAMP_STAMP_IRQHandler
                0x0000000008003c90                EXTI3_IRQHandler
                0x0000000008003c90                LPTIM4_IRQHandler
                0x0000000008003c90                TIM8_TRG_COM_TIM14_IRQHandler
                0x0000000008003c90                LPTIM2_IRQHandler
                0x0000000008003c90                DFSDM1_FLT1_IRQHandler
                0x0000000008003c90                DMAMUX2_OVR_IRQHandler
                0x0000000008003c90                TIM8_UP_TIM13_IRQHandler
                0x0000000008003c90                I2C3_ER_IRQHandler
                0x0000000008003c90                DFSDM1_FLT2_IRQHandler
                0x0000000008003c90                MDMA_IRQHandler
                0x0000000008003c90                LPTIM3_IRQHandler
                0x0000000008003c90                HSEM1_IRQHandler
                0x0000000008003c90                EXTI0_IRQHandler
                0x0000000008003c90                I2C2_EV_IRQHandler
                0x0000000008003c90                DMA1_Stream2_IRQHandler
                0x0000000008003c90                FPU_IRQHandler
                0x0000000008003c90                OTG_HS_WKUP_IRQHandler
                0x0000000008003c90                FDCAN1_IT1_IRQHandler
                0x0000000008003c90                DMA2_Stream2_IRQHandler
                0x0000000008003c90                HRTIM1_TIME_IRQHandler
                0x0000000008003c90                SPI1_IRQHandler
                0x0000000008003c90                TIM6_DAC_IRQHandler
                0x0000000008003c90                DCMI_IRQHandler
                0x0000000008003c90                HRTIM1_TIMC_IRQHandler
                0x0000000008003c90                DMA2_Stream3_IRQHandler
                0x0000000008003c90                SAI2_IRQHandler
                0x0000000008003c90                DFSDM1_FLT3_IRQHandler
                0x0000000008003c90                USART6_IRQHandler
                0x0000000008003c90                TIM17_IRQHandler
                0x0000000008003c90                USART3_IRQHandler
                0x0000000008003c90                BDMA_Channel7_IRQHandler
                0x0000000008003c90                LPTIM5_IRQHandler
                0x0000000008003c90                UART5_IRQHandler
                0x0000000008003c90                ADC3_IRQHandler
                0x0000000008003c90                DMA2_Stream0_IRQHandler
                0x0000000008003c90                TIM4_IRQHandler
                0x0000000008003c90                BDMA_Channel2_IRQHandler
                0x0000000008003c90                QUADSPI_IRQHandler
                0x0000000008003c90                I2C1_EV_IRQHandler
                0x0000000008003c90                DMA1_Stream6_IRQHandler
                0x0000000008003c90                DMAMUX1_OVR_IRQHandler
                0x0000000008003c90                DMA1_Stream1_IRQHandler
                0x0000000008003c90                TIM16_IRQHandler
                0x0000000008003c90                UART4_IRQHandler
                0x0000000008003c90                BDMA_Channel5_IRQHandler
                0x0000000008003c90                TIM3_IRQHandler
                0x0000000008003c90                RCC_IRQHandler
                0x0000000008003c90                TIM8_BRK_TIM12_IRQHandler
                0x0000000008003c90                TIM1_TRG_COM_IRQHandler
                0x0000000008003c90                Default_Handler
                0x0000000008003c90                ECC_IRQHandler
                0x0000000008003c90                CEC_IRQHandler
                0x0000000008003c90                EXTI15_10_IRQHandler
                0x0000000008003c90                BDMA_Channel0_IRQHandler
                0x0000000008003c90                ADC_IRQHandler
                0x0000000008003c90                DMA1_Stream7_IRQHandler
                0x0000000008003c90                HRTIM1_TIMA_IRQHandler
                0x0000000008003c90                SPI5_IRQHandler
                0x0000000008003c90                TIM7_IRQHandler
                0x0000000008003c90                SDMMC1_IRQHandler
                0x0000000008003c90                TIM5_IRQHandler
                0x0000000008003c90                DMA2_Stream7_IRQHandler
                0x0000000008003c90                TIM15_IRQHandler
                0x0000000008003c90                PVD_AVD_IRQHandler
                0x0000000008003c90                I2C3_EV_IRQHandler
                0x0000000008003c90                EXTI9_5_IRQHandler
                0x0000000008003c90                RTC_WKUP_IRQHandler
                0x0000000008003c90                SAI3_IRQHandler
                0x0000000008003c90                ETH_WKUP_IRQHandler
                0x0000000008003c90                SPDIF_RX_IRQHandler
                0x0000000008003c90                SPI2_IRQHandler
                0x0000000008003c90                OTG_HS_EP1_IN_IRQHandler
                0x0000000008003c90                DMA1_Stream0_IRQHandler
                0x0000000008003c90                CRS_IRQHandler
                0x0000000008003c90                CM7_SEV_IRQHandler
                0x0000000008003c90                EXTI4_IRQHandler
                0x0000000008003c90                RNG_IRQHandler
                0x0000000008003c90                CM4_SEV_IRQHandler
                0x0000000008003c90                HRTIM1_TIMB_IRQHandler
                0x0000000008003c90                FDCAN2_IT1_IRQHandler
                0x0000000008003c90                ETH_IRQHandler
                0x0000000008003c90                TIM1_UP_IRQHandler
                0x0000000008003c90                WWDG_RST_IRQHandler
                0x0000000008003c90                BDMA_Channel4_IRQHandler
                0x0000000008003c90                OTG_HS_EP1_OUT_IRQHandler
                0x0000000008003c90                WWDG_IRQHandler
                0x0000000008003c90                SPI6_IRQHandler
                0x0000000008003c90                MDIOS_IRQHandler
                0x0000000008003c90                I2C4_EV_IRQHandler
                0x0000000008003c90                FDCAN2_IT0_IRQHandler
                0x0000000008003c90                LPUART1_IRQHandler
                0x0000000008003c90                FDCAN1_IT0_IRQHandler
                0x0000000008003c90                TIM2_IRQHandler
                0x0000000008003c90                OTG_FS_WKUP_IRQHandler
                0x0000000008003c90                OTG_HS_IRQHandler
                0x0000000008003c90                HSEM2_IRQHandler
                0x0000000008003c90                DMA2D_IRQHandler
                0x0000000008003c90                TIM1_BRK_IRQHandler
                0x0000000008003c90                EXTI1_IRQHandler
                0x0000000008003c90                SDMMC2_IRQHandler
                0x0000000008003c90                OTG_FS_EP1_OUT_IRQHandler