gbcpu.c:1095:6:vNOP	0	static
gbcpu.c:1098:6:vINCs_BC	0	static
gbcpu.c:1106:6:vDECs_BC	0	static
gbcpu.c:1113:6:vSTOP	0	static
gbcpu.c:1116:6:vINCs_DE	0	static
gbcpu.c:1124:6:vDECs_DE	0	static
gbcpu.c:1134:6:vINCs_HL	0	static
gbcpu.c:1142:6:vDECs_HL	0	static
gbcpu.c:1152:6:vINCs_SP	0	static
gbcpu.c:1160:6:vDECs_SP	0	static
gbcpu.c:1168:6:vLD_B_C	0	static
gbcpu.c:1169:6:vLD_B_D	0	static
gbcpu.c:1170:6:vLD_B_E	0	static
gbcpu.c:1171:6:vLD_B_H	0	static
gbcpu.c:1172:6:vLD_B_L	0	static
gbcpu.c:1174:6:vLD_B_A	0	static
gbcpu.c:1175:6:vLD_C_B	0	static
gbcpu.c:1177:6:vLD_C_D	0	static
gbcpu.c:1178:6:vLD_C_E	0	static
gbcpu.c:1179:6:vLD_C_H	0	static
gbcpu.c:1180:6:vLD_C_L	0	static
gbcpu.c:1182:6:vLD_C_A	0	static
gbcpu.c:1185:6:vLD_D_B	0	static
gbcpu.c:1186:6:vLD_D_C	0	static
gbcpu.c:1188:6:vLD_D_E	0	static
gbcpu.c:1189:6:vLD_D_H	0	static
gbcpu.c:1190:6:vLD_D_L	0	static
gbcpu.c:1192:6:vLD_D_A	0	static
gbcpu.c:1193:6:vLD_E_B	0	static
gbcpu.c:1194:6:vLD_E_C	0	static
gbcpu.c:1195:6:vLD_E_D	0	static
gbcpu.c:1197:6:vLD_E_H	0	static
gbcpu.c:1198:6:vLD_E_L	0	static
gbcpu.c:1200:6:vLD_E_A	0	static
gbcpu.c:1203:6:vLD_H_B	0	static
gbcpu.c:1204:6:vLD_H_C	0	static
gbcpu.c:1205:6:vLD_H_D	0	static
gbcpu.c:1206:6:vLD_H_E	0	static
gbcpu.c:1208:6:vLD_H_L	0	static
gbcpu.c:1210:6:vLD_H_A	0	static
gbcpu.c:1211:6:vLD_L_B	0	static
gbcpu.c:1212:6:vLD_L_C	0	static
gbcpu.c:1213:6:vLD_L_D	0	static
gbcpu.c:1214:6:vLD_L_E	0	static
gbcpu.c:1215:6:vLD_L_H	0	static
gbcpu.c:1218:6:vLD_L_A	0	static
gbcpu.c:1229:6:vLD_A_B	0	static
gbcpu.c:1230:6:vLD_A_C	0	static
gbcpu.c:1231:6:vLD_A_D	0	static
gbcpu.c:1232:6:vLD_A_E	0	static
gbcpu.c:1233:6:vLD_A_H	0	static
gbcpu.c:1234:6:vLD_A_L	0	static
gbcpu.c:1275:6:vAND_B	0	static
gbcpu.c:1276:6:vAND_C	0	static
gbcpu.c:1277:6:vAND_D	0	static
gbcpu.c:1278:6:vAND_E	0	static
gbcpu.c:1279:6:vAND_H	0	static
gbcpu.c:1280:6:vAND_L	0	static
gbcpu.c:1282:6:vAND_A	0	static
gbcpu.c:1283:6:vXOR_B	0	static
gbcpu.c:1284:6:vXOR_C	0	static
gbcpu.c:1285:6:vXOR_D	0	static
gbcpu.c:1286:6:vXOR_E	0	static
gbcpu.c:1287:6:vXOR_H	0	static
gbcpu.c:1288:6:vXOR_L	0	static
gbcpu.c:1290:6:vXOR_A	0	static
gbcpu.c:1293:6:vOR_B	0	static
gbcpu.c:1294:6:vOR_C	0	static
gbcpu.c:1295:6:vOR_D	0	static
gbcpu.c:1296:6:vOR_E	0	static
gbcpu.c:1297:6:vOR_H	0	static
gbcpu.c:1298:6:vOR_L	0	static
gbcpu.c:1300:6:vOR_A	0	static
gbcpu.c:1374:6:vLDs_SP_HL	0	static
gbcpu.c:1101:6:vLD_B_d8	8	static
gbcpu.c:1105:6:vLD_A_BC	8	static
gbcpu.c:1109:6:vLD_C_d8	8	static
gbcpu.c:1119:6:vLD_D_d8	8	static
gbcpu.c:1121:6:vJR_r8	8	static
gbcpu.c:1123:6:vLD_A_DE	8	static
gbcpu.c:1127:6:vLD_E_d8	8	static
gbcpu.c:1137:6:vLD_H_d8	8	static
gbcpu.c:1145:6:vLD_L_d8	0	static
gbcpu.c:1141:6:vLD_A_HLI	8	static
gbcpu.c:1159:6:vLD_A_HLD	8	static
gbcpu.c:1163:6:vLD_A_d8	8	static
gbcpu.c:1173:6:vLD_B_HL	8	static
gbcpu.c:1181:6:vLD_C_HL	8	static
gbcpu.c:1191:6:vLD_D_HL	8	static
gbcpu.c:1199:6:vLD_E_HL	8	static
gbcpu.c:1209:6:vLD_H_HL	8	static
gbcpu.c:1217:6:vLD_L_HL	8	static
gbcpu.c:1235:6:vLD_A_HL	8	static
gbcpu.c:1281:6:vAND_HL	8	static
gbcpu.c:1289:6:vXOR_HL	8	static
gbcpu.c:1299:6:vOR_HL	8	static
gbcpu.c:1096:6:vLDs_BC_d16	16	static
gbcpu.c:1114:6:vLDs_DE_d16	16	static
gbcpu.c:1132:6:vLDs_HL_d16	16	static
gbcpu.c:1150:6:vLDs_SP_d16	16	static
gbcpu.c:1097:6:vLD_BC_A	0	static
gbcpu.c:1103:6:vLDs_a16_SP	16	static
gbcpu.c:1115:6:vLD_DE_A	0	static
gbcpu.c:1133:6:vLD_HLI_A	8	static
gbcpu.c:1151:6:vLD_HLD_A	8	static
gbcpu.c:1155:6:vLD_HL_d8	16	static
gbcpu.c:1221:6:vLD_HL_B	0	static
gbcpu.c:1222:6:vLD_HL_C	0	static
gbcpu.c:1223:6:vLD_HL_D	0	static
gbcpu.c:1224:6:vLD_HL_E	0	static
gbcpu.c:1225:6:vLD_HL_H	0	static
gbcpu.c:1226:6:vLD_HL_L	0	static
gbcpu.c:1228:6:vLD_HL_A	0	static
gbcpu.c:1099:6:vINC_B	0	static
gbcpu.c:1107:6:vINC_C	0	static
gbcpu.c:1117:6:vINC_D	0	static
gbcpu.c:1125:6:vINC_E	0	static
gbcpu.c:1135:6:vINC_H	0	static
gbcpu.c:1143:6:vINC_L	0	static
gbcpu.c:1161:6:vINC_A	0	static
gbcpu.c:1100:6:vDEC_B	0	static
gbcpu.c:1108:6:vDEC_C	0	static
gbcpu.c:1118:6:vDEC_D	0	static
gbcpu.c:1126:6:vDEC_E	0	static
gbcpu.c:1136:6:vDEC_H	0	static
gbcpu.c:1144:6:vDEC_L	0	static
gbcpu.c:1162:6:vDEC_A	0	static
gbcpu.c:1102:6:vRLCA	0	static
gbcpu.c:1104:6:vADDs_HL_BC	0	static
gbcpu.c:1122:6:vADDs_HL_DE	0	static
gbcpu.c:1140:6:vADDs_HL_HL	0	static
gbcpu.c:1158:6:vADDs_HL_SP	0	static
gbcpu.c:1110:6:vRRCA	0	static
gbcpu.c:1380:6:vRST_38H	0	static
gbcpu.c:1120:6:vRLA	0	static
gbcpu.c:1128:6:vRRA	0	static
gbcpu.c:1131:6:vJR_NZ_r8	0	static
gbcpu.c:1138:6:vDAA	0	static
gbcpu.c:1139:6:vJR_Z_r8	0	static
gbcpu.c:1146:6:vCPL	0	static
gbcpu.c:1149:6:vJR_NC_r8	0	static
gbcpu.c:1153:6:vINC_HL	0	static
gbcpu.c:1154:6:vDEC_HL	0	static
gbcpu.c:1156:6:vSCF	0	static
gbcpu.c:1157:6:vJR_C_r8	0	static
gbcpu.c:1164:6:vCCF	0	static
gbcpu.c:1167:6:vLD_B_B	0	static
gbcpu.c:1176:6:vLD_C_C	0	static
gbcpu.c:1187:6:vLD_D_D	0	static
gbcpu.c:1196:6:vLD_E_E	0	static
gbcpu.c:1207:6:vLD_H_H	0	static
gbcpu.c:1216:6:vLD_L_L	0	static
gbcpu.c:1227:6:vHALT	0	static
gbcpu.c:1236:6:vLD_A_A	0	static
gbcpu.c:1239:6:vADD_A_B	0	static
gbcpu.c:1240:6:vADD_A_C	0	static
gbcpu.c:1241:6:vADD_A_D	0	static
gbcpu.c:1242:6:vADD_A_E	0	static
gbcpu.c:1243:6:vADD_A_H	0	static
gbcpu.c:1244:6:vADD_A_L	0	static
gbcpu.c:1245:6:vADD_A_HL	0	static
gbcpu.c:1246:6:vADD_A_A	0	static
gbcpu.c:1247:6:vADC_A_B	0	static
gbcpu.c:1248:6:vADC_A_C	0	static
gbcpu.c:1249:6:vADC_A_D	0	static
gbcpu.c:1250:6:vADC_A_E	0	static
gbcpu.c:1251:6:vADC_A_H	0	static
gbcpu.c:1252:6:vADC_A_L	0	static
gbcpu.c:1253:6:vADC_A_HL	0	static
gbcpu.c:1254:6:vADC_A_A	0	static
gbcpu.c:1257:6:vSUB_B	0	static
gbcpu.c:1258:6:vSUB_C	0	static
gbcpu.c:1259:6:vSUB_D	0	static
gbcpu.c:1260:6:vSUB_E	0	static
gbcpu.c:1261:6:vSUB_H	0	static
gbcpu.c:1262:6:vSUB_L	0	static
gbcpu.c:1263:6:vSUB_HL	0	static
gbcpu.c:1264:6:vSUB_A	0	static
gbcpu.c:1265:6:vSBC_A_B	0	static
gbcpu.c:1266:6:vSBC_A_C	0	static
gbcpu.c:1267:6:vSBC_A_D	0	static
gbcpu.c:1268:6:vSBC_A_E	0	static
gbcpu.c:1269:6:vSBC_A_H	0	static
gbcpu.c:1270:6:vSBC_A_L	0	static
gbcpu.c:1271:6:vSBC_A_HL	0	static
gbcpu.c:1272:6:vSBC_A_A	0	static
gbcpu.c:1301:6:vCP_B	0	static
gbcpu.c:1302:6:vCP_C	0	static
gbcpu.c:1303:6:vCP_D	0	static
gbcpu.c:1304:6:vCP_E	0	static
gbcpu.c:1305:6:vCP_H	0	static
gbcpu.c:1306:6:vCP_L	0	static
gbcpu.c:1307:6:vCP_HL	0	static
gbcpu.c:1308:6:vCP_A	0	static
gbcpu.c:1311:6:vRET_NZ	0	static
gbcpu.c:1312:6:vPOP_BC	0	static
gbcpu.c:1313:6:vJP_NZ_a16	0	static
gbcpu.c:1314:6:vJP_a16	0	static
gbcpu.c:1315:6:vCALL_NZ_a16	0	static
gbcpu.c:1316:6:vPUSH_BC	0	static
gbcpu.c:1317:6:vADD_A_d8	0	static
gbcpu.c:1318:6:vRST_00H	0	static
gbcpu.c:1319:6:vRET_Z	0	static
gbcpu.c:1320:6:vRET	0	static
gbcpu.c:1321:6:vJP_Z_a16	0	static
gbcpu.c:1322:6:vPREFIX	0	static
gbcpu.c:1323:6:vCALL_Z_a16	0	static
gbcpu.c:1324:6:vCALL_a16	0	static
gbcpu.c:1325:6:vADC_A_d8	0	static
gbcpu.c:1326:6:vRST_08H	0	static
gbcpu.c:1329:6:vRET_NC	0	static
gbcpu.c:1330:6:vPOP_DE	0	static
gbcpu.c:1331:6:vJP_NC_a16	0	static
gbcpu.c:1333:6:vCALL_NC_a16	0	static
gbcpu.c:1334:6:vPUSH_DE	0	static
gbcpu.c:1335:6:vSUB_d8	0	static
gbcpu.c:1336:6:vRST_10H	0	static
gbcpu.c:1337:6:vRET_C	0	static
gbcpu.c:1338:6:vRETI	0	static
gbcpu.c:1339:6:vJP_C_a16	0	static
gbcpu.c:1341:6:vCALL_C_a16	0	static
gbcpu.c:1343:6:vSBC_A_d8	0	static
gbcpu.c:1344:6:vRST_18H	0	static
gbcpu.c:1347:6:vLDH_a8_A	0	static
gbcpu.c:1348:6:vPOP_HL	0	static
gbcpu.c:1349:6:vLD_fC_A	0	static
gbcpu.c:1352:6:vPUSH_HL	0	static
gbcpu.c:1353:6:vAND_d8	0	static
gbcpu.c:1354:6:vRST20H	0	static
gbcpu.c:1355:6:vADDs_SP_r8	0	static
gbcpu.c:1356:6:vJP_HL	0	static
gbcpu.c:1357:6:vLD_a16_A	0	static
gbcpu.c:1361:6:vXOR_d8	0	static
gbcpu.c:1362:6:vRST_28H	0	static
gbcpu.c:1365:6:vLDH_A_a8	0	static
gbcpu.c:1366:6:vPOP_AF	0	static
gbcpu.c:1367:6:vLD_A_fC	0	static
gbcpu.c:1368:6:vDI	0	static
gbcpu.c:1370:6:vPUSH_AF	0	static
gbcpu.c:1371:6:vOR_d8	0	static
gbcpu.c:1372:6:vRST_30H	0	static
gbcpu.c:1373:6:vLDs_HL_SP_r8	0	static
gbcpu.c:1375:6:vLD_A_a16	0	static
gbcpu.c:1376:6:vEI	0	static
gbcpu.c:1379:6:vCP_d8	0	static
gbcpu.c:1383:6:vStoppedFlag	0	static
gbcpu.c:1387:6:vGBCPUreset	8	static
gbcpu.c:1397:6:vGBCPUboot	16	static
gbcpu.c:1403:6:vGBCPUinstr	8	static
