gbcpu.c:1126:6:vNOP	0	static
gbcpu.c:1129:6:vINCs_BC	0	static
gbcpu.c:1137:6:vDECs_BC	0	static
gbcpu.c:1144:6:vSTOP	0	static
gbcpu.c:1147:6:vINCs_DE	0	static
gbcpu.c:1155:6:vDECs_DE	0	static
gbcpu.c:1165:6:vINCs_HL	0	static
gbcpu.c:1173:6:vDECs_HL	0	static
gbcpu.c:1183:6:vINCs_SP	0	static
gbcpu.c:1191:6:vDECs_SP	0	static
gbcpu.c:1199:6:vLD_B_C	0	static
gbcpu.c:1200:6:vLD_B_D	0	static
gbcpu.c:1201:6:vLD_B_E	0	static
gbcpu.c:1202:6:vLD_B_H	0	static
gbcpu.c:1203:6:vLD_B_L	0	static
gbcpu.c:1205:6:vLD_B_A	0	static
gbcpu.c:1206:6:vLD_C_B	0	static
gbcpu.c:1208:6:vLD_C_D	0	static
gbcpu.c:1209:6:vLD_C_E	0	static
gbcpu.c:1210:6:vLD_C_H	0	static
gbcpu.c:1211:6:vLD_C_L	0	static
gbcpu.c:1213:6:vLD_C_A	0	static
gbcpu.c:1216:6:vLD_D_B	0	static
gbcpu.c:1217:6:vLD_D_C	0	static
gbcpu.c:1219:6:vLD_D_E	0	static
gbcpu.c:1220:6:vLD_D_H	0	static
gbcpu.c:1221:6:vLD_D_L	0	static
gbcpu.c:1223:6:vLD_D_A	0	static
gbcpu.c:1224:6:vLD_E_B	0	static
gbcpu.c:1225:6:vLD_E_C	0	static
gbcpu.c:1226:6:vLD_E_D	0	static
gbcpu.c:1228:6:vLD_E_H	0	static
gbcpu.c:1229:6:vLD_E_L	0	static
gbcpu.c:1231:6:vLD_E_A	0	static
gbcpu.c:1234:6:vLD_H_B	0	static
gbcpu.c:1235:6:vLD_H_C	0	static
gbcpu.c:1236:6:vLD_H_D	0	static
gbcpu.c:1237:6:vLD_H_E	0	static
gbcpu.c:1239:6:vLD_H_L	0	static
gbcpu.c:1241:6:vLD_H_A	0	static
gbcpu.c:1242:6:vLD_L_B	0	static
gbcpu.c:1243:6:vLD_L_C	0	static
gbcpu.c:1244:6:vLD_L_D	0	static
gbcpu.c:1245:6:vLD_L_E	0	static
gbcpu.c:1246:6:vLD_L_H	0	static
gbcpu.c:1249:6:vLD_L_A	0	static
gbcpu.c:1258:6:vHALT	0	static
gbcpu.c:1260:6:vLD_A_B	0	static
gbcpu.c:1261:6:vLD_A_C	0	static
gbcpu.c:1262:6:vLD_A_D	0	static
gbcpu.c:1263:6:vLD_A_E	0	static
gbcpu.c:1264:6:vLD_A_H	0	static
gbcpu.c:1265:6:vLD_A_L	0	static
gbcpu.c:1306:6:vAND_B	0	static
gbcpu.c:1307:6:vAND_C	0	static
gbcpu.c:1308:6:vAND_D	0	static
gbcpu.c:1309:6:vAND_E	0	static
gbcpu.c:1310:6:vAND_H	0	static
gbcpu.c:1311:6:vAND_L	0	static
gbcpu.c:1313:6:vAND_A	0	static
gbcpu.c:1314:6:vXOR_B	0	static
gbcpu.c:1315:6:vXOR_C	0	static
gbcpu.c:1316:6:vXOR_D	0	static
gbcpu.c:1317:6:vXOR_E	0	static
gbcpu.c:1318:6:vXOR_H	0	static
gbcpu.c:1319:6:vXOR_L	0	static
gbcpu.c:1321:6:vXOR_A	0	static
gbcpu.c:1324:6:vOR_B	0	static
gbcpu.c:1325:6:vOR_C	0	static
gbcpu.c:1326:6:vOR_D	0	static
gbcpu.c:1327:6:vOR_E	0	static
gbcpu.c:1328:6:vOR_H	0	static
gbcpu.c:1329:6:vOR_L	0	static
gbcpu.c:1331:6:vOR_A	0	static
gbcpu.c:1387:6:vJP_HL	0	static
gbcpu.c:1399:6:vDI	0	static
gbcpu.c:1405:6:vLDs_SP_HL	0	static
gbcpu.c:1407:6:vEI	0	static
gbcpu.c:1132:6:vLD_B_d8	8	static
gbcpu.c:1136:6:vLD_A_BC	8	static
gbcpu.c:1140:6:vLD_C_d8	8	static
gbcpu.c:1150:6:vLD_D_d8	8	static
gbcpu.c:1152:6:vJR_r8	8	static
gbcpu.c:1154:6:vLD_A_DE	8	static
gbcpu.c:1158:6:vLD_E_d8	8	static
gbcpu.c:1168:6:vLD_H_d8	8	static
gbcpu.c:1172:6:vLD_A_HLI	8	static
gbcpu.c:1176:6:vLD_L_d8	8	static
gbcpu.c:1190:6:vLD_A_HLD	8	static
gbcpu.c:1194:6:vLD_A_d8	8	static
gbcpu.c:1204:6:vLD_B_HL	8	static
gbcpu.c:1212:6:vLD_C_HL	8	static
gbcpu.c:1222:6:vLD_D_HL	8	static
gbcpu.c:1230:6:vLD_E_HL	8	static
gbcpu.c:1240:6:vLD_H_HL	8	static
gbcpu.c:1248:6:vLD_L_HL	8	static
gbcpu.c:1266:6:vLD_A_HL	8	static
gbcpu.c:1312:6:vAND_HL	8	static
gbcpu.c:1320:6:vXOR_HL	8	static
gbcpu.c:1330:6:vOR_HL	8	static
gbcpu.c:1353:6:vPREFIX	8	static
gbcpu.c:1384:6:vAND_d8	8	static
gbcpu.c:1392:6:vXOR_d8	8	static
gbcpu.c:1396:6:vLDH_A_a8	8	static
gbcpu.c:1398:6:vLD_A_fC	8	static
gbcpu.c:1402:6:vOR_d8	8	static
gbcpu.c:1127:6:vLDs_BC_d16	16	static
gbcpu.c:1145:6:vLDs_DE_d16	16	static
gbcpu.c:1163:6:vLDs_HL_d16	16	static
gbcpu.c:1181:6:vLDs_SP_d16	16	static
gbcpu.c:1345:6:vJP_a16	16	static
gbcpu.c:1406:6:vLD_A_a16	16	static
gbcpu.c:1128:6:vLD_BC_A	0	static
gbcpu.c:1134:6:vLDs_a16_SP	16	static
gbcpu.c:1146:6:vLD_DE_A	0	static
gbcpu.c:1164:6:vLD_HLI_A	8	static
gbcpu.c:1182:6:vLD_HLD_A	8	static
gbcpu.c:1186:6:vLD_HL_d8	8	static
gbcpu.c:1252:6:vLD_HL_B	0	static
gbcpu.c:1253:6:vLD_HL_C	0	static
gbcpu.c:1254:6:vLD_HL_D	0	static
gbcpu.c:1255:6:vLD_HL_E	0	static
gbcpu.c:1256:6:vLD_HL_H	0	static
gbcpu.c:1257:6:vLD_HL_L	0	static
gbcpu.c:1259:6:vLD_HL_A	0	static
gbcpu.c:1378:6:vLDH_a8_A	8	static
gbcpu.c:1380:6:vLD_fC_A	0	static
gbcpu.c:1388:6:vLD_a16_A	16	static
gbcpu.c:1130:6:vINC_B	0	static
gbcpu.c:1138:6:vINC_C	0	static
gbcpu.c:1148:6:vINC_D	0	static
gbcpu.c:1156:6:vINC_E	0	static
gbcpu.c:1166:6:vINC_H	0	static
gbcpu.c:1174:6:vINC_L	0	static
gbcpu.c:1192:6:vINC_A	0	static
gbcpu.c:1131:6:vDEC_B	0	static
gbcpu.c:1139:6:vDEC_C	0	static
gbcpu.c:1149:6:vDEC_D	0	static
gbcpu.c:1157:6:vDEC_E	0	static
gbcpu.c:1167:6:vDEC_H	0	static
gbcpu.c:1175:6:vDEC_L	0	static
gbcpu.c:1193:6:vDEC_A	0	static
gbcpu.c:1133:6:vRLCA	0	static
gbcpu.c:1135:6:vADDs_HL_BC	0	static
gbcpu.c:1153:6:vADDs_HL_DE	0	static
gbcpu.c:1171:6:vADDs_HL_HL	0	static
gbcpu.c:1189:6:vADDs_HL_SP	0	static
gbcpu.c:1141:6:vRRCA	0	static
gbcpu.c:1151:6:vRLA	0	static
gbcpu.c:1159:6:vRRA	0	static
gbcpu.c:1162:6:vJR_NZ_r8	16	static
gbcpu.c:1169:6:vDAA	0	static
gbcpu.c:1170:6:vJR_Z_r8	16	static
gbcpu.c:1177:6:vCPL	8	static
gbcpu.c:1632:6:vSET_0_B	0	static
gbcpu.c:1633:6:vSET_0_C	0	static
gbcpu.c:1634:6:vSET_0_D	0	static
gbcpu.c:1635:6:vSET_0_E	0	static
gbcpu.c:1636:6:vSET_0_H	0	static
gbcpu.c:1637:6:vSET_0_L	0	static
gbcpu.c:1639:6:vSET_0_A	0	static
gbcpu.c:1640:6:vSET_1_B	0	static
gbcpu.c:1641:6:vSET_1_C	0	static
gbcpu.c:1642:6:vSET_1_D	0	static
gbcpu.c:1643:6:vSET_1_E	0	static
gbcpu.c:1644:6:vSET_1_H	0	static
gbcpu.c:1645:6:vSET_1_L	0	static
gbcpu.c:1647:6:vSET_1_A	0	static
gbcpu.c:1650:6:vSET_2_B	0	static
gbcpu.c:1651:6:vSET_2_C	0	static
gbcpu.c:1652:6:vSET_2_D	0	static
gbcpu.c:1653:6:vSET_2_E	0	static
gbcpu.c:1654:6:vSET_2_H	0	static
gbcpu.c:1655:6:vSET_2_L	0	static
gbcpu.c:1657:6:vSET_2_A	0	static
gbcpu.c:1658:6:vSET_3_B	0	static
gbcpu.c:1659:6:vSET_3_C	0	static
gbcpu.c:1660:6:vSET_3_D	0	static
gbcpu.c:1661:6:vSET_3_E	0	static
gbcpu.c:1662:6:vSET_3_H	0	static
gbcpu.c:1663:6:vSET_3_L	0	static
gbcpu.c:1665:6:vSET_3_A	0	static
gbcpu.c:1668:6:vSET_4_B	0	static
gbcpu.c:1669:6:vSET_4_C	0	static
gbcpu.c:1670:6:vSET_4_D	0	static
gbcpu.c:1671:6:vSET_4_E	0	static
gbcpu.c:1672:6:vSET_4_H	0	static
gbcpu.c:1673:6:vSET_4_L	0	static
gbcpu.c:1675:6:vSET_4_A	0	static
gbcpu.c:1676:6:vSET_5_B	0	static
gbcpu.c:1677:6:vSET_5_C	0	static
gbcpu.c:1678:6:vSET_5_D	0	static
gbcpu.c:1679:6:vSET_5_E	0	static
gbcpu.c:1680:6:vSET_5_H	0	static
gbcpu.c:1681:6:vSET_5_L	0	static
gbcpu.c:1683:6:vSET_5_A	0	static
gbcpu.c:1686:6:vSET_6_B	0	static
gbcpu.c:1687:6:vSET_6_C	0	static
gbcpu.c:1688:6:vSET_6_D	0	static
gbcpu.c:1689:6:vSET_6_E	0	static
gbcpu.c:1690:6:vSET_6_H	0	static
gbcpu.c:1691:6:vSET_6_L	0	static
gbcpu.c:1693:6:vSET_6_A	0	static
gbcpu.c:1694:6:vSET_7_B	0	static
gbcpu.c:1695:6:vSET_7_C	0	static
gbcpu.c:1696:6:vSET_7_D	0	static
gbcpu.c:1697:6:vSET_7_E	0	static
gbcpu.c:1698:6:vSET_7_H	0	static
gbcpu.c:1699:6:vSET_7_L	0	static
gbcpu.c:1701:6:vSET_7_A	0	static
gbcpu.c:1180:6:vJR_NC_r8	16	static
gbcpu.c:1184:6:vINC_HL	0	static
gbcpu.c:1185:6:vDEC_HL	0	static
gbcpu.c:1187:6:vSCF	8	static
gbcpu.c:1560:6:vRES_0_B	0	static
gbcpu.c:1561:6:vRES_0_C	0	static
gbcpu.c:1562:6:vRES_0_D	0	static
gbcpu.c:1563:6:vRES_0_E	0	static
gbcpu.c:1564:6:vRES_0_H	0	static
gbcpu.c:1565:6:vRES_0_L	0	static
gbcpu.c:1567:6:vRES_0_A	0	static
gbcpu.c:1568:6:vRES_1_B	0	static
gbcpu.c:1569:6:vRES_1_C	0	static
gbcpu.c:1570:6:vRES_1_D	0	static
gbcpu.c:1571:6:vRES_1_E	0	static
gbcpu.c:1572:6:vRES_1_H	0	static
gbcpu.c:1573:6:vRES_1_L	0	static
gbcpu.c:1575:6:vRES_1_A	0	static
gbcpu.c:1578:6:vRES_2_B	0	static
gbcpu.c:1579:6:vRES_2_C	0	static
gbcpu.c:1580:6:vRES_2_D	0	static
gbcpu.c:1581:6:vRES_2_E	0	static
gbcpu.c:1582:6:vRES_2_H	0	static
gbcpu.c:1583:6:vRES_2_L	0	static
gbcpu.c:1585:6:vRES_2_A	0	static
gbcpu.c:1586:6:vRES_3_B	0	static
gbcpu.c:1587:6:vRES_3_C	0	static
gbcpu.c:1588:6:vRES_3_D	0	static
gbcpu.c:1589:6:vRES_3_E	0	static
gbcpu.c:1590:6:vRES_3_H	0	static
gbcpu.c:1591:6:vRES_3_L	0	static
gbcpu.c:1593:6:vRES_3_A	0	static
gbcpu.c:1596:6:vRES_4_B	0	static
gbcpu.c:1597:6:vRES_4_C	0	static
gbcpu.c:1598:6:vRES_4_D	0	static
gbcpu.c:1599:6:vRES_4_E	0	static
gbcpu.c:1600:6:vRES_4_H	0	static
gbcpu.c:1601:6:vRES_4_L	0	static
gbcpu.c:1603:6:vRES_4_A	0	static
gbcpu.c:1604:6:vRES_5_B	0	static
gbcpu.c:1605:6:vRES_5_C	0	static
gbcpu.c:1606:6:vRES_5_D	0	static
gbcpu.c:1607:6:vRES_5_E	0	static
gbcpu.c:1608:6:vRES_5_H	0	static
gbcpu.c:1609:6:vRES_5_L	0	static
gbcpu.c:1611:6:vRES_5_A	0	static
gbcpu.c:1614:6:vRES_6_B	0	static
gbcpu.c:1615:6:vRES_6_C	0	static
gbcpu.c:1616:6:vRES_6_D	0	static
gbcpu.c:1617:6:vRES_6_E	0	static
gbcpu.c:1618:6:vRES_6_H	0	static
gbcpu.c:1619:6:vRES_6_L	0	static
gbcpu.c:1621:6:vRES_6_A	0	static
gbcpu.c:1622:6:vRES_7_B	0	static
gbcpu.c:1623:6:vRES_7_C	0	static
gbcpu.c:1624:6:vRES_7_D	0	static
gbcpu.c:1625:6:vRES_7_E	0	static
gbcpu.c:1626:6:vRES_7_H	0	static
gbcpu.c:1627:6:vRES_7_L	0	static
gbcpu.c:1629:6:vRES_7_A	0	static
gbcpu.c:1188:6:vJR_C_r8	16	static
gbcpu.c:1270:6:vADD_A_B	0	static
gbcpu.c:1271:6:vADD_A_C	0	static
gbcpu.c:1272:6:vADD_A_D	0	static
gbcpu.c:1273:6:vADD_A_E	0	static
gbcpu.c:1274:6:vADD_A_H	0	static
gbcpu.c:1275:6:vADD_A_L	0	static
gbcpu.c:1276:6:vADD_A_HL	8	static
gbcpu.c:1277:6:vADD_A_A	0	static
gbcpu.c:1348:6:vADD_A_d8	8	static
gbcpu.c:1356:6:vADC_A_d8	0	static
gbcpu.c:1278:6:vADC_A_B	0	static
gbcpu.c:1279:6:vADC_A_C	0	static
gbcpu.c:1280:6:vADC_A_D	0	static
gbcpu.c:1281:6:vADC_A_E	0	static
gbcpu.c:1282:6:vADC_A_H	0	static
gbcpu.c:1283:6:vADC_A_L	0	static
gbcpu.c:1284:6:vADC_A_HL	8	static
gbcpu.c:1285:6:vADC_A_A	0	static
gbcpu.c:1288:6:vSUB_B	0	static
gbcpu.c:1289:6:vSUB_C	0	static
gbcpu.c:1290:6:vSUB_D	0	static
gbcpu.c:1291:6:vSUB_E	0	static
gbcpu.c:1292:6:vSUB_H	0	static
gbcpu.c:1293:6:vSUB_L	0	static
gbcpu.c:1294:6:vSUB_HL	8	static
gbcpu.c:1295:6:vSUB_A	0	static
gbcpu.c:1366:6:vSUB_d8	8	static
gbcpu.c:1296:6:vSBC_A_B	0	static
gbcpu.c:1297:6:vSBC_A_C	0	static
gbcpu.c:1298:6:vSBC_A_D	0	static
gbcpu.c:1299:6:vSBC_A_E	0	static
gbcpu.c:1300:6:vSBC_A_H	0	static
gbcpu.c:1301:6:vSBC_A_L	0	static
gbcpu.c:1302:6:vSBC_A_HL	8	static
gbcpu.c:1303:6:vSBC_A_A	0	static
gbcpu.c:1374:6:vSBC_A_d8	8	static
gbcpu.c:1332:6:vCP_B	0	static
gbcpu.c:1333:6:vCP_C	0	static
gbcpu.c:1334:6:vCP_D	0	static
gbcpu.c:1335:6:vCP_E	0	static
gbcpu.c:1336:6:vCP_H	0	static
gbcpu.c:1337:6:vCP_L	0	static
gbcpu.c:1338:6:vCP_HL	16	static
gbcpu.c:1339:6:vCP_A	0	static
gbcpu.c:1410:6:vCP_d8	16	static
gbcpu.c:1351:6:vRET	0	static
gbcpu.c:1369:6:vRETI	0	static
gbcpu.c:1343:6:vPOP_BC	0	static
gbcpu.c:1361:6:vPOP_DE	0	static
gbcpu.c:1379:6:vPOP_HL	0	static
gbcpu.c:1397:6:vPOP_AF	8	static
gbcpu.c:1344:6:vJP_NZ_a16	16	static
gbcpu.c:1346:6:vCALL_NZ_a16	8	static
gbcpu.c:1347:6:vPUSH_BC	0	static
gbcpu.c:1349:6:vRST_00H	8	static
gbcpu.c:1355:6:vCALL_a16	16	static
gbcpu.c:1357:6:vRST_08H	8	static
gbcpu.c:1365:6:vPUSH_DE	0	static
gbcpu.c:1367:6:vRST_10H	8	static
gbcpu.c:1375:6:vRST_18H	8	static
gbcpu.c:1383:6:vPUSH_HL	0	static
gbcpu.c:1385:6:vRST20H	8	static
gbcpu.c:1393:6:vRST_28H	8	static
gbcpu.c:1401:6:vPUSH_AF	0	static
gbcpu.c:1403:6:vRST_30H	8	static
gbcpu.c:1411:6:vRST_38H	8	static
gbcpu.c:1352:6:vJP_Z_a16	16	static
gbcpu.c:1354:6:vCALL_Z_a16	8	static
gbcpu.c:1362:6:vJP_NC_a16	16	static
gbcpu.c:1364:6:vCALL_NC_a16	8	static
gbcpu.c:1370:6:vJP_C_a16	16	static
gbcpu.c:1372:6:vCALL_C_a16	8	static
gbcpu.c:1386:6:vADDs_SP_r8	8	static
gbcpu.c:1404:6:vLDs_HL_SP_r8	8	static
gbcpu.c:1416:6:vRLC_B	8	static
gbcpu.c:1417:6:vRLC_C	8	static
gbcpu.c:1418:6:vRLC_D	8	static
gbcpu.c:1419:6:vRLC_E	8	static
gbcpu.c:1420:6:vRLC_H	8	static
gbcpu.c:1421:6:vRLC_L	8	static
gbcpu.c:1422:6:vRLC_HL	16	static
gbcpu.c:1423:6:vRLC_A	8	static
gbcpu.c:1424:6:vRRC_B	8	static
gbcpu.c:1425:6:vRRC_C	8	static
gbcpu.c:1426:6:vRRC_D	8	static
gbcpu.c:1427:6:vRRC_E	8	static
gbcpu.c:1428:6:vRRC_H	8	static
gbcpu.c:1429:6:vRRC_L	8	static
gbcpu.c:1430:6:vRRC_HL	16	static
gbcpu.c:1431:6:vRRC_A	8	static
gbcpu.c:1434:6:vRL_B	8	static
gbcpu.c:1435:6:vRL_C	8	static
gbcpu.c:1436:6:vRL_D	8	static
gbcpu.c:1437:6:vRL_E	8	static
gbcpu.c:1438:6:vRL_H	8	static
gbcpu.c:1439:6:vRL_L	8	static
gbcpu.c:1440:6:vRL_HL	16	static
gbcpu.c:1441:6:vRL_A	8	static
gbcpu.c:1442:6:vRR_B	8	static
gbcpu.c:1443:6:vRR_C	8	static
gbcpu.c:1444:6:vRR_D	8	static
gbcpu.c:1445:6:vRR_E	8	static
gbcpu.c:1446:6:vRR_H	8	static
gbcpu.c:1447:6:vRR_L	8	static
gbcpu.c:1448:6:vRR_HL	16	static
gbcpu.c:1449:6:vRR_A	8	static
gbcpu.c:1452:6:vSLA_B	8	static
gbcpu.c:1453:6:vSLA_C	8	static
gbcpu.c:1454:6:vSLA_D	8	static
gbcpu.c:1455:6:vSLA_E	8	static
gbcpu.c:1456:6:vSLA_H	8	static
gbcpu.c:1457:6:vSLA_L	8	static
gbcpu.c:1458:6:vSLA_HL	16	static
gbcpu.c:1459:6:vSLA_A	8	static
gbcpu.c:1460:6:vSRA_B	8	static
gbcpu.c:1461:6:vSRA_C	8	static
gbcpu.c:1462:6:vSRA_D	8	static
gbcpu.c:1463:6:vSRA_E	8	static
gbcpu.c:1464:6:vSRA_H	8	static
gbcpu.c:1465:6:vSRA_L	8	static
gbcpu.c:1466:6:vSRA_HL	16	static
gbcpu.c:1467:6:vSRA_A	8	static
gbcpu.c:1470:6:vSWAP_B	8	static
gbcpu.c:1471:6:vSWAP_C	8	static
gbcpu.c:1472:6:vSWAP_D	8	static
gbcpu.c:1473:6:vSWAP_E	8	static
gbcpu.c:1474:6:vSWAP_H	8	static
gbcpu.c:1475:6:vSWAP_L	8	static
gbcpu.c:1476:6:vSWAP_HL	16	static
gbcpu.c:1477:6:vSWAP_A	8	static
gbcpu.c:1478:6:vSRL_B	8	static
gbcpu.c:1479:6:vSRL_C	8	static
gbcpu.c:1480:6:vSRL_D	8	static
gbcpu.c:1481:6:vSRL_E	8	static
gbcpu.c:1482:6:vSRL_H	8	static
gbcpu.c:1483:6:vSRL_L	8	static
gbcpu.c:1484:6:vSRL_HL	16	static
gbcpu.c:1485:6:vSRL_A	8	static
gbcpu.c:1488:6:vBIT_0_B	0	static
gbcpu.c:1489:6:vBIT_0_C	0	static
gbcpu.c:1490:6:vBIT_0_D	0	static
gbcpu.c:1491:6:vBIT_0_E	0	static
gbcpu.c:1492:6:vBIT_0_H	0	static
gbcpu.c:1493:6:vBIT_0_L	0	static
gbcpu.c:1494:6:vBIT_0_HL	8	static
gbcpu.c:1495:6:vBIT_0_A	0	static
gbcpu.c:1503:6:vBIT_1_A	0	static
gbcpu.c:1496:6:vBIT_1_B	0	static
gbcpu.c:1497:6:vBIT_1_C	0	static
gbcpu.c:1498:6:vBIT_1_D	0	static
gbcpu.c:1499:6:vBIT_1_E	0	static
gbcpu.c:1500:6:vBIT_1_H	0	static
gbcpu.c:1501:6:vBIT_1_L	0	static
gbcpu.c:1502:6:vBIT_1_HL	8	static
gbcpu.c:1506:6:vBIT_2_B	0	static
gbcpu.c:1507:6:vBIT_2_C	0	static
gbcpu.c:1508:6:vBIT_2_D	0	static
gbcpu.c:1509:6:vBIT_2_E	0	static
gbcpu.c:1510:6:vBIT_2_H	0	static
gbcpu.c:1511:6:vBIT_2_L	0	static
gbcpu.c:1512:6:vBIT_2_HL	8	static
gbcpu.c:1513:6:vBIT_2_A	0	static
gbcpu.c:1514:6:vBIT_3_B	0	static
gbcpu.c:1515:6:vBIT_3_C	0	static
gbcpu.c:1516:6:vBIT_3_D	0	static
gbcpu.c:1517:6:vBIT_3_E	0	static
gbcpu.c:1518:6:vBIT_3_H	0	static
gbcpu.c:1519:6:vBIT_3_L	0	static
gbcpu.c:1520:6:vBIT_3_HL	8	static
gbcpu.c:1521:6:vBIT_3_A	0	static
gbcpu.c:1524:6:vBIT_4_B	0	static
gbcpu.c:1525:6:vBIT_4_C	0	static
gbcpu.c:1526:6:vBIT_4_D	0	static
gbcpu.c:1527:6:vBIT_4_E	0	static
gbcpu.c:1528:6:vBIT_4_H	0	static
gbcpu.c:1529:6:vBIT_4_L	0	static
gbcpu.c:1530:6:vBIT_4_HL	8	static
gbcpu.c:1531:6:vBIT_4_A	0	static
gbcpu.c:1532:6:vBIT_5_B	0	static
gbcpu.c:1533:6:vBIT_5_C	0	static
gbcpu.c:1534:6:vBIT_5_D	0	static
gbcpu.c:1535:6:vBIT_5_E	0	static
gbcpu.c:1536:6:vBIT_5_H	0	static
gbcpu.c:1537:6:vBIT_5_L	0	static
gbcpu.c:1538:6:vBIT_5_HL	8	static
gbcpu.c:1539:6:vBIT_5_A	0	static
gbcpu.c:1542:6:vBIT_6_B	0	static
gbcpu.c:1543:6:vBIT_6_C	0	static
gbcpu.c:1544:6:vBIT_6_D	0	static
gbcpu.c:1545:6:vBIT_6_E	0	static
gbcpu.c:1546:6:vBIT_6_H	0	static
gbcpu.c:1547:6:vBIT_6_L	0	static
gbcpu.c:1548:6:vBIT_6_HL	8	static
gbcpu.c:1549:6:vBIT_6_A	0	static
gbcpu.c:1550:6:vBIT_7_B	0	static
gbcpu.c:1551:6:vBIT_7_C	0	static
gbcpu.c:1552:6:vBIT_7_D	0	static
gbcpu.c:1553:6:vBIT_7_E	0	static
gbcpu.c:1554:6:vBIT_7_H	0	static
gbcpu.c:1555:6:vBIT_7_L	0	static
gbcpu.c:1556:6:vBIT_7_HL	8	static
gbcpu.c:1557:6:vBIT_7_A	0	static
gbcpu.c:1566:6:vRES_0_HL	8	static
gbcpu.c:1574:6:vRES_1_HL	8	static
gbcpu.c:1584:6:vRES_2_HL	8	static
gbcpu.c:1592:6:vRES_3_HL	8	static
gbcpu.c:1602:6:vRES_4_HL	8	static
gbcpu.c:1610:6:vRES_5_HL	8	static
gbcpu.c:1620:6:vRES_6_HL	8	static
gbcpu.c:1628:6:vRES_7_HL	8	static
gbcpu.c:1638:6:vSET_0_HL	8	static
gbcpu.c:1646:6:vSET_1_HL	8	static
gbcpu.c:1656:6:vSET_2_HL	8	static
gbcpu.c:1664:6:vSET_3_HL	8	static
gbcpu.c:1674:6:vSET_4_HL	8	static
gbcpu.c:1682:6:vSET_5_HL	8	static
gbcpu.c:1692:6:vSET_6_HL	8	static
gbcpu.c:1700:6:vSET_7_HL	8	static
gbcpu.c:1195:6:vCCF	8	static
gbcpu.c:1342:6:vRET_NZ.part.0	0	static
gbcpu.c:1342:6:vRET_NZ	8	static
gbcpu.c:1350:6:vRET_Z	8	static
gbcpu.c:1360:6:vRET_NC	8	static
gbcpu.c:1368:6:vRET_C	8	static
gbcpu.c:1267:6:vLD_A_A	0	static
gbcpu.c:1198:6:vLD_B_B	0	static
gbcpu.c:1207:6:vLD_C_C	0	static
gbcpu.c:1218:6:vLD_D_D	0	static
gbcpu.c:1227:6:vLD_E_E	0	static
gbcpu.c:1238:6:vLD_H_H	0	static
gbcpu.c:1247:6:vLD_L_L	0	static
gbcpu.c:1703:9:ucGetTstate	0	static
gbcpu.c:1723:6:vGBCPUInterruptHandler	16	static
gbcpu.c:1744:6:vGBCPUinstr	16	static
gbcpu.c:1707:6:vGBCPUboot	16	static
