gbfunctions.c:24:10:usConcat16BitBigEndian	0	static
gbfunctions.c:34:6:vSetBit	0	static
gbfunctions.c:44:6:vResetBit	0	static
gbfunctions.c:54:9:ucCheckBit	0	static
gbfunctions.c:64:6:v8bitRegisterINC	0	static
gbfunctions.c:77:6:v8bitRegisterDEC	0	static
gbfunctions.c:90:6:vGBFunctionRLCA	0	static
gbfunctions.c:103:6:vGBFunctionRRCA	0	static
gbfunctions.c:117:6:vGBFunction16bitADD	8	static
gbfunctions.c:131:6:vGBFunctionRLA	0	static
gbfunctions.c:144:6:vGBFunctionRRA	0	static
gbfunctions.c:158:9:vGBFunctionJR_NZ	0	static
gbfunctions.c:173:6:vGBFunctionDAA	4	static
gbfunctions.c:195:9:vGBFunctionJR_Z	0	static
gbfunctions.c:211:9:vGBFunctionJR_NC	0	static
gbfunctions.c:226:6:vMemoryLocationINC	16	static
gbfunctions.c:239:6:vMemoryLocationDEC	16	static
gbfunctions.c:253:9:vGBFunctionJR_C	0	static
gbfunctions.c:269:6:vGBFunctionADD	8	static
gbfunctions.c:285:6:vGBFunctionADC	16	static
gbfunctions.c:301:6:vGBFunctionSUB	8	static
gbfunctions.c:316:6:vGBFunctionSBC	12	static
gbfunctions.c:332:6:vGBFunctionCP	8	static
gbfunctions.c:345:6:vGBFunctionRET	16	static
gbfunctions.c:356:6:vGBFunctionPOP	0	static
gbfunctions.c:368:9:vGBFunctionJP_NZ_a16	0	static
gbfunctions.c:400:6:vGBFunctionPUSH	16	static
gbfunctions.c:384:9:vGBFunctionCALL_NZ_a16	16	static
gbfunctions.c:413:9:vGBFunctionJP_Z_a16	0	static
gbfunctions.c:429:9:vGBFunctionCALL_Z_a16	16	static
gbfunctions.c:446:9:vGBFunctionJP_NC_a16	0	static
gbfunctions.c:462:9:vGBFunctionCALL_NC_a16	16	static
gbfunctions.c:479:9:vGBFunctionJP_C_a16	0	static
gbfunctions.c:495:9:vGBFunctionCALL_C_a16	16	static
gbfunctions.c:512:6:vGBFunctionADD_SP_r8	8	static
gbfunctions.c:529:6:vGBFunctionLD_HL_SP_r8	12	static
gbfunctions.c:546:9:ucGBFunctionRLC	0	static
gbfunctions.c:563:9:ucGBFunctionRRC	0	static
gbfunctions.c:580:9:ucGBFunctionRL	0	static
gbfunctions.c:597:9:ucGBFunctionRR	0	static
gbfunctions.c:614:9:ucGBFunctionSLA	0	static
gbfunctions.c:629:9:ucGBFunctionSRA	0	static
gbfunctions.c:646:9:ucGBFunctionSWAP	0	static
gbfunctions.c:661:9:ucGBFunctionSRL	0	static
gbfunctions.c:677:6:vGBFunctionBIT	0	static
gbfunctions.c:689:9:ucGBFunctionRESHL	8	static
gbfunctions.c:701:9:ucGBFunctionSETHL	8	static
