gbfunctions.c:12:10:concat_16bit_bigEndian	0	static
gbfunctions.c:16:6:setbit	0	static
gbfunctions.c:20:6:resetbit	0	static
gbfunctions.c:24:9:checkbit	0	static
gbfunctions.c:28:6:v8bitRegisterINC	0	static
gbfunctions.c:35:6:v8bitRegisterDEC	0	static
gbfunctions.c:42:6:vGBFunctionRLCA	0	static
gbfunctions.c:49:6:vGBFunctionRRCA	0	static
gbfunctions.c:56:6:vGBFunction16bitADD	8	static
gbfunctions.c:64:6:vGBFunctionRLA	0	static
gbfunctions.c:71:6:vGBFunctionRRA	0	static
gbfunctions.c:78:9:vGBFunctionJR_NZ	0	static
gbfunctions.c:87:6:vGBFunctionDAA	4	static
gbfunctions.c:102:9:vGBFunctionJR_Z	0	static
gbfunctions.c:111:9:vGBFunctionJR_NC	0	static
gbfunctions.c:120:6:vMemoryLocationINC	16	static
gbfunctions.c:127:6:vMemoryLocationDEC	16	static
gbfunctions.c:134:9:vGBFunctionJR_C	0	static
gbfunctions.c:143:6:vGBFunctionADD	8	static
gbfunctions.c:152:6:vGBFunctionADC	16	static
gbfunctions.c:161:6:vGBFunctionSUB	8	static
gbfunctions.c:169:6:vGBFunctionSBC	12	static
gbfunctions.c:178:6:vGBFunctionCP	8	static
gbfunctions.c:185:6:vGBFunctionRET	16	static
gbfunctions.c:190:6:vGBFunctionPOP	0	static
gbfunctions.c:195:9:vGBFunctionJP_NZ_a16	0	static
gbfunctions.c:214:6:vGBFunctionPUSH	16	static
gbfunctions.c:204:9:vGBFunctionCALL_NZ_a16	16	static
gbfunctions.c:220:9:vGBFunctionJP_Z_a16	0	static
gbfunctions.c:229:9:vGBFunctionCALL_Z_a16	16	static
gbfunctions.c:239:9:vGBFunctionJP_NC_a16	0	static
gbfunctions.c:248:9:vGBFunctionCALL_NC_a16	16	static
gbfunctions.c:258:9:vGBFunctionJP_C_a16	0	static
gbfunctions.c:267:9:vGBFunctionCALL_C_a16	16	static
gbfunctions.c:277:6:vGBFunctionADD_SP_r8	8	static
gbfunctions.c:286:6:vGBFunctionLD_HL_SP_r8	12	static
gbfunctions.c:297:9:ucGBFunctionRLC	0	static
gbfunctions.c:308:9:ucGBFunctionRRC	0	static
gbfunctions.c:319:9:ucGBFunctionRL	0	static
gbfunctions.c:330:9:ucGBFunctionRR	0	static
gbfunctions.c:341:9:ucGBFunctionSLA	0	static
gbfunctions.c:350:9:ucGBFunctionSRA	0	static
gbfunctions.c:361:9:ucGBFunctionSWAP	0	static
gbfunctions.c:370:9:ucGBFunctionSRL	0	static
gbfunctions.c:379:6:vGBFunctionBIT	0	static
gbfunctions.c:385:9:ucGBFunctionRESHL	8	static
gbfunctions.c:391:9:ucGBFunctionSETHL	8	static
