gbfunctions.c:12:10:concat_16bit_bigEndian	0	static
gbfunctions.c:19:6:setbit	0	static
gbfunctions.c:23:6:resetbit	0	static
gbfunctions.c:27:9:checkbit	0	static
gbfunctions.c:31:6:v8bitRegisterINC	0	static
gbfunctions.c:38:6:v8bitRegisterDEC	0	static
gbfunctions.c:45:6:vGBFunctionRLCA	0	static
gbfunctions.c:52:6:vGBFunctionRRCA	0	static
gbfunctions.c:59:6:vGBFunction16bitADD	8	static
gbfunctions.c:67:6:vGBFunctionRLA	0	static
gbfunctions.c:74:6:vGBFunctionRRA	0	static
gbfunctions.c:81:9:vGBFunctionJR_NZ	0	static
gbfunctions.c:90:6:vGBFunctionDAA	4	static
gbfunctions.c:105:9:vGBFunctionJR_Z	0	static
gbfunctions.c:114:9:vGBFunctionJR_NC	0	static
gbfunctions.c:123:6:vMemoryLocationINC	16	static
gbfunctions.c:130:6:vMemoryLocationDEC	16	static
gbfunctions.c:137:9:vGBFunctionJR_C	0	static
gbfunctions.c:146:6:vGBFunctionADD	8	static
gbfunctions.c:155:6:vGBFunctionADC	12	static
gbfunctions.c:164:6:vGBFunctionSUB	8	static
gbfunctions.c:172:6:vGBFunctionSBC	8	static
gbfunctions.c:181:6:vGBFunctionCP	8	static
