gbmemory.c:103:6:vGBMemoryWrite.part.0	16	static
gbmemory.c:33:6:vGBMemorySetOP	0	static
gbmemory.c:43:6:vGBMemoryInit	8	static
gbmemory.c:56:6:vGBMemoryLoad	0	static
gbmemory.c:66:9:vGBMemoryJoypad	16	static
gbmemory.c:152:6:vGBMemorySetBit	4	static
gbmemory.c:167:6:vGBMemoryResetBit	8	static
gbmemory.c:183:9:ucGBMemoryRead	0	static
gbmemory.c:103:6:vGBMemoryWrite	16	static
gbmemory.c:143:6:vGBMemoryWriteShort	16	static
gbmemory.c:204:10:usGBMemoryReadShort	0	static
gbmemory.c:209:6:vGBMemoryIncTimers	16	static
gbmemory.c:255:6:vGBMemoryPrint	32	static
