gbmemory.c:41:6:vGBMemorySetOP	0	static
gbmemory.c:65:6:vGBMemoryLoad	0	static
gbmemory.c:74:9:prvGBMemoryJoypad	16	static
gbmemory.c:177:6:vGBMemorySetBit	4	static
gbmemory.c:193:6:vGBMemoryResetBit	8	static
gbmemory.c:209:9:ucGBMemoryRead	0	static
gbmemory.c:111:6:vGBMemoryWrite	16	static
gbmemory.c:167:6:vGBMemoryWriteShort	16	static
gbmemory.c:51:6:vGBMemoryInit	16	static
gbmemory.c:237:10:usGBMemoryReadShort	0	static
gbmemory.c:247:6:vGBMemoryIncTimers	32	static
gbmemory.c:303:6:vGBMemoryPrint	32	static
