gbppu.c:250:6:setMode.part.0	8	static
gbppu.c:68:6:vSetFrameBuffer	0	static
gbppu.c:140:6:vCheckBGP	24	static
gbppu.c:155:6:vCheckOBP0	24	static
gbppu.c:169:6:vCheckOBP1	24	static
gbppu.c:190:10:usGetBackWinTileDataSel	8	static
gbppu.c:200:10:usGetBackTileDisplaySel	8	static
gbppu.c:207:10:usGetWinTileDisplaySel	8	static
gbppu.c:218:10:getTileLineData	16	static
gbppu.c:235:6:LYC_check	8	static
gbppu.c:250:6:setMode	8	static
gbppu.c:261:6:updateBufferObj	20	static
gbppu.c:306:6:vGBPPUDrawLineWindow.part.0	48	static
gbppu.c:270:6:vGBPPUDrawLineBackground	56	static
gbppu.c:306:6:vGBPPUDrawLineWindow	12	static
gbppu.c:338:6:vGBPPUDrawLineObjects	48	static
gbppu.c:383:6:vGBPPUDrawLine	32	static
gbppu.c:83:6:gbPPUStep	24	static
