stm32h7xx_it.c:50:6:NMI_Handler	0	static
stm32h7xx_it.c:59:6:HardFault_Handler	8	static
stm32h7xx_it.c:74:6:MemManage_Handler	0	static
stm32h7xx_it.c:87:6:BusFault_Handler	0	static
stm32h7xx_it.c:100:6:UsageFault_Handler	0	static
stm32h7xx_it.c:113:6:SVC_Handler	0	static
stm32h7xx_it.c:122:6:DebugMon_Handler	0	static
stm32h7xx_it.c:131:6:PendSV_Handler	0	static
stm32h7xx_it.c:140:6:SysTick_Handler	0	static
stm32h7xx_it.c:151:6:LTDC_IRQHandler	0	static
stm32h7xx_it.c:156:6:LTDC_ER_IRQHandler	0	static
stm32h7xx_it.c:167:6:DSI_IRQHandler	0	static
stm32h7xx_it.c:177:6:DMA2_Stream1_IRQHandler	0	static
