Archive member included to satisfy reference by file (symbol)

c:/st/stm32cubeide_1.4.0/stm32cubeide/plugins/com.st.stm32cube.ide.mcu.externaltools.gnu-tools-for-stm32.9-2020-q2-update.win32_1.5.0.202011040924/tools/bin/../lib/gcc/arm-none-eabi/9.3.1/../../../../arm-none-eabi/lib/thumb/v7e-m+fp/hard\libc_nano.a(lib_a-errno.o)
                              Core/Src/syscalls.o (__errno)
c:/st/stm32cubeide_1.4.0/stm32cubeide/plugins/com.st.stm32cube.ide.mcu.externaltools.gnu-tools-for-stm32.9-2020-q2-update.win32_1.5.0.202011040924/tools/bin/../lib/gcc/arm-none-eabi/9.3.1/../../../../arm-none-eabi/lib/thumb/v7e-m+fp/hard\libc_nano.a(lib_a-exit.o)
                              c:/st/stm32cubeide_1.4.0/stm32cubeide/plugins/com.st.stm32cube.ide.mcu.externaltools.gnu-tools-for-stm32.9-2020-q2-update.win32_1.5.0.202011040924/tools/bin/../lib/gcc/arm-none-eabi/9.3.1/../../../../arm-none-eabi/lib/thumb/v7e-m+fp/hard/crt0.o (exit)
c:/st/stm32cubeide_1.4.0/stm32cubeide/plugins/com.st.stm32cube.ide.mcu.externaltools.gnu-tools-for-stm32.9-2020-q2-update.win32_1.5.0.202011040924/tools/bin/../lib/gcc/arm-none-eabi/9.3.1/../../../../arm-none-eabi/lib/thumb/v7e-m+fp/hard\libc_nano.a(lib_a-impure.o)
                              c:/st/stm32cubeide_1.4.0/stm32cubeide/plugins/com.st.stm32cube.ide.mcu.externaltools.gnu-tools-for-stm32.9-2020-q2-update.win32_1.5.0.202011040924/tools/bin/../lib/gcc/arm-none-eabi/9.3.1/../../../../arm-none-eabi/lib/thumb/v7e-m+fp/hard\libc_nano.a(lib_a-exit.o) (_global_impure_ptr)
c:/st/stm32cubeide_1.4.0/stm32cubeide/plugins/com.st.stm32cube.ide.mcu.externaltools.gnu-tools-for-stm32.9-2020-q2-update.win32_1.5.0.202011040924/tools/bin/../lib/gcc/arm-none-eabi/9.3.1/../../../../arm-none-eabi/lib/thumb/v7e-m+fp/hard\libc_nano.a(lib_a-init.o)
                              c:/st/stm32cubeide_1.4.0/stm32cubeide/plugins/com.st.stm32cube.ide.mcu.externaltools.gnu-tools-for-stm32.9-2020-q2-update.win32_1.5.0.202011040924/tools/bin/../lib/gcc/arm-none-eabi/9.3.1/../../../../arm-none-eabi/lib/thumb/v7e-m+fp/hard/crt0.o (__libc_init_array)
c:/st/stm32cubeide_1.4.0/stm32cubeide/plugins/com.st.stm32cube.ide.mcu.externaltools.gnu-tools-for-stm32.9-2020-q2-update.win32_1.5.0.202011040924/tools/bin/../lib/gcc/arm-none-eabi/9.3.1/../../../../arm-none-eabi/lib/thumb/v7e-m+fp/hard\libc_nano.a(lib_a-memset.o)
                              c:/st/stm32cubeide_1.4.0/stm32cubeide/plugins/com.st.stm32cube.ide.mcu.externaltools.gnu-tools-for-stm32.9-2020-q2-update.win32_1.5.0.202011040924/tools/bin/../lib/gcc/arm-none-eabi/9.3.1/../../../../arm-none-eabi/lib/thumb/v7e-m+fp/hard/crt0.o (memset)

Allocating common symbols
Common symbol       size              file

uwTick              0x4               Drivers/STM32H7xx_HAL_Driver/stm32h7xx_hal.o
pFlash              0x1c              Drivers/STM32H7xx_HAL_Driver/stm32h7xx_hal_flash.o

Discarded input sections

 .text          0x0000000000000000        0x0 c:/st/stm32cubeide_1.4.0/stm32cubeide/plugins/com.st.stm32cube.ide.mcu.externaltools.gnu-tools-for-stm32.9-2020-q2-update.win32_1.5.0.202011040924/tools/bin/../lib/gcc/arm-none-eabi/9.3.1/thumb/v7e-m+fp/hard/crti.o
 .data          0x0000000000000000        0x0 c:/st/stm32cubeide_1.4.0/stm32cubeide/plugins/com.st.stm32cube.ide.mcu.externaltools.gnu-tools-for-stm32.9-2020-q2-update.win32_1.5.0.202011040924/tools/bin/../lib/gcc/arm-none-eabi/9.3.1/thumb/v7e-m+fp/hard/crti.o
 .bss           0x0000000000000000        0x0 c:/st/stm32cubeide_1.4.0/stm32cubeide/plugins/com.st.stm32cube.ide.mcu.externaltools.gnu-tools-for-stm32.9-2020-q2-update.win32_1.5.0.202011040924/tools/bin/../lib/gcc/arm-none-eabi/9.3.1/thumb/v7e-m+fp/hard/crti.o
 .data          0x0000000000000000        0x4 c:/st/stm32cubeide_1.4.0/stm32cubeide/plugins/com.st.stm32cube.ide.mcu.externaltools.gnu-tools-for-stm32.9-2020-q2-update.win32_1.5.0.202011040924/tools/bin/../lib/gcc/arm-none-eabi/9.3.1/thumb/v7e-m+fp/hard/crtbegin.o
 .text          0x0000000000000000       0x7c c:/st/stm32cubeide_1.4.0/stm32cubeide/plugins/com.st.stm32cube.ide.mcu.externaltools.gnu-tools-for-stm32.9-2020-q2-update.win32_1.5.0.202011040924/tools/bin/../lib/gcc/arm-none-eabi/9.3.1/../../../../arm-none-eabi/lib/thumb/v7e-m+fp/hard/crt0.o
 .data          0x0000000000000000        0x0 c:/st/stm32cubeide_1.4.0/stm32cubeide/plugins/com.st.stm32cube.ide.mcu.externaltools.gnu-tools-for-stm32.9-2020-q2-update.win32_1.5.0.202011040924/tools/bin/../lib/gcc/arm-none-eabi/9.3.1/../../../../arm-none-eabi/lib/thumb/v7e-m+fp/hard/crt0.o
 .bss           0x0000000000000000        0x0 c:/st/stm32cubeide_1.4.0/stm32cubeide/plugins/com.st.stm32cube.ide.mcu.externaltools.gnu-tools-for-stm32.9-2020-q2-update.win32_1.5.0.202011040924/tools/bin/../lib/gcc/arm-none-eabi/9.3.1/../../../../arm-none-eabi/lib/thumb/v7e-m+fp/hard/crt0.o
[...]
Memory Configuration

Name             Origin             Length             Attributes
FLASH            0x0000000008100000 0x0000000000100000 xr
RAM              0x0000000010000000 0x0000000000048000 xrw
*default*        0x0000000000000000 0xffffffffffffffff

Linker script and memory map

LOAD c:/st/stm32cubeide_1.4.0/stm32cubeide/plugins/com.st.stm32cube.ide.mcu.externaltools.gnu-tools-for-stm32.9-2020-q2-update.win32_1.5.0.202011040924/tools/bin/../lib/gcc/arm-none-eabi/9.3.1/thumb/v7e-m+fp/hard/crti.o
LOAD c:/st/stm32cubeide_1.4.0/stm32cubeide/plugins/com.st.stm32cube.ide.mcu.externaltools.gnu-tools-for-stm32.9-2020-q2-update.win32_1.5.0.202011040924/tools/bin/../lib/gcc/arm-none-eabi/9.3.1/thumb/v7e-m+fp/hard/crtbegin.o
LOAD c:/st/stm32cubeide_1.4.0/stm32cubeide/plugins/com.st.stm32cube.ide.mcu.externaltools.gnu-tools-for-stm32.9-2020-q2-update.win32_1.5.0.202011040924/tools/bin/../lib/gcc/arm-none-eabi/9.3.1/../../../../arm-none-eabi/lib/thumb/v7e-m+fp/hard/crt0.o
LOAD Common/Src/system_stm32h7xx_dualcore_boot_cm4_cm7.o
LOAD Core/Src/main.o
LOAD Core/Src/stm32h7xx_hal_msp.o
LOAD Core/Src/stm32h7xx_it.o
LOAD Core/Src/syscalls.o
LOAD Core/Src/sysmem.o
LOAD Core/Startup/startup_stm32h747xihx.o
LOAD Drivers/STM32H7xx_HAL_Driver/stm32h7xx_hal.o
LOAD Drivers/STM32H7xx_HAL_Driver/stm32h7xx_hal_adc.o
LOAD Drivers/STM32H7xx_HAL_Driver/stm32h7xx_hal_adc_ex.o
LOAD Drivers/STM32H7xx_HAL_Driver/stm32h7xx_hal_cortex.o
LOAD Drivers/STM32H7xx_HAL_Driver/stm32h7xx_hal_dma.o
LOAD Drivers/STM32H7xx_HAL_Driver/stm32h7xx_hal_dma_ex.o
LOAD Drivers/STM32H7xx_HAL_Driver/stm32h7xx_hal_exti.o
LOAD Drivers/STM32H7xx_HAL_Driver/stm32h7xx_hal_flash.o
LOAD Drivers/STM32H7xx_HAL_Driver/stm32h7xx_hal_flash_ex.o
LOAD Drivers/STM32H7xx_HAL_Driver/stm32h7xx_hal_gpio.o
LOAD Drivers/STM32H7xx_HAL_Driver/stm32h7xx_hal_hsem.o
LOAD Drivers/STM32H7xx_HAL_Driver/stm32h7xx_hal_i2c.o
LOAD Drivers/STM32H7xx_HAL_Driver/stm32h7xx_hal_i2c_ex.o
LOAD Drivers/STM32H7xx_HAL_Driver/stm32h7xx_hal_mdma.o
LOAD Drivers/STM32H7xx_HAL_Driver/stm32h7xx_hal_pwr.o
LOAD Drivers/STM32H7xx_HAL_Driver/stm32h7xx_hal_pwr_ex.o
LOAD Drivers/STM32H7xx_HAL_Driver/stm32h7xx_hal_rcc.o
LOAD Drivers/STM32H7xx_HAL_Driver/stm32h7xx_hal_rcc_ex.o
LOAD Drivers/STM32H7xx_HAL_Driver/stm32h7xx_hal_rtc.o
LOAD Drivers/STM32H7xx_HAL_Driver/stm32h7xx_hal_rtc_ex.o
LOAD Drivers/STM32H7xx_HAL_Driver/stm32h7xx_hal_tim.o
LOAD Drivers/STM32H7xx_HAL_Driver/stm32h7xx_hal_tim_ex.o
START GROUP
LOAD c:/st/stm32cubeide_1.4.0/stm32cubeide/plugins/com.st.stm32cube.ide.mcu.externaltools.gnu-tools-for-stm32.9-2020-q2-update.win32_1.5.0.202011040924/tools/bin/../lib/gcc/arm-none-eabi/9.3.1/../../../../arm-none-eabi/lib/thumb/v7e-m+fp/hard\libc_nano.a
LOAD c:/st/stm32cubeide_1.4.0/stm32cubeide/plugins/com.st.stm32cube.ide.mcu.externaltools.gnu-tools-for-stm32.9-2020-q2-update.win32_1.5.0.202011040924/tools/bin/../lib/gcc/arm-none-eabi/9.3.1/../../../../arm-none-eabi/lib/thumb/v7e-m+fp/hard\libm.a
END GROUP
START GROUP
LOAD c:/st/stm32cubeide_1.4.0/stm32cubeide/plugins/com.st.stm32cube.ide.mcu.externaltools.gnu-tools-for-stm32.9-2020-q2-update.win32_1.5.0.202011040924/tools/bin/../lib/gcc/arm-none-eabi/9.3.1/thumb/v7e-m+fp/hard\libgcc.a
LOAD c:/st/stm32cubeide_1.4.0/stm32cubeide/plugins/com.st.stm32cube.ide.mcu.externaltools.gnu-tools-for-stm32.9-2020-q2-update.win32_1.5.0.202011040924/tools/bin/../lib/gcc/arm-none-eabi/9.3.1/../../../../arm-none-eabi/lib/thumb/v7e-m+fp/hard\libc_nano.a
END GROUP
START GROUP
LOAD c:/st/stm32cubeide_1.4.0/stm32cubeide/plugins/com.st.stm32cube.ide.mcu.externaltools.gnu-tools-for-stm32.9-2020-q2-update.win32_1.5.0.202011040924/tools/bin/../lib/gcc/arm-none-eabi/9.3.1/thumb/v7e-m+fp/hard\libgcc.a
LOAD c:/st/stm32cubeide_1.4.0/stm32cubeide/plugins/com.st.stm32cube.ide.mcu.externaltools.gnu-tools-for-stm32.9-2020-q2-update.win32_1.5.0.202011040924/tools/bin/../lib/gcc/arm-none-eabi/9.3.1/../../../../arm-none-eabi/lib/thumb/v7e-m+fp/hard\libc_nano.a
LOAD c:/st/stm32cubeide_1.4.0/stm32cubeide/plugins/com.st.stm32cube.ide.mcu.externaltools.gnu-tools-for-stm32.9-2020-q2-update.win32_1.5.0.202011040924/tools/bin/../lib/gcc/arm-none-eabi/9.3.1/../../../../arm-none-eabi/lib/thumb/v7e-m+fp/hard\libnosys.a
END GROUP
START GROUP
LOAD c:/st/stm32cubeide_1.4.0/stm32cubeide/plugins/com.st.stm32cube.ide.mcu.externaltools.gnu-tools-for-stm32.9-2020-q2-update.win32_1.5.0.202011040924/tools/bin/../lib/gcc/arm-none-eabi/9.3.1/thumb/v7e-m+fp/hard\libgcc.a
LOAD c:/st/stm32cubeide_1.4.0/stm32cubeide/plugins/com.st.stm32cube.ide.mcu.externaltools.gnu-tools-for-stm32.9-2020-q2-update.win32_1.5.0.202011040924/tools/bin/../lib/gcc/arm-none-eabi/9.3.1/../../../../arm-none-eabi/lib/thumb/v7e-m+fp/hard\libc_nano.a
LOAD c:/st/stm32cubeide_1.4.0/stm32cubeide/plugins/com.st.stm32cube.ide.mcu.externaltools.gnu-tools-for-stm32.9-2020-q2-update.win32_1.5.0.202011040924/tools/bin/../lib/gcc/arm-none-eabi/9.3.1/../../../../arm-none-eabi/lib/thumb/v7e-m+fp/hard\libnosys.a
END GROUP
LOAD c:/st/stm32cubeide_1.4.0/stm32cubeide/plugins/com.st.stm32cube.ide.mcu.externaltools.gnu-tools-for-stm32.9-2020-q2-update.win32_1.5.0.202011040924/tools/bin/../lib/gcc/arm-none-eabi/9.3.1/thumb/v7e-m+fp/hard/crtend.o
LOAD c:/st/stm32cubeide_1.4.0/stm32cubeide/plugins/com.st.stm32cube.ide.mcu.externaltools.gnu-tools-for-stm32.9-2020-q2-update.win32_1.5.0.202011040924/tools/bin/../lib/gcc/arm-none-eabi/9.3.1/thumb/v7e-m+fp/hard/crtn.o
                0x0000000010048000                _estack = 0x10048000
                0x0000000000000200                _Min_Heap_Size = 0x200
                0x0000000000000400                _Min_Stack_Size = 0x400

.isr_vector     0x0000000008100000      0x298
                0x0000000008100000                . = ALIGN (0x4)
 *(.isr_vector)
 .isr_vector    0x0000000008100000      0x298 Core/Startup/startup_stm32h747xihx.o
                0x0000000008100000                g_pfnVectors
                0x0000000008100298                . = ALIGN (0x4)

.text           0x0000000008100298      0x578
                0x0000000008100298                . = ALIGN (0x4)
 *(.text)
 .text          0x0000000008100298       0x40 c:/st/stm32cubeide_1.4.0/stm32cubeide/plugins/com.st.stm32cube.ide.mcu.externaltools.gnu-tools-for-stm32.9-2020-q2-update.win32_1.5.0.202011040924/tools/bin/../lib/gcc/arm-none-eabi/9.3.1/thumb/v7e-m+fp/hard/crtbegin.o
 *(.text*)
 .text.SystemInit
                0x00000000081002d8       0x24 Common/Src/system_stm32h7xx_dualcore_boot_cm4_cm7.o
                0x00000000081002d8                SystemInit
 .text.startup.main
                0x00000000081002fc       0x6c Core/Src/main.o
                0x00000000081002fc                main
 .text.HAL_MspInit
                0x0000000008100368        0x4 Core/Src/stm32h7xx_hal_msp.o
                0x0000000008100368                HAL_MspInit
 .text.NMI_Handler
                0x000000000810036c        0x4 Core/Src/stm32h7xx_it.o
                0x000000000810036c                NMI_Handler
 .text.HardFault_Handler
                0x0000000008100370        0x4 Core/Src/stm32h7xx_it.o
                0x0000000008100370                HardFault_Handler
 .text.MemManage_Handler
                0x0000000008100374        0x4 Core/Src/stm32h7xx_it.o
                0x0000000008100374                MemManage_Handler
 .text.BusFault_Handler
                0x0000000008100378        0x4 Core/Src/stm32h7xx_it.o
                0x0000000008100378                BusFault_Handler
 .text.UsageFault_Handler
                0x000000000810037c        0x4 Core/Src/stm32h7xx_it.o
                0x000000000810037c                UsageFault_Handler
 .text.SVC_Handler
                0x0000000008100380        0x4 Core/Src/stm32h7xx_it.o
                0x0000000008100380                SVC_Handler
 .text.DebugMon_Handler
                0x0000000008100384        0x4 Core/Src/stm32h7xx_it.o
                0x0000000008100384                DebugMon_Handler
 .text.PendSV_Handler
                0x0000000008100388        0x4 Core/Src/stm32h7xx_it.o
                0x0000000008100388                PendSV_Handler
 .text.SysTick_Handler
                0x000000000810038c        0x4 Core/Src/stm32h7xx_it.o
                0x000000000810038c                SysTick_Handler
 .text.Reset_Handler
                0x0000000008100390       0x50 Core/Startup/startup_stm32h747xihx.o
                0x0000000008100390                Reset_Handler
 .text.Default_Handler
                0x00000000081003e0        0x2 Core/Startup/startup_stm32h747xihx.o
                0x00000000081003e0                RTC_Alarm_IRQHandler
                0x00000000081003e0                EXTI2_IRQHandler
                0x00000000081003e0                TIM8_CC_IRQHandler
                0x00000000081003e0                HRTIM1_Master_IRQHandler
                0x00000000081003e0                UART8_IRQHandler
                0x00000000081003e0                SPI4_IRQHandler
                0x00000000081003e0                TIM1_CC_IRQHandler
                0x00000000081003e0                BDMA_Channel6_IRQHandler
                0x00000000081003e0                DMA2_Stream5_IRQHandler
                0x00000000081003e0                HRTIM1_FLT_IRQHandler
                0x00000000081003e0                JPEG_IRQHandler
                0x00000000081003e0                DMA1_Stream5_IRQHandler
                0x00000000081003e0                BDMA_Channel1_IRQHandler
                0x00000000081003e0                HRTIM1_TIMD_IRQHandler
                0x00000000081003e0                TAMP_STAMP_IRQHandler
                0x00000000081003e0                EXTI3_IRQHandler
                0x00000000081003e0                LPTIM4_IRQHandler
                0x00000000081003e0                TIM8_TRG_COM_TIM14_IRQHandler
                0x00000000081003e0                LPTIM2_IRQHandler
                0x00000000081003e0                DFSDM1_FLT1_IRQHandler
                0x00000000081003e0                DMAMUX2_OVR_IRQHandler
                0x00000000081003e0                TIM8_UP_TIM13_IRQHandler
                0x00000000081003e0                I2C3_ER_IRQHandler
                0x00000000081003e0                DFSDM1_FLT2_IRQHandler
                0x00000000081003e0                MDMA_IRQHandler
                0x00000000081003e0                LPTIM3_IRQHandler
                0x00000000081003e0                HSEM1_IRQHandler
                0x00000000081003e0                EXTI0_IRQHandler
                0x00000000081003e0                I2C2_EV_IRQHandler
                0x00000000081003e0                DMA1_Stream2_IRQHandler
                0x00000000081003e0                FPU_IRQHandler
                0x00000000081003e0                OTG_HS_WKUP_IRQHandler
                0x00000000081003e0                FDCAN1_IT1_IRQHandler
                0x00000000081003e0                LTDC_ER_IRQHandler
                0x00000000081003e0                DMA2_Stream2_IRQHandler
                0x00000000081003e0                HRTIM1_TIME_IRQHandler
                0x00000000081003e0                SPI1_IRQHandler
                0x00000000081003e0                TIM6_DAC_IRQHandler
                0x00000000081003e0                DCMI_IRQHandler
                0x00000000081003e0                HRTIM1_TIMC_IRQHandler
                0x00000000081003e0                DMA2_Stream3_IRQHandler
                0x00000000081003e0                SAI2_IRQHandler
                0x00000000081003e0                DFSDM1_FLT3_IRQHandler
                0x00000000081003e0                USART6_IRQHandler
                0x00000000081003e0                TIM17_IRQHandler
                0x00000000081003e0                USART3_IRQHandler
                0x00000000081003e0                BDMA_Channel7_IRQHandler
                0x00000000081003e0                LPTIM5_IRQHandler
                0x00000000081003e0                UART5_IRQHandler
                0x00000000081003e0                ADC3_IRQHandler
                0x00000000081003e0                DMA2_Stream0_IRQHandler
                0x00000000081003e0                TIM4_IRQHandler
                0x00000000081003e0                BDMA_Channel2_IRQHandler
                0x00000000081003e0                QUADSPI_IRQHandler
                0x00000000081003e0                I2C1_EV_IRQHandler
                0x00000000081003e0                DMA1_Stream6_IRQHandler
                0x00000000081003e0                DMAMUX1_OVR_IRQHandler
                0x00000000081003e0                DMA1_Stream1_IRQHandler
                0x00000000081003e0                TIM16_IRQHandler
                0x00000000081003e0                UART4_IRQHandler
                0x00000000081003e0                BDMA_Channel5_IRQHandler
                0x00000000081003e0                TIM3_IRQHandler
                0x00000000081003e0                RCC_IRQHandler
                0x00000000081003e0                TIM8_BRK_TIM12_IRQHandler
                0x00000000081003e0                TIM1_TRG_COM_IRQHandler
                0x00000000081003e0                Default_Handler
                0x00000000081003e0                ECC_IRQHandler
                0x00000000081003e0                CEC_IRQHandler
                0x00000000081003e0                EXTI15_10_IRQHandler
                0x00000000081003e0                BDMA_Channel0_IRQHandler
                0x00000000081003e0                ADC_IRQHandler
                0x00000000081003e0                DMA1_Stream7_IRQHandler
                0x00000000081003e0                HRTIM1_TIMA_IRQHandler
                0x00000000081003e0                SPI5_IRQHandler
                0x00000000081003e0                TIM7_IRQHandler
                0x00000000081003e0                SDMMC1_IRQHandler
                0x00000000081003e0                TIM5_IRQHandler
                0x00000000081003e0                DMA2_Stream7_IRQHandler
                0x00000000081003e0                TIM15_IRQHandler
                0x00000000081003e0                PVD_AVD_IRQHandler
                0x00000000081003e0                I2C3_EV_IRQHandler
                0x00000000081003e0                EXTI9_5_IRQHandler
                0x00000000081003e0                RTC_WKUP_IRQHandler
                0x00000000081003e0                LTDC_IRQHandler
                0x00000000081003e0                SAI3_IRQHandler
                0x00000000081003e0                ETH_WKUP_IRQHandler
                0x00000000081003e0                SPDIF_RX_IRQHandler
                0x00000000081003e0                SPI2_IRQHandler
                0x00000000081003e0                OTG_HS_EP1_IN_IRQHandler
                0x00000000081003e0                DMA1_Stream0_IRQHandler
                0x00000000081003e0                CRS_IRQHandler
                0x00000000081003e0                CM7_SEV_IRQHandler
                0x00000000081003e0                EXTI4_IRQHandler
                0x00000000081003e0                RNG_IRQHandler
                0x00000000081003e0                CM4_SEV_IRQHandler
                0x00000000081003e0                HRTIM1_TIMB_IRQHandler
                0x00000000081003e0                FDCAN2_IT1_IRQHandler
                0x00000000081003e0                DSI_IRQHandler
                0x00000000081003e0                ETH_IRQHandler
                0x00000000081003e0                TIM1_UP_IRQHandler
                0x00000000081003e0                WWDG_RST_IRQHandler
                0x00000000081003e0                BDMA_Channel4_IRQHandler
                0x00000000081003e0                OTG_HS_EP1_OUT_IRQHandler
                0x00000000081003e0                WWDG_IRQHandler
                0x00000000081003e0                SPI6_IRQHandler
                0x00000000081003e0                MDIOS_IRQHandler
                0x00000000081003e0                I2C4_EV_IRQHandler
                0x00000000081003e0                FDCAN2_IT0_IRQHandler
                0x00000000081003e0                LPUART1_IRQHandler
                0x00000000081003e0                FDCAN1_IT0_IRQHandler
                0x00000000081003e0                TIM2_IRQHandler
                0x00000000081003e0                OTG_FS_WKUP_IRQHandler
                0x00000000081003e0                OTG_HS_IRQHandler
                0x00000000081003e0                HSEM2_IRQHandler
                0x00000000081003e0                DMA2D_IRQHandler
                0x00000000081003e0                TIM1_BRK_IRQHandler
                0x00000000081003e0                EXTI1_IRQHandler
                0x00000000081003e0                SDMMC2_IRQHandler
                0x00000000081003e0                OTG_FS_EP1_OUT_IRQHandler
                0x00000000081003e0                BDMA_Channel3_IRQHandler
                0x00000000081003e0                HOLD_CORE_IRQHandler
                0x00000000081003e0                UART7_IRQHandler
                0x00000000081003e0                MDIOS_WKUP_IRQHandler
                0x00000000081003e0                USART2_IRQHandler
                0x00000000081003e0                DFSDM1_FLT0_IRQHandler
                0x00000000081003e0                SAI4_IRQHandler
                0x00000000081003e0                I2C2_ER_IRQHandler
                0x00000000081003e0                DMA2_Stream1_IRQHandler
                0x00000000081003e0                FLASH_IRQHandler
                0x00000000081003e0                DMA2_Stream4_IRQHandler
                0x00000000081003e0                USART1_IRQHandler
                0x00000000081003e0                OTG_FS_IRQHandler
                0x00000000081003e0                SPI3_IRQHandler
                0x00000000081003e0                WAKEUP_PIN_IRQHandler
                0x00000000081003e0                DMA1_Stream4_IRQHandler
                0x00000000081003e0                OTG_FS_EP1_IN_IRQHandler
                0x00000000081003e0                I2C1_ER_IRQHandler
                0x00000000081003e0                FMC_IRQHandler
                0x00000000081003e0                FDCAN_CAL_IRQHandler
                0x00000000081003e0                SWPMI1_IRQHandler
                0x00000000081003e0                COMP1_IRQHandler
                0x00000000081003e0                LPTIM1_IRQHandler
                0x00000000081003e0                I2C4_ER_IRQHandler
                0x00000000081003e0                DMA2_Stream6_IRQHandler
                0x00000000081003e0                SAI1_IRQHandler
                0x00000000081003e0                DMA1_Stream3_IRQHandler
 *fill*         0x00000000081003e2        0x2 
 .text.HAL_InitTick
                0x00000000081003e4       0x4c Drivers/STM32H7xx_HAL_Driver/stm32h7xx_hal.o
                0x00000000081003e4                HAL_InitTick
 .text.HAL_Init
                0x0000000008100430       0x9c Drivers/STM32H7xx_HAL_Driver/stm32h7xx_hal.o
                0x0000000008100430                HAL_Init
 .text.HAL_IncTick
                0x00000000081004cc       0x18 Drivers/STM32H7xx_HAL_Driver/stm32h7xx_hal.o
                0x00000000081004cc                HAL_IncTick
 .text.HAL_NVIC_SetPriorityGrouping
                0x00000000081004e4       0x28 Drivers/STM32H7xx_HAL_Driver/stm32h7xx_hal_cortex.o
                0x00000000081004e4                HAL_NVIC_SetPriorityGrouping
 .text.HAL_NVIC_SetPriority
                0x000000000810050c       0x70 Drivers/STM32H7xx_HAL_Driver/stm32h7xx_hal_cortex.o
                0x000000000810050c                HAL_NVIC_SetPriority
 .text.HAL_SYSTICK_Config
                0x000000000810057c       0x34 Drivers/STM32H7xx_HAL_Driver/stm32h7xx_hal_cortex.o
                0x000000000810057c                HAL_SYSTICK_Config
 .text.HAL_GetCurrentCPUID
                0x00000000081005b0       0x18 Drivers/STM32H7xx_HAL_Driver/stm32h7xx_hal_cortex.o
                0x00000000081005b0                HAL_GetCurrentCPUID
 .text.HAL_HSEM_ActivateNotification
                0x00000000081005c8       0x10 Drivers/STM32H7xx_HAL_Driver/stm32h7xx_hal_hsem.o
                0x00000000081005c8                HAL_HSEM_ActivateNotification
 .text.HAL_PWREx_EnterSTOPMode
                0x00000000081005d8       0x88 Drivers/STM32H7xx_HAL_Driver/stm32h7xx_hal_pwr_ex.o
                0x00000000081005d8                HAL_PWREx_EnterSTOPMode
 .text.HAL_PWREx_ClearPendingEvent
                0x0000000008100660       0x10 Drivers/STM32H7xx_HAL_Driver/stm32h7xx_hal_pwr_ex.o
                0x0000000008100660                HAL_PWREx_ClearPendingEvent
 .text.HAL_RCC_GetSysClockFreq
                0x0000000008100670      0x140 Drivers/STM32H7xx_HAL_Driver/stm32h7xx_hal_rcc.o
                0x0000000008100670                HAL_RCC_GetSysClockFreq
 .text.__libc_init_array
                0x00000000081007b0       0x48 c:/st/stm32cubeide_1.4.0/stm32cubeide/plugins/com.st.stm32cube.ide.mcu.externaltools.gnu-tools-for-stm32.9-2020-q2-update.win32_1.5.0.202011040924/tools/bin/../lib/gcc/arm-none-eabi/9.3.1/../../../../arm-none-eabi/lib/thumb/v7e-m+fp/hard\libc_nano.a(lib_a-init.o)
                0x00000000081007b0                __libc_init_array
 *(.glue_7)
 .glue_7        0x00000000081007f8        0x0 linker stubs
 *(.glue_7t)
 .glue_7t       0x00000000081007f8        0x0 linker stubs
 *(.eh_frame)
 .eh_frame      0x00000000081007f8        0x0 c:/st/stm32cubeide_1.4.0/stm32cubeide/plugins/com.st.stm32cube.ide.mcu.externaltools.gnu-tools-for-stm32.9-2020-q2-update.win32_1.5.0.202011040924/tools/bin/../lib/gcc/arm-none-eabi/9.3.1/thumb/v7e-m+fp/hard/crtbegin.o
 *(.init)
 .init          0x00000000081007f8        0x4 c:/st/stm32cubeide_1.4.0/stm32cubeide/plugins/com.st.stm32cube.ide.mcu.externaltools.gnu-tools-for-stm32.9-2020-q2-update.win32_1.5.0.202011040924/tools/bin/../lib/gcc/arm-none-eabi/9.3.1/thumb/v7e-m+fp/hard/crti.o
                0x00000000081007f8                _init
 .init          0x00000000081007fc        0x8 c:/st/stm32cubeide_1.4.0/stm32cubeide/plugins/com.st.stm32cube.ide.mcu.externaltools.gnu-tools-for-stm32.9-2020-q2-update.win32_1.5.0.202011040924/tools/bin/../lib/gcc/arm-none-eabi/9.3.1/thumb/v7e-m+fp/hard/crtn.o
 *(.fini)
 .fini          0x0000000008100804        0x4 c:/st/stm32cubeide_1.4.0/stm32cubeide/plugins/com.st.stm32cube.ide.mcu.externaltools.gnu-tools-for-stm32.9-2020-q2-update.win32_1.5.0.202011040924/tools/bin/../lib/gcc/arm-none-eabi/9.3.1/thumb/v7e-m+fp/hard/crti.o
                0x0000000008100804                _fini
 .fini          0x0000000008100808        0x8 c:/st/stm32cubeide_1.4.0/stm32cubeide/plugins/com.st.stm32cube.ide.mcu.externaltools.gnu-tools-for-stm32.9-2020-q2-update.win32_1.5.0.202011040924/tools/bin/../lib/gcc/arm-none-eabi/9.3.1/thumb/v7e-m+fp/hard/crtn.o
                0x0000000008100810                . = ALIGN (0x4)
                0x0000000008100810                _etext = .

.vfp11_veneer   0x0000000008100810        0x0
 .vfp11_veneer  0x0000000008100810        0x0 linker stubs

.v4_bx          0x0000000008100810        0x0
 .v4_bx         0x0000000008100810        0x0 linker stubs

.iplt           0x0000000008100810        0x0
 .iplt          0x0000000008100810        0x0 c:/st/stm32cubeide_1.4.0/stm32cubeide/plugins/com.st.stm32cube.ide.mcu.externaltools.gnu-tools-for-stm32.9-2020-q2-update.win32_1.5.0.202011040924/tools/bin/../lib/gcc/arm-none-eabi/9.3.1/thumb/v7e-m+fp/hard/crtbegin.o

.rodata         0x0000000008100810       0x10
                0x0000000008100810                . = ALIGN (0x4)
 *(.rodata)
 *(.rodata*)
 .rodata.D1CorePrescTable
                0x0000000008100810       0x10 Common/Src/system_stm32h7xx_dualcore_boot_cm4_cm7.o
                0x0000000008100810                D1CorePrescTable
                0x0000000008100820                . = ALIGN (0x4)

.rel.dyn        0x0000000008100820        0x0
 .rel.iplt      0x0000000008100820        0x0 c:/st/stm32cubeide_1.4.0/stm32cubeide/plugins/com.st.stm32cube.ide.mcu.externaltools.gnu-tools-for-stm32.9-2020-q2-update.win32_1.5.0.202011040924/tools/bin/../lib/gcc/arm-none-eabi/9.3.1/thumb/v7e-m+fp/hard/crtbegin.o

.ARM.extab
 *(.ARM.extab* .gnu.linkonce.armextab.*)

.ARM            0x0000000008100820        0x0
                0x0000000008100820                __exidx_start = .
 *(.ARM.exidx*)
                0x0000000008100820                __exidx_end = .

.preinit_array  0x0000000008100820        0x0
                0x0000000008100820                PROVIDE (__preinit_array_start = .)
 *(.preinit_array*)
                0x0000000008100820                PROVIDE (__preinit_array_end = .)

.init_array     0x0000000008100820        0x4
                0x0000000008100820                PROVIDE (__init_array_start = .)
 *(SORT_BY_NAME(.init_array.*))
 *(.init_array*)
 .init_array    0x0000000008100820        0x4 c:/st/stm32cubeide_1.4.0/stm32cubeide/plugins/com.st.stm32cube.ide.mcu.externaltools.gnu-tools-for-stm32.9-2020-q2-update.win32_1.5.0.202011040924/tools/bin/../lib/gcc/arm-none-eabi/9.3.1/thumb/v7e-m+fp/hard/crtbegin.o
                0x0000000008100824                PROVIDE (__init_array_end = .)

.fini_array     0x0000000008100824        0x4
                [!provide]                        PROVIDE (__fini_array_start = .)
 *(SORT_BY_NAME(.fini_array.*))
 *(.fini_array*)
 .fini_array    0x0000000008100824        0x4 c:/st/stm32cubeide_1.4.0/stm32cubeide/plugins/com.st.stm32cube.ide.mcu.externaltools.gnu-tools-for-stm32.9-2020-q2-update.win32_1.5.0.202011040924/tools/bin/../lib/gcc/arm-none-eabi/9.3.1/thumb/v7e-m+fp/hard/crtbegin.o
                [!provide]                        PROVIDE (__fini_array_end = .)
                0x0000000008100828                _sidata = LOADADDR (.data)

.data           0x0000000010000000       0x10 load address 0x0000000008100828
                0x0000000010000000                . = ALIGN (0x4)
                0x0000000010000000                _sdata = .
 *(.data)
 *(.data*)
 .data.SystemCoreClock
                0x0000000010000000        0x4 Common/Src/system_stm32h7xx_dualcore_boot_cm4_cm7.o
                0x0000000010000000                SystemCoreClock
 .data.SystemD2Clock
                0x0000000010000004        0x4 Common/Src/system_stm32h7xx_dualcore_boot_cm4_cm7.o
                0x0000000010000004                SystemD2Clock
 .data.uwTickFreq
                0x0000000010000008        0x1 Drivers/STM32H7xx_HAL_Driver/stm32h7xx_hal.o
                0x0000000010000008                uwTickFreq
 *fill*         0x0000000010000009        0x3 
 .data.uwTickPrio
                0x000000001000000c        0x4 Drivers/STM32H7xx_HAL_Driver/stm32h7xx_hal.o
                0x000000001000000c                uwTickPrio
 *(.RamFunc)
 *(.RamFunc*)
                0x0000000010000010                . = ALIGN (0x4)
                0x0000000010000010                _edata = .

.igot.plt       0x0000000010000010        0x0 load address 0x0000000008100838
 .igot.plt      0x0000000010000010        0x0 c:/st/stm32cubeide_1.4.0/stm32cubeide/plugins/com.st.stm32cube.ide.mcu.externaltools.gnu-tools-for-stm32.9-2020-q2-update.win32_1.5.0.202011040924/tools/bin/../lib/gcc/arm-none-eabi/9.3.1/thumb/v7e-m+fp/hard/crtbegin.o
                0x0000000010000010                . = ALIGN (0x4)

.bss            0x0000000010000010       0x20 load address 0x0000000008100838
                0x0000000010000010                _sbss = .
                0x0000000010000010                __bss_start__ = _sbss
 *(.bss)
 .bss           0x0000000010000010       0x1c c:/st/stm32cubeide_1.4.0/stm32cubeide/plugins/com.st.stm32cube.ide.mcu.externaltools.gnu-tools-for-stm32.9-2020-q2-update.win32_1.5.0.202011040924/tools/bin/../lib/gcc/arm-none-eabi/9.3.1/thumb/v7e-m+fp/hard/crtbegin.o
 *(.bss*)
 *(COMMON)
 COMMON         0x000000001000002c        0x4 Drivers/STM32H7xx_HAL_Driver/stm32h7xx_hal.o
                0x000000001000002c                uwTick
                0x0000000010000030                . = ALIGN (0x4)
                0x0000000010000030                _ebss = .
                0x0000000010000030                __bss_end__ = _ebss

._user_heap_stack
                0x0000000010000030      0x600 load address 0x0000000008100838
                0x0000000010000030                . = ALIGN (0x8)
                [!provide]                        PROVIDE (end = .)
                0x0000000010000030                PROVIDE (_end = .)
                0x0000000010000230                . = (. + _Min_Heap_Size)
 *fill*         0x0000000010000030      0x200 
                0x0000000010000630                . = (. + _Min_Stack_Size)
 *fill*         0x0000000010000230      0x400 
                0x0000000010000630                . = ALIGN (0x8)

/DISCARD/
 libc.a(*)
 libm.a(*)
 libgcc.a(*)

.ARM.attributes
                0x0000000000000000       0x30
 *(.ARM.attributes)
 .ARM.attributes
                0x0000000000000000       0x1e c:/st/stm32cubeide_1.4.0/stm32cubeide/plugins/com.st.stm32cube.ide.mcu.externaltools.gnu-tools-for-stm32.9-2020-q2-update.win32_1.5.0.202011040924/tools/bin/../lib/gcc/arm-none-eabi/9.3.1/thumb/v7e-m+fp/hard/crti.o
 .ARM.attributes
                0x000000000000001e       0x34 c:/st/stm32cubeide_1.4.0/stm32cubeide/plugins/com.st.stm32cube.ide.mcu.externaltools.gnu-tools-for-stm32.9-2020-q2-update.win32_1.5.0.202011040924/tools/bin/../lib/gcc/arm-none-eabi/9.3.1/thumb/v7e-m+fp/hard/crtbegin.o
 .ARM.attributes
                0x0000000000000052       0x34 Common/Src/system_stm32h7xx_dualcore_boot_cm4_cm7.o
 .ARM.attributes
                0x0000000000000086       0x34 Core/Src/main.o
 .ARM.attributes
                0x00000000000000ba       0x34 Core/Src/stm32h7xx_hal_msp.o
 .ARM.attributes
                0x00000000000000ee       0x34 Core/Src/stm32h7xx_it.o
 .ARM.attributes
                0x0000000000000122       0x21 Core/Startup/startup_stm32h747xihx.o
 .ARM.attributes
                0x0000000000000143       0x34 Drivers/STM32H7xx_HAL_Driver/stm32h7xx_hal.o
 .ARM.attributes
                0x0000000000000177       0x34 Drivers/STM32H7xx_HAL_Driver/stm32h7xx_hal_cortex.o
 .ARM.attributes
                0x00000000000001ab       0x34 Drivers/STM32H7xx_HAL_Driver/stm32h7xx_hal_hsem.o
 .ARM.attributes
                0x00000000000001df       0x34 Drivers/STM32H7xx_HAL_Driver/stm32h7xx_hal_pwr_ex.o
 .ARM.attributes
                0x0000000000000213       0x34 Drivers/STM32H7xx_HAL_Driver/stm32h7xx_hal_rcc.o
 .ARM.attributes
                0x0000000000000247       0x34 c:/st/stm32cubeide_1.4.0/stm32cubeide/plugins/com.st.stm32cube.ide.mcu.externaltools.gnu-tools-for-stm32.9-2020-q2-update.win32_1.5.0.202011040924/tools/bin/../lib/gcc/arm-none-eabi/9.3.1/../../../../arm-none-eabi/lib/thumb/v7e-m+fp/hard\libc_nano.a(lib_a-init.o)
 .ARM.attributes
                0x000000000000027b       0x1e c:/st/stm32cubeide_1.4.0/stm32cubeide/plugins/com.st.stm32cube.ide.mcu.externaltools.gnu-tools-for-stm32.9-2020-q2-update.win32_1.5.0.202011040924/tools/bin/../lib/gcc/arm-none-eabi/9.3.1/thumb/v7e-m+fp/hard/crtn.o
OUTPUT(stm32h747-gameboy_CM4.elf elf32-littlearm)
LOAD linker stubs
LOAD c:/st/stm32cubeide_1.4.0/stm32cubeide/plugins/com.st.stm32cube.ide.mcu.externaltools.gnu-tools-for-stm32.9-2020-q2-update.win32_1.5.0.202011040924/tools/bin/../lib/gcc/arm-none-eabi/9.3.1/../../../../arm-none-eabi/lib/thumb/v7e-m+fp/hard\libc.a
LOAD c:/st/stm32cubeide_1.4.0/stm32cubeide/plugins/com.st.stm32cube.ide.mcu.externaltools.gnu-tools-for-stm32.9-2020-q2-update.win32_1.5.0.202011040924/tools/bin/../lib/gcc/arm-none-eabi/9.3.1/../../../../arm-none-eabi/lib/thumb/v7e-m+fp/hard\libm.a
LOAD c:/st/stm32cubeide_1.4.0/stm32cubeide/plugins/com.st.stm32cube.ide.mcu.externaltools.gnu-tools-for-stm32.9-2020-q2-update.win32_1.5.0.202011040924/tools/bin/../lib/gcc/arm-none-eabi/9.3.1/thumb/v7e-m+fp/hard\libgcc.a

.debug_info     0x0000000000000000     0xc69b
 .debug_info    0x0000000000000000     0x1226 Common/Src/system_stm32h7xx_dualcore_boot_cm4_cm7.o
 .debug_info    0x0000000000001226     0x12e3 Core/Src/main.o
 .debug_info    0x0000000000002509      0xb9f Core/Src/stm32h7xx_hal_msp.o
 .debug_info    0x00000000000030a8      0xc24 Core/Src/stm32h7xx_it.o
 .debug_info    0x0000000000003ccc       0x22 Core/Startup/startup_stm32h747xihx.o
 .debug_info    0x0000000000003cee     0x23b5 Drivers/STM32H7xx_HAL_Driver/stm32h7xx_hal.o
 .debug_info    0x00000000000060a3     0x1cd1 Drivers/STM32H7xx_HAL_Driver/stm32h7xx_hal_cortex.o
 .debug_info    0x0000000000007d74      0xf0b Drivers/STM32H7xx_HAL_Driver/stm32h7xx_hal_hsem.o
 .debug_info    0x0000000000008c7f     0x1d5b Drivers/STM32H7xx_HAL_Driver/stm32h7xx_hal_pwr_ex.o
 .debug_info    0x000000000000a9da     0x1cc1 Drivers/STM32H7xx_HAL_Driver/stm32h7xx_hal_rcc.o

.debug_abbrev   0x0000000000000000     0x1c19
 .debug_abbrev  0x0000000000000000      0x257 Common/Src/system_stm32h7xx_dualcore_boot_cm4_cm7.o
 .debug_abbrev  0x0000000000000257      0x2c0 Core/Src/main.o
 .debug_abbrev  0x0000000000000517      0x1ef Core/Src/stm32h7xx_hal_msp.o
 .debug_abbrev  0x0000000000000706      0x246 Core/Src/stm32h7xx_it.o
 .debug_abbrev  0x000000000000094c       0x12 Core/Startup/startup_stm32h747xihx.o
 .debug_abbrev  0x000000000000095e      0x3cc Drivers/STM32H7xx_HAL_Driver/stm32h7xx_hal.o
 .debug_abbrev  0x0000000000000d2a      0x456 Drivers/STM32H7xx_HAL_Driver/stm32h7xx_hal_cortex.o
 .debug_abbrev  0x0000000000001180      0x317 Drivers/STM32H7xx_HAL_Driver/stm32h7xx_hal_hsem.o
 .debug_abbrev  0x0000000000001497      0x3f8 Drivers/STM32H7xx_HAL_Driver/stm32h7xx_hal_pwr_ex.o
 .debug_abbrev  0x000000000000188f      0x38a Drivers/STM32H7xx_HAL_Driver/stm32h7xx_hal_rcc.o

.debug_loc      0x0000000000000000     0x2019
 .debug_loc     0x0000000000000000      0x1b2 Common/Src/system_stm32h7xx_dualcore_boot_cm4_cm7.o
 .debug_loc     0x00000000000001b2      0x6bc Drivers/STM32H7xx_HAL_Driver/stm32h7xx_hal.o
 .debug_loc     0x000000000000086e      0x799 Drivers/STM32H7xx_HAL_Driver/stm32h7xx_hal_cortex.o
 .debug_loc     0x0000000000001007      0x171 Drivers/STM32H7xx_HAL_Driver/stm32h7xx_hal_hsem.o
 .debug_loc     0x0000000000001178      0x68d Drivers/STM32H7xx_HAL_Driver/stm32h7xx_hal_pwr_ex.o
 .debug_loc     0x0000000000001805      0x814 Drivers/STM32H7xx_HAL_Driver/stm32h7xx_hal_rcc.o

.debug_aranges  0x0000000000000000      0x5c0
 .debug_aranges
                0x0000000000000000       0x28 Common/Src/system_stm32h7xx_dualcore_boot_cm4_cm7.o
 .debug_aranges
                0x0000000000000028       0x28 Core/Src/main.o
 .debug_aranges
                0x0000000000000050       0x20 Core/Src/stm32h7xx_hal_msp.o
 .debug_aranges
                0x0000000000000070       0x48 Core/Src/stm32h7xx_it.o
 .debug_aranges
                0x00000000000000b8       0x28 Core/Startup/startup_stm32h747xihx.o
 .debug_aranges
                0x00000000000000e0      0x1f8 Drivers/STM32H7xx_HAL_Driver/stm32h7xx_hal.o
 .debug_aranges
                0x00000000000002d8       0xb0 Drivers/STM32H7xx_HAL_Driver/stm32h7xx_hal_cortex.o
 .debug_aranges
                0x0000000000000388       0x70 Drivers/STM32H7xx_HAL_Driver/stm32h7xx_hal_hsem.o
 .debug_aranges
                0x00000000000003f8      0x140 Drivers/STM32H7xx_HAL_Driver/stm32h7xx_hal_pwr_ex.o
 .debug_aranges
                0x0000000000000538       0x88 Drivers/STM32H7xx_HAL_Driver/stm32h7xx_hal_rcc.o

.debug_ranges   0x0000000000000000      0x820
 .debug_ranges  0x0000000000000000       0x18 Common/Src/system_stm32h7xx_dualcore_boot_cm4_cm7.o
 .debug_ranges  0x0000000000000018       0x40 Core/Src/main.o
 .debug_ranges  0x0000000000000058       0x10 Core/Src/stm32h7xx_hal_msp.o
 .debug_ranges  0x0000000000000068       0x38 Core/Src/stm32h7xx_it.o
 .debug_ranges  0x00000000000000a0       0x20 Core/Startup/startup_stm32h747xihx.o
 .debug_ranges  0x00000000000000c0      0x218 Drivers/STM32H7xx_HAL_Driver/stm32h7xx_hal.o
 .debug_ranges  0x00000000000002d8      0x1c8 Drivers/STM32H7xx_HAL_Driver/stm32h7xx_hal_cortex.o
 .debug_ranges  0x00000000000004a0       0x60 Drivers/STM32H7xx_HAL_Driver/stm32h7xx_hal_hsem.o
 .debug_ranges  0x0000000000000500      0x1a8 Drivers/STM32H7xx_HAL_Driver/stm32h7xx_hal_pwr_ex.o
 .debug_ranges  0x00000000000006a8      0x178 Drivers/STM32H7xx_HAL_Driver/stm32h7xx_hal_rcc.o

.debug_macro    0x0000000000000000    0x3e1cf
 .debug_macro   0x0000000000000000      0x2b9 Common/Src/system_stm32h7xx_dualcore_boot_cm4_cm7.o
 .debug_macro   0x00000000000002b9      0xaae Common/Src/system_stm32h7xx_dualcore_boot_cm4_cm7.o
 .debug_macro   0x0000000000000d67       0x2e Common/Src/system_stm32h7xx_dualcore_boot_cm4_cm7.o
 .debug_macro   0x0000000000000d95       0x3b Common/Src/system_stm32h7xx_dualcore_boot_cm4_cm7.o
 .debug_macro   0x0000000000000dd0       0x22 Common/Src/system_stm32h7xx_dualcore_boot_cm4_cm7.o
 .debug_macro   0x0000000000000df2       0x8e Common/Src/system_stm32h7xx_dualcore_boot_cm4_cm7.o
 .debug_macro   0x0000000000000e80       0x51 Common/Src/system_stm32h7xx_dualcore_boot_cm4_cm7.o
 .debug_macro   0x0000000000000ed1      0x103 Common/Src/system_stm32h7xx_dualcore_boot_cm4_cm7.o
 .debug_macro   0x0000000000000fd4       0x6a Common/Src/system_stm32h7xx_dualcore_boot_cm4_cm7.o
 .debug_macro   0x000000000000103e      0x1df Common/Src/system_stm32h7xx_dualcore_boot_cm4_cm7.o
 .debug_macro   0x000000000000121d       0x1c Common/Src/system_stm32h7xx_dualcore_boot_cm4_cm7.o
 .debug_macro   0x0000000000001239       0x22 Common/Src/system_stm32h7xx_dualcore_boot_cm4_cm7.o
 .debug_macro   0x000000000000125b      0x101 Common/Src/system_stm32h7xx_dualcore_boot_cm4_cm7.o
 .debug_macro   0x000000000000135c     0x1011 Common/Src/system_stm32h7xx_dualcore_boot_cm4_cm7.o
 .debug_macro   0x000000000000236d      0x11f Common/Src/system_stm32h7xx_dualcore_boot_cm4_cm7.o
 .debug_macro   0x000000000000248c    0x2c269 Common/Src/system_stm32h7xx_dualcore_boot_cm4_cm7.o
 .debug_macro   0x000000000002e6f5       0x43 Common/Src/system_stm32h7xx_dualcore_boot_cm4_cm7.o
 .debug_macro   0x000000000002e738       0xd2 Common/Src/system_stm32h7xx_dualcore_boot_cm4_cm7.o
 .debug_macro   0x000000000002e80a     0x3cd3 Common/Src/system_stm32h7xx_dualcore_boot_cm4_cm7.o
 .debug_macro   0x00000000000324dd      0x174 Common/Src/system_stm32h7xx_dualcore_boot_cm4_cm7.o
 .debug_macro   0x0000000000032651       0x52 Common/Src/system_stm32h7xx_dualcore_boot_cm4_cm7.o
 .debug_macro   0x00000000000326a3       0x18 Common/Src/system_stm32h7xx_dualcore_boot_cm4_cm7.o
 .debug_macro   0x00000000000326bb       0x3c Common/Src/system_stm32h7xx_dualcore_boot_cm4_cm7.o
 .debug_macro   0x00000000000326f7       0x34 Common/Src/system_stm32h7xx_dualcore_boot_cm4_cm7.o
 .debug_macro   0x000000000003272b       0x16 Common/Src/system_stm32h7xx_dualcore_boot_cm4_cm7.o
 .debug_macro   0x0000000000032741       0x43 Common/Src/system_stm32h7xx_dualcore_boot_cm4_cm7.o
 .debug_macro   0x0000000000032784       0x34 Common/Src/system_stm32h7xx_dualcore_boot_cm4_cm7.o
 .debug_macro   0x00000000000327b8       0x10 Common/Src/system_stm32h7xx_dualcore_boot_cm4_cm7.o
 .debug_macro   0x00000000000327c8       0x58 Common/Src/system_stm32h7xx_dualcore_boot_cm4_cm7.o
 .debug_macro   0x0000000000032820       0x71 Common/Src/system_stm32h7xx_dualcore_boot_cm4_cm7.o
 .debug_macro   0x0000000000032891       0x1c Common/Src/system_stm32h7xx_dualcore_boot_cm4_cm7.o
 .debug_macro   0x00000000000328ad      0x12a Common/Src/system_stm32h7xx_dualcore_boot_cm4_cm7.o
 .debug_macro   0x00000000000329d7      0x333 Common/Src/system_stm32h7xx_dualcore_boot_cm4_cm7.o
 .debug_macro   0x0000000000032d0a      0x1a9 Common/Src/system_stm32h7xx_dualcore_boot_cm4_cm7.o
 .debug_macro   0x0000000000032eb3       0x5d Common/Src/system_stm32h7xx_dualcore_boot_cm4_cm7.o
 .debug_macro   0x0000000000032f10     0x3ae3 Common/Src/system_stm32h7xx_dualcore_boot_cm4_cm7.o
 .debug_macro   0x00000000000369f3     0x106b Common/Src/system_stm32h7xx_dualcore_boot_cm4_cm7.o
 .debug_macro   0x0000000000037a5e      0x14d Common/Src/system_stm32h7xx_dualcore_boot_cm4_cm7.o
 .debug_macro   0x0000000000037bab      0x133 Common/Src/system_stm32h7xx_dualcore_boot_cm4_cm7.o
 .debug_macro   0x0000000000037cde      0x3c5 Common/Src/system_stm32h7xx_dualcore_boot_cm4_cm7.o
 .debug_macro   0x00000000000380a3       0x27 Common/Src/system_stm32h7xx_dualcore_boot_cm4_cm7.o
 .debug_macro   0x00000000000380ca      0x72d Common/Src/system_stm32h7xx_dualcore_boot_cm4_cm7.o
 .debug_macro   0x00000000000387f7      0x229 Common/Src/system_stm32h7xx_dualcore_boot_cm4_cm7.o
 .debug_macro   0x0000000000038a20       0x66 Common/Src/system_stm32h7xx_dualcore_boot_cm4_cm7.o
 .debug_macro   0x0000000000038a86      0x408 Common/Src/system_stm32h7xx_dualcore_boot_cm4_cm7.o
 .debug_macro   0x0000000000038e8e      0x244 Common/Src/system_stm32h7xx_dualcore_boot_cm4_cm7.o
 .debug_macro   0x00000000000390d2     0x1036 Common/Src/system_stm32h7xx_dualcore_boot_cm4_cm7.o
 .debug_macro   0x000000000003a108      0x6c5 Common/Src/system_stm32h7xx_dualcore_boot_cm4_cm7.o
 .debug_macro   0x000000000003a7cd      0x36e Common/Src/system_stm32h7xx_dualcore_boot_cm4_cm7.o
 .debug_macro   0x000000000003ab3b      0x3cb Common/Src/system_stm32h7xx_dualcore_boot_cm4_cm7.o
 .debug_macro   0x000000000003af06      0x4a2 Common/Src/system_stm32h7xx_dualcore_boot_cm4_cm7.o
 .debug_macro   0x000000000003b3a8       0x51 Common/Src/system_stm32h7xx_dualcore_boot_cm4_cm7.o
 .debug_macro   0x000000000003b3f9       0x4a Common/Src/system_stm32h7xx_dualcore_boot_cm4_cm7.o
 .debug_macro   0x000000000003b443      0x22c Common/Src/system_stm32h7xx_dualcore_boot_cm4_cm7.o
 .debug_macro   0x000000000003b66f       0x67 Common/Src/system_stm32h7xx_dualcore_boot_cm4_cm7.o
 .debug_macro   0x000000000003b6d6       0xa5 Common/Src/system_stm32h7xx_dualcore_boot_cm4_cm7.o
 .debug_macro   0x000000000003b77b      0x219 Common/Src/system_stm32h7xx_dualcore_boot_cm4_cm7.o
 .debug_macro   0x000000000003b994      0x2eb Common/Src/system_stm32h7xx_dualcore_boot_cm4_cm7.o
 .debug_macro   0x000000000003bc7f       0x35 Common/Src/system_stm32h7xx_dualcore_boot_cm4_cm7.o
 .debug_macro   0x000000000003bcb4      0x67e Common/Src/system_stm32h7xx_dualcore_boot_cm4_cm7.o
 .debug_macro   0x000000000003c332       0xa6 Common/Src/system_stm32h7xx_dualcore_boot_cm4_cm7.o
 .debug_macro   0x000000000003c3d8      0x798 Common/Src/system_stm32h7xx_dualcore_boot_cm4_cm7.o
 .debug_macro   0x000000000003cb70      0x2c3 Core/Src/main.o
 .debug_macro   0x000000000003ce33      0x2bd Core/Src/stm32h7xx_hal_msp.o
 .debug_macro   0x000000000003d0f0      0x2c7 Core/Src/stm32h7xx_it.o
 .debug_macro   0x000000000003d3b7      0x2dd Drivers/STM32H7xx_HAL_Driver/stm32h7xx_hal.o
 .debug_macro   0x000000000003d694      0x2b3 Drivers/STM32H7xx_HAL_Driver/stm32h7xx_hal_cortex.o
 .debug_macro   0x000000000003d947      0x2c5 Drivers/STM32H7xx_HAL_Driver/stm32h7xx_hal_hsem.o
 .debug_macro   0x000000000003dc0c      0x2ec Drivers/STM32H7xx_HAL_Driver/stm32h7xx_hal_pwr_ex.o
 .debug_macro   0x000000000003def8      0x2d7 Drivers/STM32H7xx_HAL_Driver/stm32h7xx_hal_rcc.o

.debug_line     0x0000000000000000     0x803a
 .debug_line    0x0000000000000000      0xaab Common/Src/system_stm32h7xx_dualcore_boot_cm4_cm7.o
 .debug_line    0x0000000000000aab      0x961 Core/Src/main.o
 .debug_line    0x000000000000140c      0x8cf Core/Src/stm32h7xx_hal_msp.o
 .debug_line    0x0000000000001cdb      0x984 Core/Src/stm32h7xx_it.o
 .debug_line    0x000000000000265f       0x88 Core/Startup/startup_stm32h747xihx.o
 .debug_line    0x00000000000026e7     0x1257 Drivers/STM32H7xx_HAL_Driver/stm32h7xx_hal.o
 .debug_line    0x000000000000393e      0xf72 Drivers/STM32H7xx_HAL_Driver/stm32h7xx_hal_cortex.o
 .debug_line    0x00000000000048b0      0xa8c Drivers/STM32H7xx_HAL_Driver/stm32h7xx_hal_hsem.o
 .debug_line    0x000000000000533c     0x1317 Drivers/STM32H7xx_HAL_Driver/stm32h7xx_hal_pwr_ex.o
 .debug_line    0x0000000000006653     0x19e7 Drivers/STM32H7xx_HAL_Driver/stm32h7xx_hal_rcc.o

.debug_str      0x0000000000000000   0x19ed8c
 .debug_str     0x0000000000000000   0x19c6e5 Common/Src/system_stm32h7xx_dualcore_boot_cm4_cm7.o
                                     0x19cde1 (size before relaxing)
 .debug_str     0x000000000019c6e5       0xf2 Core/Src/main.o
                                     0x19cddd (size before relaxing)
 .debug_str     0x000000000019c7d7       0x3a Core/Src/stm32h7xx_hal_msp.o
                                     0x19caa4 (size before relaxing)
 .debug_str     0x000000000019c811       0xc9 Core/Src/stm32h7xx_it.o
                                     0x19cb33 (size before relaxing)
 .debug_str     0x000000000019c8da       0x36 Core/Startup/startup_stm32h747xihx.o
                                         0x7d (size before relaxing)
 .debug_str     0x000000000019c910     0x126f Drivers/STM32H7xx_HAL_Driver/stm32h7xx_hal.o
                                     0x19e0a9 (size before relaxing)
 .debug_str     0x000000000019db7f      0x3aa Drivers/STM32H7xx_HAL_Driver/stm32h7xx_hal_cortex.o
                                     0x19d89f (size before relaxing)
 .debug_str     0x000000000019df29      0x1dd Drivers/STM32H7xx_HAL_Driver/stm32h7xx_hal_hsem.o
                                     0x19cce5 (size before relaxing)
 .debug_str     0x000000000019e106      0x6d5 Drivers/STM32H7xx_HAL_Driver/stm32h7xx_hal_pwr_ex.o
                                     0x19d49e (size before relaxing)
 .debug_str     0x000000000019e7db      0x5b1 Drivers/STM32H7xx_HAL_Driver/stm32h7xx_hal_rcc.o
                                     0x19d37b (size before relaxing)

.comment        0x0000000000000000       0x53
 .comment       0x0000000000000000       0x53 Common/Src/system_stm32h7xx_dualcore_boot_cm4_cm7.o
                                         0x54 (size before relaxing)
 .comment       0x0000000000000053       0x54 Core/Src/main.o
 .comment       0x0000000000000053       0x54 Core/Src/stm32h7xx_hal_msp.o
 .comment       0x0000000000000053       0x54 Core/Src/stm32h7xx_it.o
 .comment       0x0000000000000053       0x54 Drivers/STM32H7xx_HAL_Driver/stm32h7xx_hal.o
 .comment       0x0000000000000053       0x54 Drivers/STM32H7xx_HAL_Driver/stm32h7xx_hal_cortex.o
 .comment       0x0000000000000053       0x54 Drivers/STM32H7xx_HAL_Driver/stm32h7xx_hal_hsem.o
 .comment       0x0000000000000053       0x54 Drivers/STM32H7xx_HAL_Driver/stm32h7xx_hal_pwr_ex.o
 .comment       0x0000000000000053       0x54 Drivers/STM32H7xx_HAL_Driver/stm32h7xx_hal_rcc.o

.debug_frame    0x0000000000000000      0xd58
 .debug_frame   0x0000000000000000       0x40 Common/Src/system_stm32h7xx_dualcore_boot_cm4_cm7.o
 .debug_frame   0x0000000000000040       0x38 Core/Src/main.o
 .debug_frame   0x0000000000000078       0x30 Core/Src/stm32h7xx_hal_msp.o
 .debug_frame   0x00000000000000a8       0xa0 Core/Src/stm32h7xx_it.o
 .debug_frame   0x0000000000000148      0x480 Drivers/STM32H7xx_HAL_Driver/stm32h7xx_hal.o
 .debug_frame   0x00000000000005c8      0x194 Drivers/STM32H7xx_HAL_Driver/stm32h7xx_hal_cortex.o
 .debug_frame   0x000000000000075c       0xc8 Drivers/STM32H7xx_HAL_Driver/stm32h7xx_hal_hsem.o
 .debug_frame   0x0000000000000824      0x340 Drivers/STM32H7xx_HAL_Driver/stm32h7xx_hal_pwr_ex.o
 .debug_frame   0x0000000000000b64      0x1c8 Drivers/STM32H7xx_HAL_Driver/stm32h7xx_hal_rcc.o
 .debug_frame   0x0000000000000d2c       0x2c c:/st/stm32cubeide_1.4.0/stm32cubeide/plugins/com.st.stm32cube.ide.mcu.externaltools.gnu-tools-for-stm32.9-2020-q2-update.win32_1.5.0.202011040924/tools/bin/../lib/gcc/arm-none-eabi/9.3.1/../../../../arm-none-eabi/lib/thumb/v7e-m+fp/hard\libc_nano.a(lib_a-init.o)
